Archive member included to satisfy reference by file (symbol)

/home/user/.pico-sdk/toolchain/14_2_Rel1/bin/../lib/gcc/arm-none-eabi/14.2.1/../../../../arm-none-eabi/lib/thumb/v8-m.main+fp/softfp/libm.a(libm_a-wf_sqrt.o)
                              CMakeFiles/proj-pico2w.dir/home/user/.pico-sdk/sdk/2.1.1/src/rp2_common/pico_float/float_math.c.o (sqrtf)
/home/user/.pico-sdk/toolchain/14_2_Rel1/bin/../lib/gcc/arm-none-eabi/14.2.1/../../../../arm-none-eabi/lib/thumb/v8-m.main+fp/softfp/libm.a(libm_a-ef_sqrt.o)
                              /home/user/.pico-sdk/toolchain/14_2_Rel1/bin/../lib/gcc/arm-none-eabi/14.2.1/../../../../arm-none-eabi/lib/thumb/v8-m.main+fp/softfp/libm.a(libm_a-wf_sqrt.o) (__ieee754_sqrtf)
/home/user/.pico-sdk/toolchain/14_2_Rel1/bin/../lib/gcc/arm-none-eabi/14.2.1/thumb/v8-m.main+fp/softfp/libgcc.a(_arm_addsubdf3.o)
                              CMakeFiles/proj-pico2w.dir/home/user/.pico-sdk/sdk/2.1.1/src/rp2_common/pico_float/float_math.c.o (__aeabi_f2d)
/home/user/.pico-sdk/toolchain/14_2_Rel1/bin/../lib/gcc/arm-none-eabi/14.2.1/thumb/v8-m.main+fp/softfp/libgcc.a(_aeabi_ldivmod.o)
                              CMakeFiles/proj-pico2w.dir/home/user/.pico-sdk/sdk/2.1.1/src/common/pico_time/time.c.o (__aeabi_ldivmod)
/home/user/.pico-sdk/toolchain/14_2_Rel1/bin/../lib/gcc/arm-none-eabi/14.2.1/thumb/v8-m.main+fp/softfp/libgcc.a(_aeabi_uldivmod.o)
                              CMakeFiles/proj-pico2w.dir/home/user/.pico-sdk/sdk/2.1.1/src/rp2_common/hardware_clocks/clocks.c.o (__aeabi_uldivmod)
/home/user/.pico-sdk/toolchain/14_2_Rel1/bin/../lib/gcc/arm-none-eabi/14.2.1/thumb/v8-m.main+fp/softfp/libgcc.a(_udivmoddi4.o)
                              /home/user/.pico-sdk/toolchain/14_2_Rel1/bin/../lib/gcc/arm-none-eabi/14.2.1/thumb/v8-m.main+fp/softfp/libgcc.a(_aeabi_ldivmod.o) (__udivmoddi4)
/home/user/.pico-sdk/toolchain/14_2_Rel1/bin/../lib/gcc/arm-none-eabi/14.2.1/thumb/v8-m.main+fp/softfp/libgcc.a(unwind-arm.o)
                              CMakeFiles/proj-pico2w.dir/proj-pico2w.cpp.o (__aeabi_unwind_cpp_pr0)
/home/user/.pico-sdk/toolchain/14_2_Rel1/bin/../lib/gcc/arm-none-eabi/14.2.1/thumb/v8-m.main+fp/softfp/libgcc.a(libunwind.o)
                              /home/user/.pico-sdk/toolchain/14_2_Rel1/bin/../lib/gcc/arm-none-eabi/14.2.1/thumb/v8-m.main+fp/softfp/libgcc.a(unwind-arm.o) (restore_core_regs)
/home/user/.pico-sdk/toolchain/14_2_Rel1/bin/../lib/gcc/arm-none-eabi/14.2.1/thumb/v8-m.main+fp/softfp/libgcc.a(pr-support.o)
                              /home/user/.pico-sdk/toolchain/14_2_Rel1/bin/../lib/gcc/arm-none-eabi/14.2.1/thumb/v8-m.main+fp/softfp/libgcc.a(unwind-arm.o) (__gnu_unwind_execute)
/home/user/.pico-sdk/toolchain/14_2_Rel1/bin/../lib/gcc/arm-none-eabi/14.2.1/thumb/v8-m.main+fp/softfp/libgcc.a(_dvmd_tls.o)
                              /home/user/.pico-sdk/toolchain/14_2_Rel1/bin/../lib/gcc/arm-none-eabi/14.2.1/thumb/v8-m.main+fp/softfp/libgcc.a(_aeabi_ldivmod.o) (__aeabi_ldiv0)
/home/user/.pico-sdk/toolchain/14_2_Rel1/bin/../lib/gcc/arm-none-eabi/14.2.1/../../../../arm-none-eabi/lib/thumb/v8-m.main+fp/softfp/libg.a(libc_a-abort.o)
                              /home/user/.pico-sdk/toolchain/14_2_Rel1/bin/../lib/gcc/arm-none-eabi/14.2.1/thumb/v8-m.main+fp/softfp/libgcc.a(unwind-arm.o) (abort)
/home/user/.pico-sdk/toolchain/14_2_Rel1/bin/../lib/gcc/arm-none-eabi/14.2.1/../../../../arm-none-eabi/lib/thumb/v8-m.main+fp/softfp/libg.a(libc_a-calloc.o)
                              CMakeFiles/proj-pico2w.dir/home/user/.pico-sdk/sdk/2.1.1/src/rp2_common/pico_malloc/malloc.c.o (calloc)
/home/user/.pico-sdk/toolchain/14_2_Rel1/bin/../lib/gcc/arm-none-eabi/14.2.1/../../../../arm-none-eabi/lib/thumb/v8-m.main+fp/softfp/libg.a(libc_a-callocr.o)
                              /home/user/.pico-sdk/toolchain/14_2_Rel1/bin/../lib/gcc/arm-none-eabi/14.2.1/../../../../arm-none-eabi/lib/thumb/v8-m.main+fp/softfp/libg.a(libc_a-calloc.o) (_calloc_r)
/home/user/.pico-sdk/toolchain/14_2_Rel1/bin/../lib/gcc/arm-none-eabi/14.2.1/../../../../arm-none-eabi/lib/thumb/v8-m.main+fp/softfp/libg.a(libc_a-malloc.o)
                              CMakeFiles/proj-pico2w.dir/home/user/.pico-sdk/sdk/2.1.1/src/rp2_common/pico_malloc/malloc.c.o (malloc)
/home/user/.pico-sdk/toolchain/14_2_Rel1/bin/../lib/gcc/arm-none-eabi/14.2.1/../../../../arm-none-eabi/lib/thumb/v8-m.main+fp/softfp/libg.a(libc_a-mallocr.o)
                              /home/user/.pico-sdk/toolchain/14_2_Rel1/bin/../lib/gcc/arm-none-eabi/14.2.1/../../../../arm-none-eabi/lib/thumb/v8-m.main+fp/softfp/libg.a(libc_a-callocr.o) (_malloc_r)
/home/user/.pico-sdk/toolchain/14_2_Rel1/bin/../lib/gcc/arm-none-eabi/14.2.1/../../../../arm-none-eabi/lib/thumb/v8-m.main+fp/softfp/libg.a(libc_a-mlock.o)
                              /home/user/.pico-sdk/toolchain/14_2_Rel1/bin/../lib/gcc/arm-none-eabi/14.2.1/../../../../arm-none-eabi/lib/thumb/v8-m.main+fp/softfp/libg.a(libc_a-mallocr.o) (__malloc_lock)
[...]
Memory Configuration

Name             Origin             Length             Attributes
FLASH            0x10000000         0x00400000         xr
RAM              0x20000000         0x00080000         xrw
SCRATCH_X        0x20080000         0x00001000         xrw
SCRATCH_Y        0x20081000         0x00001000         xrw
*default*        0x00000000         0xffffffff

Linker script and memory map

LOAD /home/user/.pico-sdk/toolchain/14_2_Rel1/bin/../lib/gcc/arm-none-eabi/14.2.1/thumb/v8-m.main+fp/softfp/crti.o
LOAD /home/user/.pico-sdk/toolchain/14_2_Rel1/bin/../lib/gcc/arm-none-eabi/14.2.1/thumb/v8-m.main+fp/softfp/crtbegin.o
LOAD /home/user/.pico-sdk/toolchain/14_2_Rel1/bin/../lib/gcc/arm-none-eabi/14.2.1/../../../../arm-none-eabi/lib/thumb/v8-m.main+fp/softfp/crt0.o

.flash_begin    0x10000000        0x0
                0x10000000                        __flash_binary_start = .

.text           0x10000000     0x1c58
                0x10000000                        __logical_binary_start = .
 *(.vectors)
 .vectors       0x10000000      0x124 CMakeFiles/proj-pico2w.dir/home/user/.pico-sdk/sdk/2.1.1/src/rp2_common/pico_crt0/crt0.S.o
                0x10000000                __vectors
                0x10000000                __VECTOR_TABLE
                0x10000110                isr_invalid
                0x10000110                __default_isrs_start
                0x10000112                isr_nmi
                0x10000114                isr_hardfault
                0x10000116                isr_svcall
                0x10000118                isr_pendsv
                0x1000011a                isr_systick
                0x1000011c                isr_irq30
                0x1000011c                __unhandled_user_irq
                0x1000011c                isr_irq49
                0x1000011c                isr_irq13
                0x1000011c                isr_irq43
                0x1000011c                isr_irq45
                0x1000011c                isr_irq27
                0x1000011c                isr_irq32
                0x1000011c                isr_irq31
                0x1000011c                isr_irq5
                0x1000011c                isr_irq11
                0x1000011c                isr_irq23
                0x1000011c                isr_irq48
                0x1000011c                isr_irq35
                0x1000011c                isr_irq18
                0x1000011c                isr_irq50
                0x1000011c                isr_irq40
                0x1000011c                isr_irq28
                0x1000011c                isr_irq19
                0x1000011c                isr_irq36
                0x1000011c                isr_irq41
                0x1000011c                isr_irq0
                0x1000011c                isr_irq6
                0x1000011c                isr_irq37
                0x1000011c                isr_irq42
                0x1000011c                isr_irq22
                0x1000011c                isr_irq17
                0x1000011c                isr_irq38
                0x1000011c                isr_irq14
                0x1000011c                isr_irq2
                0x1000011c                isr_irq10
                0x1000011c                isr_irq8
                0x1000011c                isr_irq24
                0x1000011c                isr_irq46
                0x1000011c                isr_irq1
                0x1000011c                isr_irq47
                0x1000011c                isr_irq51
                0x1000011c                isr_irq7
                0x1000011c                isr_irq21
                0x1000011c                isr_irq39
                0x1000011c                isr_irq20
                0x1000011c                isr_irq15
                0x1000011c                isr_irq25
                0x1000011c                isr_irq34
                0x1000011c                isr_irq4
                0x1000011c                isr_irq16
                0x1000011c                isr_irq44
                0x1000011c                isr_irq29
                0x1000011c                isr_irq26
                0x1000011c                __default_isrs_end
                0x1000011c                isr_irq33
                0x1000011c                isr_irq3
                0x1000011c                isr_irq12
                0x1000011c                isr_irq9
                0x10000122                unhandled_user_irq_num_in_r0
 *(.binary_info_header)
 .binary_info_header
                0x10000124       0x14 CMakeFiles/proj-pico2w.dir/home/user/.pico-sdk/sdk/2.1.1/src/rp2_common/pico_crt0/crt0.S.o
                0x10000138                        __binary_info_header_end = .
 *(.embedded_block)
 .embedded_block
                0x10000138       0x14 CMakeFiles/proj-pico2w.dir/home/user/.pico-sdk/sdk/2.1.1/src/rp2_common/pico_crt0/crt0.S.o
                0x1000014c                        __embedded_block_end = .
 *(.reset)
 .reset         0x1000014c       0xa0 CMakeFiles/proj-pico2w.dir/home/user/.pico-sdk/sdk/2.1.1/src/rp2_common/pico_crt0/crt0.S.o
                0x1000014c                _entry_point
 *(.init)
 .init          0x100001ec        0x4 /home/user/.pico-sdk/toolchain/14_2_Rel1/bin/../lib/gcc/arm-none-eabi/14.2.1/thumb/v8-m.main+fp/softfp/crti.o
                0x100001ec                _init
 *libgcc.a:cmse_nonsecure_call.o()
 *(EXCLUDE_FILE(*libm.a: *libc.a:*lib_a-mem*.o *libgcc.a:) .text*)
 .text.register_tm_clones
                0x100001f0       0x28 /home/user/.pico-sdk/toolchain/14_2_Rel1/bin/../lib/gcc/arm-none-eabi/14.2.1/thumb/v8-m.main+fp/softfp/crtbegin.o
 .text.frame_dummy
                0x10000218       0x24 /home/user/.pico-sdk/toolchain/14_2_Rel1/bin/../lib/gcc/arm-none-eabi/14.2.1/thumb/v8-m.main+fp/softfp/crtbegin.o
 .text.startup.main
                0x1000023c       0xa8 CMakeFiles/proj-pico2w.dir/proj-pico2w.cpp.o
                0x1000023c                main
 .text.gpio_set_function
                0x100002e4       0x3c CMakeFiles/proj-pico2w.dir/home/user/.pico-sdk/sdk/2.1.1/src/rp2_common/hardware_gpio/gpio.c.o
                0x100002e4                gpio_set_function
 .text.gpio_set_pulls
                0x10000320       0x28 CMakeFiles/proj-pico2w.dir/home/user/.pico-sdk/sdk/2.1.1/src/rp2_common/hardware_gpio/gpio.c.o
                0x10000320                gpio_set_pulls
 .text.gpio_init
                0x10000348       0x48 CMakeFiles/proj-pico2w.dir/home/user/.pico-sdk/sdk/2.1.1/src/rp2_common/hardware_gpio/gpio.c.o
                0x10000348                gpio_init
 .text.panic    0x10000390       0x30 CMakeFiles/proj-pico2w.dir/home/user/.pico-sdk/sdk/2.1.1/src/rp2_common/pico_platform_panic/panic.c.o
                0x10000390                panic
 .text.hw_claim_or_assert
                0x100003c0       0x58 CMakeFiles/proj-pico2w.dir/home/user/.pico-sdk/sdk/2.1.1/src/common/hardware_claim/claim.c.o
                0x100003c0                hw_claim_or_assert
 .text.next_striped_spin_lock_num
                0x10000418       0x18 CMakeFiles/proj-pico2w.dir/home/user/.pico-sdk/sdk/2.1.1/src/rp2_common/hardware_sync/sync.c.o
                0x10000418                next_striped_spin_lock_num
 .text.spinlock_set_extexclall
                0x10000430       0x10 CMakeFiles/proj-pico2w.dir/home/user/.pico-sdk/sdk/2.1.1/src/rp2_common/hardware_sync_spin_lock/sync_spin_lock.c.o
 .text.spin_locks_reset
                0x10000440       0x18 CMakeFiles/proj-pico2w.dir/home/user/.pico-sdk/sdk/2.1.1/src/rp2_common/hardware_sync_spin_lock/sync_spin_lock.c.o
                0x10000440                spin_locks_reset
 .text.runtime_init_per_core_irq_priorities
                0x10000458       0x40 CMakeFiles/proj-pico2w.dir/home/user/.pico-sdk/sdk/2.1.1/src/rp2_common/hardware_irq/irq.c.o
                0x10000458                runtime_init_per_core_irq_priorities
 .text.irq_set_enabled
                0x10000498       0x2c CMakeFiles/proj-pico2w.dir/home/user/.pico-sdk/sdk/2.1.1/src/rp2_common/hardware_irq/irq.c.o
                0x10000498                irq_set_enabled
 .text.irq_set_exclusive_handler
                0x100004c4       0x60 CMakeFiles/proj-pico2w.dir/home/user/.pico-sdk/sdk/2.1.1/src/rp2_common/hardware_irq/irq.c.o
                0x100004c4                irq_set_exclusive_handler
 .text.irq_remove_handler
                0x10000524      0x1f4 CMakeFiles/proj-pico2w.dir/home/user/.pico-sdk/sdk/2.1.1/src/rp2_common/hardware_irq/irq.c.o
                0x10000524                irq_remove_handler
 .text.irq_add_tail_to_free_list
                0x10000718       0xbc CMakeFiles/proj-pico2w.dir/home/user/.pico-sdk/sdk/2.1.1/src/rp2_common/hardware_irq/irq.c.o
                0x10000718                irq_add_tail_to_free_list
 .text.lock_init
                0x100007d4        0xc CMakeFiles/proj-pico2w.dir/home/user/.pico-sdk/sdk/2.1.1/src/common/pico_sync/lock_core.c.o
                0x100007d4                lock_init
 .text.runtime_init_mutex
                0x100007e0       0x4c CMakeFiles/proj-pico2w.dir/home/user/.pico-sdk/sdk/2.1.1/src/common/pico_sync/mutex.c.o
                0x100007e0                runtime_init_mutex
 .text.sleep_until_callback
                0x1000082c       0x3c CMakeFiles/proj-pico2w.dir/home/user/.pico-sdk/sdk/2.1.1/src/common/pico_time/time.c.o
 .text.alarm_pool_irq_handler
                0x10000868      0x2f0 CMakeFiles/proj-pico2w.dir/home/user/.pico-sdk/sdk/2.1.1/src/common/pico_time/time.c.o
 .text.runtime_init_default_alarm_pool
                0x10000b58      0x100 CMakeFiles/proj-pico2w.dir/home/user/.pico-sdk/sdk/2.1.1/src/common/pico_time/time.c.o
                0x10000b58                runtime_init_default_alarm_pool
 .text.alarm_pool_add_alarm_at_force_in_context
                0x10000c58       0xc8 CMakeFiles/proj-pico2w.dir/home/user/.pico-sdk/sdk/2.1.1/src/common/pico_time/time.c.o
                0x10000c58                alarm_pool_add_alarm_at_force_in_context
 .text.alarm_pool_cancel_alarm
                0x10000d20       0x80 CMakeFiles/proj-pico2w.dir/home/user/.pico-sdk/sdk/2.1.1/src/common/pico_time/time.c.o
                0x10000d20                alarm_pool_cancel_alarm
 .text.best_effort_wfe_or_timeout
                0x10000da0       0xd4 CMakeFiles/proj-pico2w.dir/home/user/.pico-sdk/sdk/2.1.1/src/common/pico_time/time.c.o
                0x10000da0                best_effort_wfe_or_timeout
 .text.timer_hardware_alarm_claim
                0x10000e74       0x24 CMakeFiles/proj-pico2w.dir/home/user/.pico-sdk/sdk/2.1.1/src/rp2_common/hardware_timer/timer.c.o
                0x10000e74                timer_hardware_alarm_claim
 .text.timer_time_us_64
                0x10000e98       0x10 CMakeFiles/proj-pico2w.dir/home/user/.pico-sdk/sdk/2.1.1/src/rp2_common/hardware_timer/timer.c.o
                0x10000e98                timer_time_us_64
 .text.time_us_64
                0x10000ea8       0x14 CMakeFiles/proj-pico2w.dir/home/user/.pico-sdk/sdk/2.1.1/src/rp2_common/hardware_timer/timer.c.o
                0x10000ea8                time_us_64
 .text.busy_wait_us
                0x10000ebc       0x5c CMakeFiles/proj-pico2w.dir/home/user/.pico-sdk/sdk/2.1.1/src/rp2_common/hardware_timer/timer.c.o
                0x10000ebc                busy_wait_us
 .text.uart_init
                0x10000f18      0x104 CMakeFiles/proj-pico2w.dir/home/user/.pico-sdk/sdk/2.1.1/src/rp2_common/hardware_uart/uart.c.o
                0x10000f18                uart_init
 .text.clock_configure_undivided
                0x1000101c       0xd0 CMakeFiles/proj-pico2w.dir/home/user/.pico-sdk/sdk/2.1.1/src/rp2_common/hardware_clocks/clocks.c.o
                0x1000101c                clock_configure_undivided
 .text.clock_get_hz
                0x100010ec        0xc CMakeFiles/proj-pico2w.dir/home/user/.pico-sdk/sdk/2.1.1/src/rp2_common/hardware_clocks/clocks.c.o
                0x100010ec                clock_get_hz
 .text.pll_init
                0x100010f8       0x8c CMakeFiles/proj-pico2w.dir/home/user/.pico-sdk/sdk/2.1.1/src/rp2_common/hardware_pll/pll.c.o
                0x100010f8                pll_init
 .text.tick_start
                0x10001184       0x18 CMakeFiles/proj-pico2w.dir/home/user/.pico-sdk/sdk/2.1.1/src/rp2_common/hardware_ticks/ticks.c.o
                0x10001184                tick_start
 .text.rom_func_lookup
                0x1000119c       0x18 CMakeFiles/proj-pico2w.dir/home/user/.pico-sdk/sdk/2.1.1/src/rp2_common/pico_bootrom/bootrom.c.o
                0x1000119c                rom_func_lookup
 .text.runtime_init_bootrom_locking_enable
                0x100011b4       0x14 CMakeFiles/proj-pico2w.dir/home/user/.pico-sdk/sdk/2.1.1/src/rp2_common/pico_bootrom/bootrom_lock.c.o
                0x100011b4                runtime_init_bootrom_locking_enable
 .text.runtime_init_boot_locks_reset
                0x100011c8       0x1c CMakeFiles/proj-pico2w.dir/home/user/.pico-sdk/sdk/2.1.1/src/rp2_common/hardware_boot_lock/boot_lock.c.o
                0x100011c8                runtime_init_boot_locks_reset
 .text.xosc_init
                0x100011e4       0x30 CMakeFiles/proj-pico2w.dir/home/user/.pico-sdk/sdk/2.1.1/src/rp2_common/hardware_xosc/xosc.c.o
                0x100011e4                xosc_init
 .text.first_per_core_initializer
                0x10001214        0x4 CMakeFiles/proj-pico2w.dir/home/user/.pico-sdk/sdk/2.1.1/src/rp2_common/pico_runtime/runtime.c.o
 .text.hard_assertion_failure
                0x10001218        0xc CMakeFiles/proj-pico2w.dir/home/user/.pico-sdk/sdk/2.1.1/src/rp2_common/pico_runtime/runtime.c.o
                0x10001218                hard_assertion_failure
 .text.runtime_run_initializers
                0x10001224       0x20 CMakeFiles/proj-pico2w.dir/home/user/.pico-sdk/sdk/2.1.1/src/rp2_common/pico_runtime/runtime.c.o
                0x10001224                runtime_run_initializers
 .text.runtime_init_early_resets
                0x10001244       0x34 CMakeFiles/proj-pico2w.dir/home/user/.pico-sdk/sdk/2.1.1/src/rp2_common/pico_runtime_init/runtime_init.c.o
                0x10001244                runtime_init_early_resets
 .text.runtime_init_usb_power_down
                0x10001278       0x1c CMakeFiles/proj-pico2w.dir/home/user/.pico-sdk/sdk/2.1.1/src/rp2_common/pico_runtime_init/runtime_init.c.o
                0x10001278                runtime_init_usb_power_down
 .text.runtime_init_per_core_enable_coprocessors
                0x10001294       0x1c CMakeFiles/proj-pico2w.dir/home/user/.pico-sdk/sdk/2.1.1/src/rp2_common/pico_runtime_init/runtime_init.c.o
                0x10001294                runtime_init_per_core_enable_coprocessors
 .text.runtime_init_post_clock_resets
                0x100012b0       0x20 CMakeFiles/proj-pico2w.dir/home/user/.pico-sdk/sdk/2.1.1/src/rp2_common/pico_runtime_init/runtime_init.c.o
                0x100012b0                runtime_init_post_clock_resets
 .text.runtime_init_bootrom_reset
                0x100012d0       0x14 CMakeFiles/proj-pico2w.dir/home/user/.pico-sdk/sdk/2.1.1/src/rp2_common/pico_runtime_init/runtime_init.c.o
                0x100012d0                runtime_init_bootrom_reset
 .text.runtime_init_per_core_bootrom_reset
                0x100012e4       0x14 CMakeFiles/proj-pico2w.dir/home/user/.pico-sdk/sdk/2.1.1/src/rp2_common/pico_runtime_init/runtime_init.c.o
                0x100012e4                runtime_init_per_core_bootrom_reset
 .text.runtime_init_spin_locks_reset
                0x100012f8        0x4 CMakeFiles/proj-pico2w.dir/home/user/.pico-sdk/sdk/2.1.1/src/rp2_common/pico_runtime_init/runtime_init.c.o
                0x100012f8                runtime_init_spin_locks_reset
 .text.runtime_init_install_ram_vector_table
                0x100012fc       0x20 CMakeFiles/proj-pico2w.dir/home/user/.pico-sdk/sdk/2.1.1/src/rp2_common/pico_runtime_init/runtime_init.c.o
                0x100012fc                runtime_init_install_ram_vector_table
 .text.runtime_init_clocks
                0x1000131c       0xdc CMakeFiles/proj-pico2w.dir/home/user/.pico-sdk/sdk/2.1.1/src/rp2_common/pico_runtime_init/runtime_init_clocks.c.o
                0x1000131c                runtime_init_clocks
 .text._out_char
                0x100013f8        0x8 CMakeFiles/proj-pico2w.dir/home/user/.pico-sdk/sdk/2.1.1/src/rp2_common/pico_printf/printf.c.o
 .text.weak_raw_vprintf
                0x10001400       0x30 CMakeFiles/proj-pico2w.dir/home/user/.pico-sdk/sdk/2.1.1/src/rp2_common/pico_printf/printf.c.o
                0x10001400                weak_raw_vprintf
 .text._exit    0x10001430        0x4 CMakeFiles/proj-pico2w.dir/home/user/.pico-sdk/sdk/2.1.1/src/rp2_common/pico_clib_interface/newlib_interface.c.o
                0x10001430                _exit
 .text._getpid  0x10001434        0x4 CMakeFiles/proj-pico2w.dir/home/user/.pico-sdk/sdk/2.1.1/src/rp2_common/pico_clib_interface/newlib_interface.c.o
                0x10001434                _getpid
 .text._kill    0x10001438        0x8 CMakeFiles/proj-pico2w.dir/home/user/.pico-sdk/sdk/2.1.1/src/rp2_common/pico_clib_interface/newlib_interface.c.o
                0x10001438                _kill
 .text.exit     0x10001440        0x8 CMakeFiles/proj-pico2w.dir/home/user/.pico-sdk/sdk/2.1.1/src/rp2_common/pico_clib_interface/newlib_interface.c.o
                0x10001440                exit
 .text.runtime_init
                0x10001448       0x24 CMakeFiles/proj-pico2w.dir/home/user/.pico-sdk/sdk/2.1.1/src/rp2_common/pico_clib_interface/newlib_interface.c.o
                0x10001448                runtime_init
 .text.stdio_out_chars_no_crlf
                0x1000146c        0x8 CMakeFiles/proj-pico2w.dir/home/user/.pico-sdk/sdk/2.1.1/src/rp2_common/pico_stdio/stdio.c.o
 .text.stdio_out_chars_crlf
                0x10001474       0xb0 CMakeFiles/proj-pico2w.dir/home/user/.pico-sdk/sdk/2.1.1/src/rp2_common/pico_stdio/stdio.c.o
 .text.stdio_put_string
                0x10001524       0xec CMakeFiles/proj-pico2w.dir/home/user/.pico-sdk/sdk/2.1.1/src/rp2_common/pico_stdio/stdio.c.o
                0x10001524                stdio_put_string
 .text.stdio_set_driver_enabled
                0x10001610       0x28 CMakeFiles/proj-pico2w.dir/home/user/.pico-sdk/sdk/2.1.1/src/rp2_common/pico_stdio/stdio.c.o
                0x10001610                stdio_set_driver_enabled
 .text.stdio_init_all
                0x10001638        0xc CMakeFiles/proj-pico2w.dir/home/user/.pico-sdk/sdk/2.1.1/src/rp2_common/pico_stdio/stdio.c.o
                0x10001638                stdio_init_all
 .text.__wrap_putchar
                0x10001644       0x84 CMakeFiles/proj-pico2w.dir/home/user/.pico-sdk/sdk/2.1.1/src/rp2_common/pico_stdio/stdio.c.o
                0x10001644                stdio_putchar
                0x10001644                __wrap_putchar
 .text.__wrap_puts
                0x100016c8       0x3c CMakeFiles/proj-pico2w.dir/home/user/.pico-sdk/sdk/2.1.1/src/rp2_common/pico_stdio/stdio.c.o
                0x100016c8                __wrap_puts
                0x100016c8                stdio_puts
 .text.stdio_uart_out_chars
                0x10001704       0x50 CMakeFiles/proj-pico2w.dir/home/user/.pico-sdk/sdk/2.1.1/src/rp2_common/pico_stdio_uart/stdio_uart.c.o
 .text.stdio_uart_in_chars
                0x10001754       0x94 CMakeFiles/proj-pico2w.dir/home/user/.pico-sdk/sdk/2.1.1/src/rp2_common/pico_stdio_uart/stdio_uart.c.o
                0x10001754                stdio_uart_in_chars
 .text.on_uart_rx
                0x100017e8       0x24 CMakeFiles/proj-pico2w.dir/home/user/.pico-sdk/sdk/2.1.1/src/rp2_common/pico_stdio_uart/stdio_uart.c.o
 .text.stdio_uart_out_flush
                0x1000180c       0x10 CMakeFiles/proj-pico2w.dir/home/user/.pico-sdk/sdk/2.1.1/src/rp2_common/pico_stdio_uart/stdio_uart.c.o
 .text.stdio_uart_set_chars_available_callback
                0x1000181c       0x88 CMakeFiles/proj-pico2w.dir/home/user/.pico-sdk/sdk/2.1.1/src/rp2_common/pico_stdio_uart/stdio_uart.c.o
 .text.stdio_uart_init
                0x100018a4       0x54 CMakeFiles/proj-pico2w.dir/home/user/.pico-sdk/sdk/2.1.1/src/rp2_common/pico_stdio_uart/stdio_uart.c.o
                0x100018a4                stdio_uart_init
 .text.i2c_set_baudrate
                0x100018f8       0xa4 CMakeFiles/proj-pico2w.dir/home/user/.pico-sdk/sdk/2.1.1/src/rp2_common/hardware_i2c/i2c.c.o
                0x100018f8                i2c_set_baudrate
 .text.i2c_init
                0x1000199c       0x4c CMakeFiles/proj-pico2w.dir/home/user/.pico-sdk/sdk/2.1.1/src/rp2_common/hardware_i2c/i2c.c.o
                0x1000199c                i2c_init
 .text.startup._retrieve_unique_id_on_boot
                0x100019e8       0x30 CMakeFiles/proj-pico2w.dir/home/user/.pico-sdk/sdk/2.1.1/src/rp2_common/pico_unique_id/unique_id.c.o
 .text.abort    0x10001a18       0x10 /home/user/.pico-sdk/toolchain/14_2_Rel1/bin/../lib/gcc/arm-none-eabi/14.2.1/../../../../arm-none-eabi/lib/thumb/v8-m.main+fp/softfp/libg.a(libc_a-abort.o)
                0x10001a18                abort
 .text.raise    0x10001a28       0x58 /home/user/.pico-sdk/toolchain/14_2_Rel1/bin/../lib/gcc/arm-none-eabi/14.2.1/../../../../arm-none-eabi/lib/thumb/v8-m.main+fp/softfp/libg.a(libc_a-signal.o)
                0x10001a28                raise
 .text._kill_r  0x10001a80       0x2c /home/user/.pico-sdk/toolchain/14_2_Rel1/bin/../lib/gcc/arm-none-eabi/14.2.1/../../../../arm-none-eabi/lib/thumb/v8-m.main+fp/softfp/libg.a(libc_a-signalr.o)
                0x10001a80                _kill_r
 .text._getpid_r
                0x10001aac        0x4 /home/user/.pico-sdk/toolchain/14_2_Rel1/bin/../lib/gcc/arm-none-eabi/14.2.1/../../../../arm-none-eabi/lib/thumb/v8-m.main+fp/softfp/libg.a(libc_a-signalr.o)
                0x10001aac                _getpid_r
 .text          0x10001ab0       0xec /home/user/.pico-sdk/toolchain/14_2_Rel1/bin/../lib/gcc/arm-none-eabi/14.2.1/../../../../arm-none-eabi/lib/thumb/v8-m.main+fp/softfp/libg.a(libc_a-memcpy.o)
                0x10001ab0                memcpy
 .text.strlen   0x10001b9c       0x5c /home/user/.pico-sdk/toolchain/14_2_Rel1/bin/../lib/gcc/arm-none-eabi/14.2.1/../../../../arm-none-eabi/lib/thumb/v8-m.main+fp/softfp/libg.a(libc_a-strlen-stub.o)
                0x10001b9c                strlen
 *(.fini)
 .fini          0x10001bf8        0x4 /home/user/.pico-sdk/toolchain/14_2_Rel1/bin/../lib/gcc/arm-none-eabi/14.2.1/thumb/v8-m.main+fp/softfp/crti.o
                0x10001bf8                _fini
 *fill*         0x10001bfc        0x4 
 .fini.__stub   0x10001c00       0x10 linker stubs
 *crtbegin.o(.ctors)
 *crtbegin?.o(.ctors)
 *(EXCLUDE_FILE(*crtend.o *crtend?.o) .ctors)
 *(SORT_BY_NAME(.ctors.*))
 *(.ctors)
 *crtbegin.o(.dtors)
 *crtbegin?.o(.dtors)
 *(EXCLUDE_FILE(*crtend.o *crtend?.o) .dtors)
 *(SORT_BY_NAME(.dtors.*))
 *(.dtors)
                0x10001c10                        . = ALIGN (0x4)
                0x10001c10                        PROVIDE (__preinit_array_start = .)
 *(SORT_BY_NAME(.preinit_array.*))
 .preinit_array.00050
                0x10001c10        0x4 CMakeFiles/proj-pico2w.dir/home/user/.pico-sdk/sdk/2.1.1/src/rp2_common/pico_runtime_init/runtime_init.c.o
                0x10001c10                __pre_init_runtime_init_bootrom_reset
 .preinit_array.00100
                0x10001c14        0x4 CMakeFiles/proj-pico2w.dir/home/user/.pico-sdk/sdk/2.1.1/src/rp2_common/pico_runtime_init/runtime_init.c.o
                0x10001c14                __pre_init_runtime_init_early_resets
 .preinit_array.00101
                0x10001c18        0x4 CMakeFiles/proj-pico2w.dir/home/user/.pico-sdk/sdk/2.1.1/src/rp2_common/pico_runtime_init/runtime_init.c.o
                0x10001c18                __pre_init_runtime_init_usb_power_down
 .preinit_array.00500
                0x10001c1c        0x4 CMakeFiles/proj-pico2w.dir/home/user/.pico-sdk/sdk/2.1.1/src/rp2_common/pico_runtime_init/runtime_init.c.o
                0x10001c1c                __pre_init_runtime_init_clocks
 .preinit_array.00600
                0x10001c20        0x4 CMakeFiles/proj-pico2w.dir/home/user/.pico-sdk/sdk/2.1.1/src/rp2_common/pico_runtime_init/runtime_init.c.o
                0x10001c20                __pre_init_runtime_init_post_clock_resets
 .preinit_array.01000
                0x10001c24        0x4 CMakeFiles/proj-pico2w.dir/home/user/.pico-sdk/sdk/2.1.1/src/rp2_common/hardware_boot_lock/boot_lock.c.o
                0x10001c24                __pre_init_runtime_init_boot_locks_reset
 .preinit_array.01000
                0x10001c28        0x4 CMakeFiles/proj-pico2w.dir/home/user/.pico-sdk/sdk/2.1.1/src/rp2_common/pico_runtime_init/runtime_init.c.o
                0x10001c28                __pre_init_runtime_init_spin_locks_reset
 .preinit_array.01010
                0x10001c2c        0x4 CMakeFiles/proj-pico2w.dir/home/user/.pico-sdk/sdk/2.1.1/src/rp2_common/pico_bootrom/bootrom_lock.c.o
                0x10001c2c                __pre_init_runtime_init_bootrom_locking_enable
 .preinit_array.01100
                0x10001c30        0x4 CMakeFiles/proj-pico2w.dir/home/user/.pico-sdk/sdk/2.1.1/src/common/pico_sync/mutex.c.o
                0x10001c30                __pre_init_runtime_init_mutex
 .preinit_array.10080
                0x10001c34        0x4 CMakeFiles/proj-pico2w.dir/home/user/.pico-sdk/sdk/2.1.1/src/rp2_common/pico_runtime_init/runtime_init.c.o
                0x10001c34                __pre_init_runtime_init_install_ram_vector_table
 .preinit_array.11000
                0x10001c38        0x4 CMakeFiles/proj-pico2w.dir/home/user/.pico-sdk/sdk/2.1.1/src/common/pico_time/time.c.o
                0x10001c38                __pre_init_runtime_init_default_alarm_pool
 .preinit_array.YYYYY
                0x10001c3c        0x4 CMakeFiles/proj-pico2w.dir/home/user/.pico-sdk/sdk/2.1.1/src/rp2_common/pico_runtime/runtime.c.o
                0x10001c3c                __pre_init_first_per_core_initializer
 .preinit_array.ZZZZZ.00051
                0x10001c40        0x4 CMakeFiles/proj-pico2w.dir/home/user/.pico-sdk/sdk/2.1.1/src/rp2_common/pico_runtime_init/runtime_init.c.o
                0x10001c40                __pre_init_runtime_init_per_core_bootrom_reset
 .preinit_array.ZZZZZ.00200
                0x10001c44        0x4 CMakeFiles/proj-pico2w.dir/home/user/.pico-sdk/sdk/2.1.1/src/rp2_common/pico_runtime_init/runtime_init.c.o
                0x10001c44                __pre_init_runtime_init_per_core_enable_coprocessors
 .preinit_array.ZZZZZ.01000
                0x10001c48        0x4 CMakeFiles/proj-pico2w.dir/home/user/.pico-sdk/sdk/2.1.1/src/rp2_common/hardware_sync_spin_lock/sync_spin_lock.c.o
                0x10001c48                __pre_init_spinlock_set_extexclall
 .preinit_array.ZZZZZ.01200
                0x10001c4c        0x4 CMakeFiles/proj-pico2w.dir/home/user/.pico-sdk/sdk/2.1.1/src/rp2_common/hardware_irq/irq.c.o
                0x10001c4c                __pre_init_runtime_init_per_core_irq_priorities
 *(.preinit_array)
                0x10001c50                        PROVIDE (__preinit_array_end = .)
                0x10001c50                        . = ALIGN (0x4)
                0x10001c50                        PROVIDE (__init_array_start = .)
 *(SORT_BY_NAME(.init_array.*))
 *(.init_array)
 .init_array    0x10001c50        0x4 /home/user/.pico-sdk/toolchain/14_2_Rel1/bin/../lib/gcc/arm-none-eabi/14.2.1/thumb/v8-m.main+fp/softfp/crtbegin.o
 .init_array    0x10001c54        0x4 CMakeFiles/proj-pico2w.dir/home/user/.pico-sdk/sdk/2.1.1/src/rp2_common/pico_unique_id/unique_id.c.o
                0x10001c58                        PROVIDE (__init_array_end = .)
                0x10001c58                        . = ALIGN (0x4)
                [!provide]                        PROVIDE (__fini_array_start = .)
 *(SORT_BY_NAME(.fini_array.*))
 *(.fini_array)
                [!provide]                        PROVIDE (__fini_array_end = .)
 *(.eh_frame*)
 .eh_frame      0x10001c58        0x0 /home/user/.pico-sdk/toolchain/14_2_Rel1/bin/../lib/gcc/arm-none-eabi/14.2.1/thumb/v8-m.main+fp/softfp/crtbegin.o
                0x10001c58                        . = ALIGN (0x4)

.glue_7         0x10001c58        0x0
 .glue_7        0x10001c58        0x0 linker stubs

.glue_7t        0x10001c58        0x0
 .glue_7t       0x10001c58        0x0 linker stubs

.vfp11_veneer   0x10001c58        0x0
 .vfp11_veneer  0x10001c58        0x0 linker stubs

.v4_bx          0x10001c58        0x0
 .v4_bx         0x10001c58        0x0 linker stubs

.iplt           0x10001c58        0x0
 .iplt          0x10001c58        0x0 /home/user/.pico-sdk/toolchain/14_2_Rel1/bin/../lib/gcc/arm-none-eabi/14.2.1/thumb/v8-m.main+fp/softfp/crtbegin.o

.boot2          0x10001c58        0x0
                0x10001c58                        __boot2_start__ = .
 *(.boot2)
                0x10001c58                        __boot2_end__ = .
                0x00000001                        ASSERT (((__boot2_end__ - __boot2_start__) <= 0x100), ERROR: Pico second stage bootloader must be no more than 256 bytes in size)

.rodata         0x10001c58      0x134
 *(EXCLUDE_FILE(*libm.a: *libc.a:*lib_a-mem*.o *libgcc.a:) .rodata*)
 .rodata.panic.str1.4
                0x10001c58       0xb4 CMakeFiles/proj-pico2w.dir/home/user/.pico-sdk/sdk/2.1.1/src/rp2_common/pico_platform_panic/panic.c.o
                                 0x12 (size before relaxing)
 .rodata.timer_hardware_alarm_claim.str1.4
                0x10001d0c       0x22 CMakeFiles/proj-pico2w.dir/home/user/.pico-sdk/sdk/2.1.1/src/rp2_common/hardware_timer/timer.c.o
 .rodata.hard_assertion_failure.str1.4
                0x10001d0c        0xc CMakeFiles/proj-pico2w.dir/home/user/.pico-sdk/sdk/2.1.1/src/rp2_common/pico_runtime/runtime.c.o
 .rodata.str1.4
                0x10001d0c       0x44 CMakeFiles/proj-pico2w.dir/home/user/.pico-sdk/sdk/2.1.1/src/rp2_common/pico_standard_binary_info/standard_binary_info.c.o
 .rodata.__bi_84
                0x10001d0c        0xc CMakeFiles/proj-pico2w.dir/home/user/.pico-sdk/sdk/2.1.1/src/rp2_common/pico_standard_binary_info/standard_binary_info.c.o
 .rodata.__bi_78
                0x10001d18        0xc CMakeFiles/proj-pico2w.dir/home/user/.pico-sdk/sdk/2.1.1/src/rp2_common/pico_standard_binary_info/standard_binary_info.c.o
 .rodata.__bi_60
                0x10001d24        0xc CMakeFiles/proj-pico2w.dir/home/user/.pico-sdk/sdk/2.1.1/src/rp2_common/pico_standard_binary_info/standard_binary_info.c.o
 .rodata.__bi_54
                0x10001d30        0xc CMakeFiles/proj-pico2w.dir/home/user/.pico-sdk/sdk/2.1.1/src/rp2_common/pico_standard_binary_info/standard_binary_info.c.o
 .rodata.__bi_48
                0x10001d3c        0xc CMakeFiles/proj-pico2w.dir/home/user/.pico-sdk/sdk/2.1.1/src/rp2_common/pico_standard_binary_info/standard_binary_info.c.o
 .rodata.__bi_42
                0x10001d48        0xc CMakeFiles/proj-pico2w.dir/home/user/.pico-sdk/sdk/2.1.1/src/rp2_common/pico_standard_binary_info/standard_binary_info.c.o
 .rodata.__bi_34
                0x10001d54        0xc CMakeFiles/proj-pico2w.dir/home/user/.pico-sdk/sdk/2.1.1/src/rp2_common/pico_standard_binary_info/standard_binary_info.c.o
 .rodata.__bi_26
                0x10001d60        0xc CMakeFiles/proj-pico2w.dir/home/user/.pico-sdk/sdk/2.1.1/src/rp2_common/pico_standard_binary_info/standard_binary_info.c.o
 .rodata.crlf_str.0
                0x10001d6c        0x2 CMakeFiles/proj-pico2w.dir/home/user/.pico-sdk/sdk/2.1.1/src/rp2_common/pico_stdio/stdio.c.o
 .rodata.str1.4
                0x10001d6e       0x2c CMakeFiles/proj-pico2w.dir/home/user/.pico-sdk/sdk/2.1.1/src/rp2_common/pico_stdio_uart/stdio_uart.c.o
 *fill*         0x10001d6e        0x2 
 .rodata.__bi_45.4
                0x10001d70        0xc CMakeFiles/proj-pico2w.dir/home/user/.pico-sdk/sdk/2.1.1/src/rp2_common/pico_stdio_uart/stdio_uart.c.o
 .rodata.__bi_49.5
                0x10001d7c        0x8 CMakeFiles/proj-pico2w.dir/home/user/.pico-sdk/sdk/2.1.1/src/rp2_common/pico_stdio_uart/stdio_uart.c.o
 .rodata.__bi_50.6
                0x10001d84        0x8 CMakeFiles/proj-pico2w.dir/home/user/.pico-sdk/sdk/2.1.1/src/rp2_common/pico_stdio_uart/stdio_uart.c.o
 *(.srodata*)
                0x10001d8c                        . = ALIGN (0x4)
 *(SORT_BY_ALIGNMENT(SORT_BY_NAME(.flashdata*)))
                0x10001d8c                        . = ALIGN (0x4)

.ARM.extab      0x10001d8c        0xc
 *(.ARM.extab* .gnu.linkonce.armextab.*)
 .ARM.extab.text.__gnu_Unwind_Resume_or_Rethrow
                0x10001d8c        0xc /home/user/.pico-sdk/toolchain/14_2_Rel1/bin/../lib/gcc/arm-none-eabi/14.2.1/thumb/v8-m.main+fp/softfp/libgcc.a(unwind-arm.o)
                0x10001d98                        __exidx_start = .

.ARM.exidx      0x10001d98       0x98
 *(.ARM.exidx* .gnu.linkonce.armexidx.*)
 .ARM.exidx.text.startup.main
                0x10001d98       0x10 CMakeFiles/proj-pico2w.dir/proj-pico2w.cpp.o
                                  0x8 (size before relaxing)
 .ARM.exidx     0x10001da8        0x0 /home/user/.pico-sdk/toolchain/14_2_Rel1/bin/../lib/gcc/arm-none-eabi/14.2.1/../../../../arm-none-eabi/lib/thumb/v8-m.main+fp/softfp/libg.a(libc_a-memcpy.o)
                                  0x8 (size before relaxing)
 .ARM.exidx.text.selfrel_offset31
                0x10001da8        0x0 /home/user/.pico-sdk/toolchain/14_2_Rel1/bin/../lib/gcc/arm-none-eabi/14.2.1/thumb/v8-m.main+fp/softfp/libgcc.a(unwind-arm.o)
                                  0x8 (size before relaxing)
 .ARM.exidx.text.search_EIT_table
                0x10001da8        0x0 /home/user/.pico-sdk/toolchain/14_2_Rel1/bin/../lib/gcc/arm-none-eabi/14.2.1/thumb/v8-m.main+fp/softfp/libgcc.a(unwind-arm.o)
                                  0x8 (size before relaxing)
 .ARM.exidx.text.__gnu_unwind_get_pr_addr
                0x10001da8        0x0 /home/user/.pico-sdk/toolchain/14_2_Rel1/bin/../lib/gcc/arm-none-eabi/14.2.1/thumb/v8-m.main+fp/softfp/libgcc.a(unwind-arm.o)
                                  0x8 (size before relaxing)
 .ARM.exidx.text.get_eit_entry
                0x10001da8        0x8 /home/user/.pico-sdk/toolchain/14_2_Rel1/bin/../lib/gcc/arm-none-eabi/14.2.1/thumb/v8-m.main+fp/softfp/libgcc.a(unwind-arm.o)
 .ARM.exidx.text.restore_non_core_regs
                0x10001db0        0x8 /home/user/.pico-sdk/toolchain/14_2_Rel1/bin/../lib/gcc/arm-none-eabi/14.2.1/thumb/v8-m.main+fp/softfp/libgcc.a(unwind-arm.o)
 .ARM.exidx.text._Unwind_decode_typeinfo_ptr.constprop.0
                0x10001db8        0x8 /home/user/.pico-sdk/toolchain/14_2_Rel1/bin/../lib/gcc/arm-none-eabi/14.2.1/thumb/v8-m.main+fp/softfp/libgcc.a(unwind-arm.o)
 .ARM.exidx.text._Unwind_DebugHook
                0x10001dc0        0x0 /home/user/.pico-sdk/toolchain/14_2_Rel1/bin/../lib/gcc/arm-none-eabi/14.2.1/thumb/v8-m.main+fp/softfp/libgcc.a(unwind-arm.o)
                                  0x8 (size before relaxing)
 .ARM.exidx.text.unwind_phase2
                0x10001dc0        0x8 /home/user/.pico-sdk/toolchain/14_2_Rel1/bin/../lib/gcc/arm-none-eabi/14.2.1/thumb/v8-m.main+fp/softfp/libgcc.a(unwind-arm.o)
 .ARM.exidx.text.unwind_phase2_forced
                0x10001dc8        0x8 /home/user/.pico-sdk/toolchain/14_2_Rel1/bin/../lib/gcc/arm-none-eabi/14.2.1/thumb/v8-m.main+fp/softfp/libgcc.a(unwind-arm.o)
 .ARM.exidx.text.__gnu_Unwind_RaiseException
                0x10001dd0        0x8 /home/user/.pico-sdk/toolchain/14_2_Rel1/bin/../lib/gcc/arm-none-eabi/14.2.1/thumb/v8-m.main+fp/softfp/libgcc.a(unwind-arm.o)
 .ARM.exidx.text.__gnu_Unwind_ForcedUnwind
                0x10001dd8        0x8 /home/user/.pico-sdk/toolchain/14_2_Rel1/bin/../lib/gcc/arm-none-eabi/14.2.1/thumb/v8-m.main+fp/softfp/libgcc.a(unwind-arm.o)
 .ARM.exidx.text.__gnu_Unwind_Resume
                0x10001de0        0x8 /home/user/.pico-sdk/toolchain/14_2_Rel1/bin/../lib/gcc/arm-none-eabi/14.2.1/thumb/v8-m.main+fp/softfp/libgcc.a(unwind-arm.o)
 .ARM.exidx.text.__gnu_Unwind_Resume_or_Rethrow
                0x10001de8        0x8 /home/user/.pico-sdk/toolchain/14_2_Rel1/bin/../lib/gcc/arm-none-eabi/14.2.1/thumb/v8-m.main+fp/softfp/libgcc.a(unwind-arm.o)
 .ARM.exidx.text._Unwind_VRS_Get
                0x10001df0        0x8 /home/user/.pico-sdk/toolchain/14_2_Rel1/bin/../lib/gcc/arm-none-eabi/14.2.1/thumb/v8-m.main+fp/softfp/libgcc.a(unwind-arm.o)
 .ARM.exidx.text._Unwind_GetGR
                0x10001df8        0x0 /home/user/.pico-sdk/toolchain/14_2_Rel1/bin/../lib/gcc/arm-none-eabi/14.2.1/thumb/v8-m.main+fp/softfp/libgcc.a(unwind-arm.o)
                                  0x8 (size before relaxing)
 .ARM.exidx.text._Unwind_VRS_Set
                0x10001df8        0x0 /home/user/.pico-sdk/toolchain/14_2_Rel1/bin/../lib/gcc/arm-none-eabi/14.2.1/thumb/v8-m.main+fp/softfp/libgcc.a(unwind-arm.o)
                                  0x8 (size before relaxing)
 .ARM.exidx.text._Unwind_SetGR
                0x10001df8        0x0 /home/user/.pico-sdk/toolchain/14_2_Rel1/bin/../lib/gcc/arm-none-eabi/14.2.1/thumb/v8-m.main+fp/softfp/libgcc.a(unwind-arm.o)
                                  0x8 (size before relaxing)
 .ARM.exidx.text.__gnu_Unwind_Backtrace
                0x10001df8        0x8 /home/user/.pico-sdk/toolchain/14_2_Rel1/bin/../lib/gcc/arm-none-eabi/14.2.1/thumb/v8-m.main+fp/softfp/libgcc.a(unwind-arm.o)
 .ARM.exidx.text.__gnu_unwind_pr_common
                0x10001e00        0x8 /home/user/.pico-sdk/toolchain/14_2_Rel1/bin/../lib/gcc/arm-none-eabi/14.2.1/thumb/v8-m.main+fp/softfp/libgcc.a(unwind-arm.o)
 .ARM.exidx.text.__aeabi_unwind_cpp_pr0
                0x10001e08        0x8 /home/user/.pico-sdk/toolchain/14_2_Rel1/bin/../lib/gcc/arm-none-eabi/14.2.1/thumb/v8-m.main+fp/softfp/libgcc.a(unwind-arm.o)
 .ARM.exidx.text.__aeabi_unwind_cpp_pr1
                0x10001e10        0x0 /home/user/.pico-sdk/toolchain/14_2_Rel1/bin/../lib/gcc/arm-none-eabi/14.2.1/thumb/v8-m.main+fp/softfp/libgcc.a(unwind-arm.o)
                                  0x8 (size before relaxing)
 .ARM.exidx.text.__aeabi_unwind_cpp_pr2
                0x10001e10        0x0 /home/user/.pico-sdk/toolchain/14_2_Rel1/bin/../lib/gcc/arm-none-eabi/14.2.1/thumb/v8-m.main+fp/softfp/libgcc.a(unwind-arm.o)
                                  0x8 (size before relaxing)
 .ARM.exidx.text._Unwind_VRS_Pop
                0x10001e10       0x10 /home/user/.pico-sdk/toolchain/14_2_Rel1/bin/../lib/gcc/arm-none-eabi/14.2.1/thumb/v8-m.main+fp/softfp/libgcc.a(unwind-arm.o)
                                  0x8 (size before relaxing)
 .ARM.exidx.text.next_unwind_byte
                0x10001e20        0x0 /home/user/.pico-sdk/toolchain/14_2_Rel1/bin/../lib/gcc/arm-none-eabi/14.2.1/thumb/v8-m.main+fp/softfp/libgcc.a(pr-support.o)
                                  0x8 (size before relaxing)
 .ARM.exidx.text.__gnu_unwind_execute
                0x10001e20       0x10 /home/user/.pico-sdk/toolchain/14_2_Rel1/bin/../lib/gcc/arm-none-eabi/14.2.1/thumb/v8-m.main+fp/softfp/libgcc.a(pr-support.o)
                                  0x8 (size before relaxing)
                0x10001e30                        __exidx_end = .
                0x10001e30                        . = ALIGN (0x4)
                0x10001e30                        __binary_info_start = .

.binary_info    0x10001e30       0x2c
 *(.binary_info.keep.*)
 .binary_info.keep.__bi_ptr84
                0x10001e30        0x4 CMakeFiles/proj-pico2w.dir/home/user/.pico-sdk/sdk/2.1.1/src/rp2_common/pico_standard_binary_info/standard_binary_info.c.o
 .binary_info.keep.__bi_ptr78
                0x10001e34        0x4 CMakeFiles/proj-pico2w.dir/home/user/.pico-sdk/sdk/2.1.1/src/rp2_common/pico_standard_binary_info/standard_binary_info.c.o
 .binary_info.keep.__bi_ptr60
                0x10001e38        0x4 CMakeFiles/proj-pico2w.dir/home/user/.pico-sdk/sdk/2.1.1/src/rp2_common/pico_standard_binary_info/standard_binary_info.c.o
 .binary_info.keep.__bi_ptr54
                0x10001e3c        0x4 CMakeFiles/proj-pico2w.dir/home/user/.pico-sdk/sdk/2.1.1/src/rp2_common/pico_standard_binary_info/standard_binary_info.c.o
 .binary_info.keep.__bi_ptr48
                0x10001e40        0x4 CMakeFiles/proj-pico2w.dir/home/user/.pico-sdk/sdk/2.1.1/src/rp2_common/pico_standard_binary_info/standard_binary_info.c.o
 .binary_info.keep.__bi_ptr42
                0x10001e44        0x4 CMakeFiles/proj-pico2w.dir/home/user/.pico-sdk/sdk/2.1.1/src/rp2_common/pico_standard_binary_info/standard_binary_info.c.o
 .binary_info.keep.__bi_ptr34
                0x10001e48        0x4 CMakeFiles/proj-pico2w.dir/home/user/.pico-sdk/sdk/2.1.1/src/rp2_common/pico_standard_binary_info/standard_binary_info.c.o
 .binary_info.keep.__bi_ptr26
                0x10001e4c        0x4 CMakeFiles/proj-pico2w.dir/home/user/.pico-sdk/sdk/2.1.1/src/rp2_common/pico_standard_binary_info/standard_binary_info.c.o
 *(.binary_info.*)
 .binary_info.__bi_ptr50
                0x10001e50        0x4 CMakeFiles/proj-pico2w.dir/home/user/.pico-sdk/sdk/2.1.1/src/rp2_common/pico_stdio_uart/stdio_uart.c.o
 .binary_info.__bi_ptr49
                0x10001e54        0x4 CMakeFiles/proj-pico2w.dir/home/user/.pico-sdk/sdk/2.1.1/src/rp2_common/pico_stdio_uart/stdio_uart.c.o
 .binary_info.__bi_ptr45
                0x10001e58        0x4 CMakeFiles/proj-pico2w.dir/home/user/.pico-sdk/sdk/2.1.1/src/rp2_common/pico_stdio_uart/stdio_uart.c.o
                0x10001e5c                        __binary_info_end = .
                0x10001e5c                        . = ALIGN (0x4)

.ram_vector_table
                0x20000000      0x110
 *(.ram_vector_table)
 .ram_vector_table
                0x20000000      0x110 CMakeFiles/proj-pico2w.dir/home/user/.pico-sdk/sdk/2.1.1/src/rp2_common/pico_runtime_init/runtime_init.c.o
                0x20000000                ram_vector_table

.uninitialized_data
                0x20000110        0x0
                0x20000110                        . = ALIGN (0x4)
 *(.uninitialized_data*)

.data           0x20000110     0x1270 load address 0x10001e5c
                0x20000110                        __data_start__ = .
 *(vtable)
 *(.time_critical*)
 .time_critical.mutex_enter_block_until
                0x20000110       0x6c CMakeFiles/proj-pico2w.dir/home/user/.pico-sdk/sdk/2.1.1/src/common/pico_sync/mutex.c.o
                0x20000110                mutex_enter_block_until
 .time_critical.mutex_try_enter_block_until
                0x2000017c       0x68 CMakeFiles/proj-pico2w.dir/home/user/.pico-sdk/sdk/2.1.1/src/common/pico_sync/mutex.c.o
                0x2000017c                mutex_try_enter_block_until
 .time_critical.mutex_exit
                0x200001e4       0x3c CMakeFiles/proj-pico2w.dir/home/user/.pico-sdk/sdk/2.1.1/src/common/pico_sync/mutex.c.o
                0x200001e4                mutex_exit
 *(.text*)
 .text.selfrel_offset31
                0x20000220       0x14 /home/user/.pico-sdk/toolchain/14_2_Rel1/bin/../lib/gcc/arm-none-eabi/14.2.1/thumb/v8-m.main+fp/softfp/libgcc.a(unwind-arm.o)
 .text.search_EIT_table
                0x20000234       0x5c /home/user/.pico-sdk/toolchain/14_2_Rel1/bin/../lib/gcc/arm-none-eabi/14.2.1/thumb/v8-m.main+fp/softfp/libgcc.a(unwind-arm.o)
 .text.__gnu_unwind_get_pr_addr
                0x20000290       0x28 /home/user/.pico-sdk/toolchain/14_2_Rel1/bin/../lib/gcc/arm-none-eabi/14.2.1/thumb/v8-m.main+fp/softfp/libgcc.a(unwind-arm.o)
 .text.get_eit_entry
                0x200002b8       0x98 /home/user/.pico-sdk/toolchain/14_2_Rel1/bin/../lib/gcc/arm-none-eabi/14.2.1/thumb/v8-m.main+fp/softfp/libgcc.a(unwind-arm.o)
 .text.restore_non_core_regs
                0x20000350       0x58 /home/user/.pico-sdk/toolchain/14_2_Rel1/bin/../lib/gcc/arm-none-eabi/14.2.1/thumb/v8-m.main+fp/softfp/libgcc.a(unwind-arm.o)
 .text._Unwind_decode_typeinfo_ptr.constprop.0
                0x200003a8        0xc /home/user/.pico-sdk/toolchain/14_2_Rel1/bin/../lib/gcc/arm-none-eabi/14.2.1/thumb/v8-m.main+fp/softfp/libgcc.a(unwind-arm.o)
 .text._Unwind_DebugHook
                0x200003b4        0x4 /home/user/.pico-sdk/toolchain/14_2_Rel1/bin/../lib/gcc/arm-none-eabi/14.2.1/thumb/v8-m.main+fp/softfp/libgcc.a(unwind-arm.o)
 .text.unwind_phase2
                0x200003b8       0x40 /home/user/.pico-sdk/toolchain/14_2_Rel1/bin/../lib/gcc/arm-none-eabi/14.2.1/thumb/v8-m.main+fp/softfp/libgcc.a(unwind-arm.o)
 .text.unwind_phase2_forced
                0x200003f8       0xdc /home/user/.pico-sdk/toolchain/14_2_Rel1/bin/../lib/gcc/arm-none-eabi/14.2.1/thumb/v8-m.main+fp/softfp/libgcc.a(unwind-arm.o)
 .text.__gnu_Unwind_RaiseException
                0x200004d4       0x6c /home/user/.pico-sdk/toolchain/14_2_Rel1/bin/../lib/gcc/arm-none-eabi/14.2.1/thumb/v8-m.main+fp/softfp/libgcc.a(unwind-arm.o)
                0x200004d4                __gnu_Unwind_RaiseException
 .text.__gnu_Unwind_ForcedUnwind
                0x20000540       0x14 /home/user/.pico-sdk/toolchain/14_2_Rel1/bin/../lib/gcc/arm-none-eabi/14.2.1/thumb/v8-m.main+fp/softfp/libgcc.a(unwind-arm.o)
                0x20000540                __gnu_Unwind_ForcedUnwind
 .text.__gnu_Unwind_Resume
                0x20000554       0x44 /home/user/.pico-sdk/toolchain/14_2_Rel1/bin/../lib/gcc/arm-none-eabi/14.2.1/thumb/v8-m.main+fp/softfp/libgcc.a(unwind-arm.o)
                0x20000554                __gnu_Unwind_Resume
 .text.__gnu_Unwind_Resume_or_Rethrow
                0x20000598       0x20 /home/user/.pico-sdk/toolchain/14_2_Rel1/bin/../lib/gcc/arm-none-eabi/14.2.1/thumb/v8-m.main+fp/softfp/libgcc.a(unwind-arm.o)
                0x20000598                __gnu_Unwind_Resume_or_Rethrow
 .text._Unwind_VRS_Get
                0x200005b8       0x34 /home/user/.pico-sdk/toolchain/14_2_Rel1/bin/../lib/gcc/arm-none-eabi/14.2.1/thumb/v8-m.main+fp/softfp/libgcc.a(unwind-arm.o)
                0x200005b8                _Unwind_VRS_Get
 .text._Unwind_GetGR
                0x200005ec       0x18 /home/user/.pico-sdk/toolchain/14_2_Rel1/bin/../lib/gcc/arm-none-eabi/14.2.1/thumb/v8-m.main+fp/softfp/libgcc.a(unwind-arm.o)
 .text._Unwind_VRS_Set
                0x20000604       0x34 /home/user/.pico-sdk/toolchain/14_2_Rel1/bin/../lib/gcc/arm-none-eabi/14.2.1/thumb/v8-m.main+fp/softfp/libgcc.a(unwind-arm.o)
                0x20000604                _Unwind_VRS_Set
 .text._Unwind_SetGR
                0x20000638       0x18 /home/user/.pico-sdk/toolchain/14_2_Rel1/bin/../lib/gcc/arm-none-eabi/14.2.1/thumb/v8-m.main+fp/softfp/libgcc.a(unwind-arm.o)
 .text.__gnu_Unwind_Backtrace
                0x20000650       0x88 /home/user/.pico-sdk/toolchain/14_2_Rel1/bin/../lib/gcc/arm-none-eabi/14.2.1/thumb/v8-m.main+fp/softfp/libgcc.a(unwind-arm.o)
                0x20000650                __gnu_Unwind_Backtrace
 .text.__gnu_unwind_pr_common
                0x200006d8      0x2ac /home/user/.pico-sdk/toolchain/14_2_Rel1/bin/../lib/gcc/arm-none-eabi/14.2.1/thumb/v8-m.main+fp/softfp/libgcc.a(unwind-arm.o)
 .text.__aeabi_unwind_cpp_pr0
                0x20000984        0x8 /home/user/.pico-sdk/toolchain/14_2_Rel1/bin/../lib/gcc/arm-none-eabi/14.2.1/thumb/v8-m.main+fp/softfp/libgcc.a(unwind-arm.o)
                0x20000984                __aeabi_unwind_cpp_pr0
 .text.__aeabi_unwind_cpp_pr1
                0x2000098c        0x8 /home/user/.pico-sdk/toolchain/14_2_Rel1/bin/../lib/gcc/arm-none-eabi/14.2.1/thumb/v8-m.main+fp/softfp/libgcc.a(unwind-arm.o)
                0x2000098c                __aeabi_unwind_cpp_pr1
 .text.__aeabi_unwind_cpp_pr2
                0x20000994        0x8 /home/user/.pico-sdk/toolchain/14_2_Rel1/bin/../lib/gcc/arm-none-eabi/14.2.1/thumb/v8-m.main+fp/softfp/libgcc.a(unwind-arm.o)
                0x20000994                __aeabi_unwind_cpp_pr2
 .text._Unwind_VRS_Pop
                0x2000099c      0x308 /home/user/.pico-sdk/toolchain/14_2_Rel1/bin/../lib/gcc/arm-none-eabi/14.2.1/thumb/v8-m.main+fp/softfp/libgcc.a(unwind-arm.o)
                0x2000099c                _Unwind_VRS_Pop
 .text          0x20000ca4      0x1ac /home/user/.pico-sdk/toolchain/14_2_Rel1/bin/../lib/gcc/arm-none-eabi/14.2.1/thumb/v8-m.main+fp/softfp/libgcc.a(libunwind.o)
                0x20000ca4                __restore_core_regs
                0x20000ca4                restore_core_regs
                0x20000cbc                __gnu_Unwind_Restore_VFP
                0x20000cc4                __gnu_Unwind_Save_VFP
                0x20000ccc                __gnu_Unwind_Restore_VFP_D
                0x20000cd4                __gnu_Unwind_Save_VFP_D
                0x20000cdc                __gnu_Unwind_Restore_VFP_D_16_to_31
                0x20000ce4                __gnu_Unwind_Save_VFP_D_16_to_31
                0x20000cec                __gnu_Unwind_Restore_WMMXD
                0x20000d30                __gnu_Unwind_Save_WMMXD
                0x20000d74                __gnu_Unwind_Restore_WMMXC
                0x20000d88                __gnu_Unwind_Save_WMMXC
                0x20000d9c                ___Unwind_RaiseException
                0x20000d9c                _Unwind_RaiseException
                0x20000dc0                ___Unwind_Resume
                0x20000dc0                _Unwind_Resume
                0x20000de4                _Unwind_Resume_or_Rethrow
                0x20000de4                ___Unwind_Resume_or_Rethrow
                0x20000e08                ___Unwind_ForcedUnwind
                0x20000e08                _Unwind_ForcedUnwind
                0x20000e2c                _Unwind_Backtrace
                0x20000e2c                ___Unwind_Backtrace
 .text.next_unwind_byte
                0x20000e50       0x3c /home/user/.pico-sdk/toolchain/14_2_Rel1/bin/../lib/gcc/arm-none-eabi/14.2.1/thumb/v8-m.main+fp/softfp/libgcc.a(pr-support.o)
 .text.__gnu_unwind_execute
                0x20000e8c      0x308 /home/user/.pico-sdk/toolchain/14_2_Rel1/bin/../lib/gcc/arm-none-eabi/14.2.1/thumb/v8-m.main+fp/softfp/libgcc.a(pr-support.o)
                0x20000e8c                __gnu_unwind_execute
 *fill*         0x20001194        0x4 
 .text.__gnu_unwind_execute.__stub
                0x20001198       0x18 linker stubs
                0x200011b0                        . = ALIGN (0x4)
 *(.rodata*)
                0x200011b0                        . = ALIGN (0x4)
 *(.data*)
 .data.striped_spin_lock_num
                0x200011b0        0x1 CMakeFiles/proj-pico2w.dir/home/user/.pico-sdk/sdk/2.1.1/src/rp2_common/hardware_sync/sync.c.o
 *fill*         0x200011b1        0x3 
 .data          0x200011b4       0x48 CMakeFiles/proj-pico2w.dir/home/user/.pico-sdk/sdk/2.1.1/src/rp2_common/hardware_irq/irq_handler_chain.S.o
                0x200011b4                irq_handler_chain_slots
                0x200011e4                irq_handler_chain_first_slot
                0x200011ee                irq_handler_chain_remove_tail
 .data.default_alarm_pool
                0x200011fc       0x18 CMakeFiles/proj-pico2w.dir/home/user/.pico-sdk/sdk/2.1.1/src/common/pico_time/time.c.o
 .data.stdio_uart
                0x20001214       0x18 CMakeFiles/proj-pico2w.dir/home/user/.pico-sdk/sdk/2.1.1/src/rp2_common/pico_stdio_uart/stdio_uart.c.o
                0x20001214                stdio_uart
 .data.i2c0_inst
                0x2000122c        0x8 CMakeFiles/proj-pico2w.dir/home/user/.pico-sdk/sdk/2.1.1/src/rp2_common/hardware_i2c/i2c.c.o
                0x2000122c                i2c0_inst
 .data._impure_ptr
                0x20001234        0x4 /home/user/.pico-sdk/toolchain/14_2_Rel1/bin/../lib/gcc/arm-none-eabi/14.2.1/../../../../arm-none-eabi/lib/thumb/v8-m.main+fp/softfp/libg.a(libc_a-impure.o)
                0x20001234                _impure_ptr
 *fill*         0x20001238        0x0 
 .data._impure_data
                0x20001238      0x140 /home/user/.pico-sdk/toolchain/14_2_Rel1/bin/../lib/gcc/arm-none-eabi/14.2.1/../../../../arm-none-eabi/lib/thumb/v8-m.main+fp/softfp/libg.a(libc_a-impure.o)
                0x20001238                _impure_data
 *(.sdata*)
                0x20001378                        . = ALIGN (0x4)
 *(.after_data.*)
                0x20001378                        . = ALIGN (0x4)
                0x20001378                        PROVIDE (__mutex_array_start = .)
 *(SORT_BY_NAME(.mutex_array.*))
 *(.mutex_array)
 .mutex_array   0x20001378        0x8 CMakeFiles/proj-pico2w.dir/home/user/.pico-sdk/sdk/2.1.1/src/rp2_common/pico_stdio/stdio.c.o
                0x20001380                        PROVIDE (__mutex_array_end = .)
 *(.jcr)
                0x20001380                        . = ALIGN (0x4)

.tm_clone_table
                0x20001380        0x0 load address 0x100030cc
 .tm_clone_table
                0x20001380        0x0 /home/user/.pico-sdk/toolchain/14_2_Rel1/bin/../lib/gcc/arm-none-eabi/14.2.1/thumb/v8-m.main+fp/softfp/crtbegin.o
 .tm_clone_table
                0x20001380        0x0 /home/user/.pico-sdk/toolchain/14_2_Rel1/bin/../lib/gcc/arm-none-eabi/14.2.1/thumb/v8-m.main+fp/softfp/crtend.o

.igot.plt       0x20001380        0x0 load address 0x100030cc
 .igot.plt      0x20001380        0x0 /home/user/.pico-sdk/toolchain/14_2_Rel1/bin/../lib/gcc/arm-none-eabi/14.2.1/thumb/v8-m.main+fp/softfp/crtbegin.o

.tdata          0x20001380        0x0 load address 0x100030cc
                0x20001380                        . = ALIGN (0x4)
 *(.tdata .tdata.* .gnu.linkonce.td.*)
                0x20001380                        __tdata_end = .
                0x20001380                        PROVIDE (__data_end__ = .)
                0x10001e5c                        __etext = LOADADDR (.data)

.tbss           0x20001380        0x0 load address 0x100030cc
                0x20001380                        . = ALIGN (0x4)
                0x20001380                        __bss_start__ = .
                0x20001380                        __tls_base = .
 *(.tbss .tbss.* .gnu.linkonce.tb.*)
 *(.tcommon)
                0x20001380                        __tls_end = .

.bss            0x20001380      0x36c load address 0x100030cc
                0x20001380                        . = ALIGN (0x4)
                0x20001380                        __tbss_end = .
 *(SORT_BY_ALIGNMENT(SORT_BY_NAME(.bss*)))
 .bss.default_alarm_pool_entries
                0x20001380      0x180 CMakeFiles/proj-pico2w.dir/home/user/.pico-sdk/sdk/2.1.1/src/common/pico_time/time.c.o
 .bss.__sf      0x20001500      0x138 /home/user/.pico-sdk/toolchain/14_2_Rel1/bin/../lib/gcc/arm-none-eabi/14.2.1/../../../../arm-none-eabi/lib/thumb/v8-m.main+fp/softfp/libg.a(libc_a-findfp.o)
                0x20001500                __sf
 .bss._sw_spin_locks
                0x20001638       0x20 CMakeFiles/proj-pico2w.dir/home/user/.pico-sdk/sdk/2.1.1/src/rp2_common/hardware_sync_spin_lock/sync_spin_lock.c.o
                0x20001638                _sw_spin_locks
 .bss.chars_available_callback
                0x20001658        0x4 CMakeFiles/proj-pico2w.dir/home/user/.pico-sdk/sdk/2.1.1/src/rp2_common/pico_stdio_uart/stdio_uart.c.o
 .bss.chars_available_param
                0x2000165c        0x4 CMakeFiles/proj-pico2w.dir/home/user/.pico-sdk/sdk/2.1.1/src/rp2_common/pico_stdio_uart/stdio_uart.c.o
 .bss.claimed   0x20001660        0x2 CMakeFiles/proj-pico2w.dir/home/user/.pico-sdk/sdk/2.1.1/src/rp2_common/hardware_timer/timer.c.o
 *fill*         0x20001662        0x2 
 .bss.configured_freq
                0x20001664       0x28 CMakeFiles/proj-pico2w.dir/home/user/.pico-sdk/sdk/2.1.1/src/rp2_common/hardware_clocks/clocks.c.o
 .bss.drivers   0x2000168c        0x4 CMakeFiles/proj-pico2w.dir/home/user/.pico-sdk/sdk/2.1.1/src/rp2_common/pico_stdio/stdio.c.o
 .bss.errno     0x20001690        0x4 /home/user/.pico-sdk/toolchain/14_2_Rel1/bin/../lib/gcc/arm-none-eabi/14.2.1/../../../../arm-none-eabi/lib/thumb/v8-m.main+fp/softfp/libg.a(libc_a-reent.o)
                0x20001690                errno
 .bss.filter    0x20001694        0x4 CMakeFiles/proj-pico2w.dir/home/user/.pico-sdk/sdk/2.1.1/src/rp2_common/pico_stdio/stdio.c.o
 .bss.lazy_vsnprintf
                0x20001698        0x4 CMakeFiles/proj-pico2w.dir/home/user/.pico-sdk/sdk/2.1.1/src/rp2_common/pico_printf/printf.c.o
 .bss.object.0  0x2000169c       0x18 /home/user/.pico-sdk/toolchain/14_2_Rel1/bin/../lib/gcc/arm-none-eabi/14.2.1/thumb/v8-m.main+fp/softfp/crtbegin.o
 .bss.pools     0x200016b4       0x20 CMakeFiles/proj-pico2w.dir/home/user/.pico-sdk/sdk/2.1.1/src/common/pico_time/time.c.o
 .bss.retrieved_id
                0x200016d4        0x8 CMakeFiles/proj-pico2w.dir/home/user/.pico-sdk/sdk/2.1.1/src/rp2_common/pico_unique_id/unique_id.c.o
 .bss.sleep_notifier
                0x200016dc        0x4 CMakeFiles/proj-pico2w.dir/home/user/.pico-sdk/sdk/2.1.1/src/common/pico_time/time.c.o
 .bss.uart_char_to_line_feed
                0x200016e0        0x4 CMakeFiles/proj-pico2w.dir/home/user/.pico-sdk/sdk/2.1.1/src/rp2_common/hardware_uart/uart.c.o
                0x200016e0                uart_char_to_line_feed
 .bss.uart_instance
                0x200016e4        0x4 CMakeFiles/proj-pico2w.dir/home/user/.pico-sdk/sdk/2.1.1/src/rp2_common/pico_stdio_uart/stdio_uart.c.o
 .bss.irq_handler_chain_free_slot_head
                0x200016e8        0x1 CMakeFiles/proj-pico2w.dir/home/user/.pico-sdk/sdk/2.1.1/src/rp2_common/hardware_irq/irq.c.o
 *(COMMON)
                [!provide]                        PROVIDE (__global_pointer$ = (. + 0x800))
 *(.sbss*)
                0x200016ec                        . = ALIGN (0x4)
 *fill*         0x200016e9        0x3 
                0x200016ec                        __bss_end__ = .

.heap           0x200016ec      0x800 load address 0x100030cc
                0x200016ec                        __end__ = .
                0x200016ec                        end = __end__
 *(.heap*)
 .heap          0x200016ec      0x800 CMakeFiles/proj-pico2w.dir/home/user/.pico-sdk/sdk/2.1.1/src/rp2_common/pico_crt0/crt0.S.o
                0x20080000                        __HeapLimit = (ORIGIN (RAM) + LENGTH (RAM))

.scratch_x      0x20080000        0x0 load address 0x100030cc
                0x20080000                        __scratch_x_start__ = .
 *(.scratch_x.*)
                0x20080000                        . = ALIGN (0x4)
                0x20080000                        __scratch_x_end__ = .
                0x100030cc                        __scratch_x_source__ = LOADADDR (.scratch_x)

.scratch_y      0x20081000        0x0 load address 0x100030cc
                0x20081000                        __scratch_y_start__ = .
 *(.scratch_y.*)
                0x20081000                        . = ALIGN (0x4)
                0x20081000                        __scratch_y_end__ = .
                0x100030cc                        __scratch_y_source__ = LOADADDR (.scratch_y)

.stack1_dummy
 *(.stack1*)

.stack_dummy    0x20081000      0x800
 *(.stack*)
 .stack         0x20081000      0x800 CMakeFiles/proj-pico2w.dir/home/user/.pico-sdk/sdk/2.1.1/src/rp2_common/pico_crt0/crt0.S.o

.flash_end      0x100030cc       0x14
 *(.embedded_end_block*)
 .embedded_end_block
                0x100030cc       0x14 CMakeFiles/proj-pico2w.dir/home/user/.pico-sdk/sdk/2.1.1/src/rp2_common/pico_crt0/crt0.S.o
                0x100030e0                        PROVIDE (__flash_binary_end = .)
                0x20080000                        __StackLimit = (ORIGIN (RAM) + LENGTH (RAM))
                0x20081000                        __StackOneTop = (ORIGIN (SCRATCH_X) + LENGTH (SCRATCH_X))
                0x20082000                        __StackTop = (ORIGIN (SCRATCH_Y) + LENGTH (SCRATCH_Y))
                0x20081000                        __StackOneBottom = (__StackOneTop - SIZEOF (.stack1_dummy))
                0x20081800                        __StackBottom = (__StackTop - SIZEOF (.stack_dummy))
                0x20082000                        PROVIDE (__stack = __StackTop)
                [!provide]                        PROVIDE (__heap_start = __end__)
                [!provide]                        PROVIDE (__heap_end = __HeapLimit)
                [!provide]                        PROVIDE (__tls_align = MAX (ALIGNOF (.tdata), ALIGNOF (.tbss)))
                [!provide]                        PROVIDE (__tls_size_align = (((__tls_size + __tls_align) - 0x1) & ~ ((__tls_align - 0x1))))
                [!provide]                        PROVIDE (__arm32_tls_tcb_offset = MAX (0x8, __tls_align))
                [!provide]                        PROVIDE (_end = __end__)
                [!provide]                        PROVIDE (__llvm_libc_heap_limit = __HeapLimit)
                0x00000001                        ASSERT ((__StackLimit >= __HeapLimit), region RAM overflowed)
                0x00000001                        ASSERT (((__binary_info_header_end - __logical_binary_start) <= 0x400), Binary info must be in first 1024 bytes of the binary)
                0x00000001                        ASSERT (((__embedded_block_end - __logical_binary_start) <= 0x1000), Embedded block must be in first 4096 bytes of the binary)
LOAD CMakeFiles/proj-pico2w.dir/proj-pico2w.cpp.o
LOAD CMakeFiles/proj-pico2w.dir/home/user/.pico-sdk/sdk/2.1.1/src/rp2_common/pico_stdlib/stdlib.c.o
LOAD CMakeFiles/proj-pico2w.dir/home/user/.pico-sdk/sdk/2.1.1/src/rp2_common/hardware_gpio/gpio.c.o
LOAD CMakeFiles/proj-pico2w.dir/home/user/.pico-sdk/sdk/2.1.1/src/rp2350/pico_platform/platform.c.o
LOAD CMakeFiles/proj-pico2w.dir/home/user/.pico-sdk/sdk/2.1.1/src/rp2_common/pico_platform_panic/panic.c.o
LOAD CMakeFiles/proj-pico2w.dir/home/user/.pico-sdk/sdk/2.1.1/src/common/hardware_claim/claim.c.o
LOAD CMakeFiles/proj-pico2w.dir/home/user/.pico-sdk/sdk/2.1.1/src/rp2_common/hardware_sync/sync.c.o
LOAD CMakeFiles/proj-pico2w.dir/home/user/.pico-sdk/sdk/2.1.1/src/rp2_common/hardware_sync_spin_lock/sync_spin_lock.c.o
LOAD CMakeFiles/proj-pico2w.dir/home/user/.pico-sdk/sdk/2.1.1/src/rp2_common/hardware_irq/irq.c.o
LOAD CMakeFiles/proj-pico2w.dir/home/user/.pico-sdk/sdk/2.1.1/src/rp2_common/hardware_irq/irq_handler_chain.S.o
LOAD CMakeFiles/proj-pico2w.dir/home/user/.pico-sdk/sdk/2.1.1/src/common/pico_sync/sem.c.o
LOAD CMakeFiles/proj-pico2w.dir/home/user/.pico-sdk/sdk/2.1.1/src/common/pico_sync/lock_core.c.o
LOAD CMakeFiles/proj-pico2w.dir/home/user/.pico-sdk/sdk/2.1.1/src/common/pico_sync/mutex.c.o
LOAD CMakeFiles/proj-pico2w.dir/home/user/.pico-sdk/sdk/2.1.1/src/common/pico_sync/critical_section.c.o
LOAD CMakeFiles/proj-pico2w.dir/home/user/.pico-sdk/sdk/2.1.1/src/common/pico_time/time.c.o
LOAD CMakeFiles/proj-pico2w.dir/home/user/.pico-sdk/sdk/2.1.1/src/common/pico_time/timeout_helper.c.o
LOAD CMakeFiles/proj-pico2w.dir/home/user/.pico-sdk/sdk/2.1.1/src/rp2_common/hardware_timer/timer.c.o
LOAD CMakeFiles/proj-pico2w.dir/home/user/.pico-sdk/sdk/2.1.1/src/common/pico_util/datetime.c.o
LOAD CMakeFiles/proj-pico2w.dir/home/user/.pico-sdk/sdk/2.1.1/src/common/pico_util/pheap.c.o
LOAD CMakeFiles/proj-pico2w.dir/home/user/.pico-sdk/sdk/2.1.1/src/common/pico_util/queue.c.o
LOAD CMakeFiles/proj-pico2w.dir/home/user/.pico-sdk/sdk/2.1.1/src/rp2_common/hardware_uart/uart.c.o
LOAD CMakeFiles/proj-pico2w.dir/home/user/.pico-sdk/sdk/2.1.1/src/rp2_common/hardware_clocks/clocks.c.o
LOAD CMakeFiles/proj-pico2w.dir/home/user/.pico-sdk/sdk/2.1.1/src/rp2_common/hardware_pll/pll.c.o
LOAD CMakeFiles/proj-pico2w.dir/home/user/.pico-sdk/sdk/2.1.1/src/rp2_common/hardware_vreg/vreg.c.o
LOAD CMakeFiles/proj-pico2w.dir/home/user/.pico-sdk/sdk/2.1.1/src/rp2_common/hardware_watchdog/watchdog.c.o
LOAD CMakeFiles/proj-pico2w.dir/home/user/.pico-sdk/sdk/2.1.1/src/rp2_common/hardware_ticks/ticks.c.o
LOAD CMakeFiles/proj-pico2w.dir/home/user/.pico-sdk/sdk/2.1.1/src/rp2_common/pico_bootrom/bootrom.c.o
LOAD CMakeFiles/proj-pico2w.dir/home/user/.pico-sdk/sdk/2.1.1/src/rp2_common/pico_bootrom/bootrom_lock.c.o
LOAD CMakeFiles/proj-pico2w.dir/home/user/.pico-sdk/sdk/2.1.1/src/rp2_common/hardware_boot_lock/boot_lock.c.o
LOAD CMakeFiles/proj-pico2w.dir/home/user/.pico-sdk/sdk/2.1.1/src/rp2_common/pico_flash/flash.c.o
LOAD CMakeFiles/proj-pico2w.dir/home/user/.pico-sdk/sdk/2.1.1/src/rp2_common/hardware_xosc/xosc.c.o
LOAD CMakeFiles/proj-pico2w.dir/home/user/.pico-sdk/sdk/2.1.1/src/rp2_common/hardware_divider/divider.c.o
LOAD CMakeFiles/proj-pico2w.dir/home/user/.pico-sdk/sdk/2.1.1/src/rp2_common/pico_runtime/runtime.c.o
LOAD CMakeFiles/proj-pico2w.dir/home/user/.pico-sdk/sdk/2.1.1/src/rp2_common/pico_runtime_init/runtime_init.c.o
LOAD CMakeFiles/proj-pico2w.dir/home/user/.pico-sdk/sdk/2.1.1/src/rp2_common/pico_runtime_init/runtime_init_clocks.c.o
LOAD CMakeFiles/proj-pico2w.dir/home/user/.pico-sdk/sdk/2.1.1/src/rp2_common/pico_runtime_init/runtime_init_stack_guard.c.o
LOAD CMakeFiles/proj-pico2w.dir/home/user/.pico-sdk/sdk/2.1.1/src/rp2_common/pico_bit_ops/bit_ops_aeabi.S.o
LOAD CMakeFiles/proj-pico2w.dir/home/user/.pico-sdk/sdk/2.1.1/src/rp2_common/pico_divider/divider_compiler.c.o
LOAD CMakeFiles/proj-pico2w.dir/home/user/.pico-sdk/sdk/2.1.1/src/rp2_common/pico_double/double_math.c.o
LOAD CMakeFiles/proj-pico2w.dir/home/user/.pico-sdk/sdk/2.1.1/src/rp2_common/pico_double/double_aeabi_dcp.S.o
LOAD CMakeFiles/proj-pico2w.dir/home/user/.pico-sdk/sdk/2.1.1/src/rp2_common/pico_double/double_fma_dcp.S.o
LOAD CMakeFiles/proj-pico2w.dir/home/user/.pico-sdk/sdk/2.1.1/src/rp2_common/pico_double/double_sci_m33.S.o
LOAD CMakeFiles/proj-pico2w.dir/home/user/.pico-sdk/sdk/2.1.1/src/rp2_common/pico_double/double_conv_m33.S.o
LOAD CMakeFiles/proj-pico2w.dir/home/user/.pico-sdk/sdk/2.1.1/src/rp2_common/pico_float/float_math.c.o
LOAD CMakeFiles/proj-pico2w.dir/home/user/.pico-sdk/sdk/2.1.1/src/rp2_common/pico_float/float_conv32_vfp.S.o
LOAD CMakeFiles/proj-pico2w.dir/home/user/.pico-sdk/sdk/2.1.1/src/rp2_common/pico_float/float_common_m33.S.o
LOAD CMakeFiles/proj-pico2w.dir/home/user/.pico-sdk/sdk/2.1.1/src/rp2_common/pico_float/float_sci_m33_vfp.S.o
LOAD CMakeFiles/proj-pico2w.dir/home/user/.pico-sdk/sdk/2.1.1/src/rp2_common/pico_malloc/malloc.c.o
LOAD CMakeFiles/proj-pico2w.dir/home/user/.pico-sdk/sdk/2.1.1/src/rp2_common/pico_atomic/atomic.c.o
LOAD CMakeFiles/proj-pico2w.dir/home/user/.pico-sdk/sdk/2.1.1/src/rp2_common/pico_cxx_options/new_delete.cpp.o
LOAD CMakeFiles/proj-pico2w.dir/home/user/.pico-sdk/sdk/2.1.1/src/rp2_common/pico_standard_binary_info/standard_binary_info.c.o
LOAD CMakeFiles/proj-pico2w.dir/home/user/.pico-sdk/sdk/2.1.1/src/rp2_common/pico_printf/printf.c.o
LOAD CMakeFiles/proj-pico2w.dir/home/user/.pico-sdk/sdk/2.1.1/src/rp2_common/pico_crt0/crt0.S.o
LOAD CMakeFiles/proj-pico2w.dir/home/user/.pico-sdk/sdk/2.1.1/src/rp2_common/pico_clib_interface/newlib_interface.c.o
LOAD CMakeFiles/proj-pico2w.dir/home/user/.pico-sdk/sdk/2.1.1/src/rp2_common/pico_stdio/stdio.c.o
LOAD CMakeFiles/proj-pico2w.dir/home/user/.pico-sdk/sdk/2.1.1/src/rp2_common/pico_stdio_uart/stdio_uart.c.o
LOAD CMakeFiles/proj-pico2w.dir/home/user/.pico-sdk/sdk/2.1.1/src/rp2_common/hardware_i2c/i2c.c.o
LOAD CMakeFiles/proj-pico2w.dir/home/user/.pico-sdk/sdk/2.1.1/src/rp2_common/pico_cyw43_arch/cyw43_arch.c.o
LOAD CMakeFiles/proj-pico2w.dir/home/user/.pico-sdk/sdk/2.1.1/src/rp2_common/pico_cyw43_arch/cyw43_arch_poll.c.o
LOAD CMakeFiles/proj-pico2w.dir/home/user/.pico-sdk/sdk/2.1.1/src/rp2_common/pico_cyw43_arch/cyw43_arch_threadsafe_background.c.o
LOAD CMakeFiles/proj-pico2w.dir/home/user/.pico-sdk/sdk/2.1.1/src/rp2_common/pico_cyw43_arch/cyw43_arch_freertos.c.o
LOAD CMakeFiles/proj-pico2w.dir/home/user/.pico-sdk/sdk/2.1.1/src/rp2_common/pico_unique_id/unique_id.c.o
LOAD CMakeFiles/proj-pico2w.dir/home/user/.pico-sdk/sdk/2.1.1/src/rp2_common/hardware_flash/flash.c.o
LOAD CMakeFiles/proj-pico2w.dir/home/user/.pico-sdk/sdk/2.1.1/src/rp2_common/hardware_xip_cache/xip_cache.c.o
LOAD CMakeFiles/proj-pico2w.dir/home/user/.pico-sdk/sdk/2.1.1/src/rp2_common/pico_cyw43_driver/cyw43_bus_pio_spi.c.o
LOAD CMakeFiles/proj-pico2w.dir/home/user/.pico-sdk/sdk/2.1.1/lib/cyw43-driver/src/cyw43_ll.c.o
LOAD CMakeFiles/proj-pico2w.dir/home/user/.pico-sdk/sdk/2.1.1/lib/cyw43-driver/src/cyw43_stats.c.o
LOAD CMakeFiles/proj-pico2w.dir/home/user/.pico-sdk/sdk/2.1.1/lib/cyw43-driver/src/cyw43_lwip.c.o
LOAD CMakeFiles/proj-pico2w.dir/home/user/.pico-sdk/sdk/2.1.1/lib/cyw43-driver/src/cyw43_ctrl.c.o
LOAD CMakeFiles/proj-pico2w.dir/home/user/.pico-sdk/sdk/2.1.1/src/rp2_common/pico_cyw43_driver/cybt_shared_bus/cybt_shared_bus.c.o
LOAD CMakeFiles/proj-pico2w.dir/home/user/.pico-sdk/sdk/2.1.1/src/rp2_common/pico_cyw43_driver/cybt_shared_bus/cybt_shared_bus_driver.c.o
LOAD CMakeFiles/proj-pico2w.dir/home/user/.pico-sdk/sdk/2.1.1/src/rp2_common/hardware_pio/pio.c.o
LOAD CMakeFiles/proj-pico2w.dir/home/user/.pico-sdk/sdk/2.1.1/src/rp2_common/hardware_dma/dma.c.o
LOAD CMakeFiles/proj-pico2w.dir/home/user/.pico-sdk/sdk/2.1.1/src/rp2_common/hardware_exception/exception.c.o
LOAD CMakeFiles/proj-pico2w.dir/home/user/.pico-sdk/sdk/2.1.1/src/rp2_common/pico_cyw43_driver/cyw43_driver.c.o
LOAD CMakeFiles/proj-pico2w.dir/home/user/.pico-sdk/sdk/2.1.1/src/rp2_common/pico_async_context/async_context_threadsafe_background.c.o
LOAD CMakeFiles/proj-pico2w.dir/home/user/.pico-sdk/sdk/2.1.1/src/rp2_common/pico_async_context/async_context_base.c.o
LOAD CMakeFiles/proj-pico2w.dir/lib/pico-ssd1306/ssd1306.c.o
LOAD pico-sdk/src/rp2350/boot_stage2/CMakeFiles/bs2_default_library.dir/bs2_default_padded_checksummed.S.o
LOAD libpico_ssd1306.a
LOAD /home/user/.pico-sdk/toolchain/14_2_Rel1/bin/../lib/gcc/arm-none-eabi/14.2.1/../../../../arm-none-eabi/lib/thumb/v8-m.main+fp/softfp/libstdc++.a
LOAD /home/user/.pico-sdk/toolchain/14_2_Rel1/bin/../lib/gcc/arm-none-eabi/14.2.1/../../../../arm-none-eabi/lib/thumb/v8-m.main+fp/softfp/libm.a
START GROUP
LOAD /home/user/.pico-sdk/toolchain/14_2_Rel1/bin/../lib/gcc/arm-none-eabi/14.2.1/thumb/v8-m.main+fp/softfp/libgcc.a
LOAD /home/user/.pico-sdk/toolchain/14_2_Rel1/bin/../lib/gcc/arm-none-eabi/14.2.1/../../../../arm-none-eabi/lib/thumb/v8-m.main+fp/softfp/libg.a
LOAD /home/user/.pico-sdk/toolchain/14_2_Rel1/bin/../lib/gcc/arm-none-eabi/14.2.1/../../../../arm-none-eabi/lib/thumb/v8-m.main+fp/softfp/libc.a
END GROUP
START GROUP
LOAD /home/user/.pico-sdk/toolchain/14_2_Rel1/bin/../lib/gcc/arm-none-eabi/14.2.1/thumb/v8-m.main+fp/softfp/libgcc.a
LOAD /home/user/.pico-sdk/toolchain/14_2_Rel1/bin/../lib/gcc/arm-none-eabi/14.2.1/../../../../arm-none-eabi/lib/thumb/v8-m.main+fp/softfp/libc.a
LOAD /home/user/.pico-sdk/toolchain/14_2_Rel1/bin/../lib/gcc/arm-none-eabi/14.2.1/../../../../arm-none-eabi/lib/thumb/v8-m.main+fp/softfp/libnosys.a
END GROUP
LOAD /home/user/.pico-sdk/toolchain/14_2_Rel1/bin/../lib/gcc/arm-none-eabi/14.2.1/thumb/v8-m.main+fp/softfp/crtend.o
LOAD /home/user/.pico-sdk/toolchain/14_2_Rel1/bin/../lib/gcc/arm-none-eabi/14.2.1/thumb/v8-m.main+fp/softfp/crtn.o
OUTPUT(proj-pico2w.elf elf32-littlearm)
LOAD linker stubs

.rel.dyn        0x100030e0        0x0
 .rel.iplt      0x100030e0        0x0 /home/user/.pico-sdk/toolchain/14_2_Rel1/bin/../lib/gcc/arm-none-eabi/14.2.1/thumb/v8-m.main+fp/softfp/crtbegin.o

.ARM.attributes
                0x00000000       0x34
 .ARM.attributes
                0x00000000       0x26 /home/user/.pico-sdk/toolchain/14_2_Rel1/bin/../lib/gcc/arm-none-eabi/14.2.1/thumb/v8-m.main+fp/softfp/crti.o
 .ARM.attributes
                0x00000026       0x36 /home/user/.pico-sdk/toolchain/14_2_Rel1/bin/../lib/gcc/arm-none-eabi/14.2.1/thumb/v8-m.main+fp/softfp/crtbegin.o
 .ARM.attributes
                0x0000005c       0x38 CMakeFiles/proj-pico2w.dir/proj-pico2w.cpp.o
 .ARM.attributes
                0x00000094       0x38 CMakeFiles/proj-pico2w.dir/home/user/.pico-sdk/sdk/2.1.1/src/rp2_common/hardware_gpio/gpio.c.o
 .ARM.attributes
                0x000000cc       0x38 CMakeFiles/proj-pico2w.dir/home/user/.pico-sdk/sdk/2.1.1/src/rp2_common/pico_platform_panic/panic.c.o
 .ARM.attributes
                0x00000104       0x38 CMakeFiles/proj-pico2w.dir/home/user/.pico-sdk/sdk/2.1.1/src/common/hardware_claim/claim.c.o
 .ARM.attributes
                0x0000013c       0x38 CMakeFiles/proj-pico2w.dir/home/user/.pico-sdk/sdk/2.1.1/src/rp2_common/hardware_sync/sync.c.o
 .ARM.attributes
                0x00000174       0x38 CMakeFiles/proj-pico2w.dir/home/user/.pico-sdk/sdk/2.1.1/src/rp2_common/hardware_sync_spin_lock/sync_spin_lock.c.o
 .ARM.attributes
                0x000001ac       0x38 CMakeFiles/proj-pico2w.dir/home/user/.pico-sdk/sdk/2.1.1/src/rp2_common/hardware_irq/irq.c.o
 .ARM.attributes
                0x000001e4       0x28 CMakeFiles/proj-pico2w.dir/home/user/.pico-sdk/sdk/2.1.1/src/rp2_common/hardware_irq/irq_handler_chain.S.o
 .ARM.attributes
                0x0000020c       0x38 CMakeFiles/proj-pico2w.dir/home/user/.pico-sdk/sdk/2.1.1/src/common/pico_sync/lock_core.c.o
 .ARM.attributes
                0x00000244       0x38 CMakeFiles/proj-pico2w.dir/home/user/.pico-sdk/sdk/2.1.1/src/common/pico_sync/mutex.c.o
 .ARM.attributes
                0x0000027c       0x38 CMakeFiles/proj-pico2w.dir/home/user/.pico-sdk/sdk/2.1.1/src/common/pico_time/time.c.o
 .ARM.attributes
                0x000002b4       0x38 CMakeFiles/proj-pico2w.dir/home/user/.pico-sdk/sdk/2.1.1/src/rp2_common/hardware_timer/timer.c.o
 .ARM.attributes
                0x000002ec       0x38 CMakeFiles/proj-pico2w.dir/home/user/.pico-sdk/sdk/2.1.1/src/rp2_common/hardware_uart/uart.c.o
 .ARM.attributes
                0x00000324       0x38 CMakeFiles/proj-pico2w.dir/home/user/.pico-sdk/sdk/2.1.1/src/rp2_common/hardware_clocks/clocks.c.o
 .ARM.attributes
                0x0000035c       0x38 CMakeFiles/proj-pico2w.dir/home/user/.pico-sdk/sdk/2.1.1/src/rp2_common/hardware_pll/pll.c.o
 .ARM.attributes
                0x00000394       0x38 CMakeFiles/proj-pico2w.dir/home/user/.pico-sdk/sdk/2.1.1/src/rp2_common/hardware_ticks/ticks.c.o
 .ARM.attributes
                0x000003cc       0x38 CMakeFiles/proj-pico2w.dir/home/user/.pico-sdk/sdk/2.1.1/src/rp2_common/pico_bootrom/bootrom.c.o
 .ARM.attributes
                0x00000404       0x38 CMakeFiles/proj-pico2w.dir/home/user/.pico-sdk/sdk/2.1.1/src/rp2_common/pico_bootrom/bootrom_lock.c.o
 .ARM.attributes
                0x0000043c       0x38 CMakeFiles/proj-pico2w.dir/home/user/.pico-sdk/sdk/2.1.1/src/rp2_common/hardware_boot_lock/boot_lock.c.o
 .ARM.attributes
                0x00000474       0x38 CMakeFiles/proj-pico2w.dir/home/user/.pico-sdk/sdk/2.1.1/src/rp2_common/hardware_xosc/xosc.c.o
 .ARM.attributes
                0x000004ac       0x38 CMakeFiles/proj-pico2w.dir/home/user/.pico-sdk/sdk/2.1.1/src/rp2_common/pico_runtime/runtime.c.o
 .ARM.attributes
                0x000004e4       0x38 CMakeFiles/proj-pico2w.dir/home/user/.pico-sdk/sdk/2.1.1/src/rp2_common/pico_runtime_init/runtime_init.c.o
 .ARM.attributes
                0x0000051c       0x38 CMakeFiles/proj-pico2w.dir/home/user/.pico-sdk/sdk/2.1.1/src/rp2_common/pico_runtime_init/runtime_init_clocks.c.o
 .ARM.attributes
                0x00000554       0x38 CMakeFiles/proj-pico2w.dir/home/user/.pico-sdk/sdk/2.1.1/src/rp2_common/pico_standard_binary_info/standard_binary_info.c.o
 .ARM.attributes
                0x0000058c       0x38 CMakeFiles/proj-pico2w.dir/home/user/.pico-sdk/sdk/2.1.1/src/rp2_common/pico_printf/printf.c.o
 .ARM.attributes
                0x000005c4       0x28 CMakeFiles/proj-pico2w.dir/home/user/.pico-sdk/sdk/2.1.1/src/rp2_common/pico_crt0/crt0.S.o
 .ARM.attributes
                0x000005ec       0x38 CMakeFiles/proj-pico2w.dir/home/user/.pico-sdk/sdk/2.1.1/src/rp2_common/pico_clib_interface/newlib_interface.c.o
 .ARM.attributes
                0x00000624       0x38 CMakeFiles/proj-pico2w.dir/home/user/.pico-sdk/sdk/2.1.1/src/rp2_common/pico_stdio/stdio.c.o
 .ARM.attributes
                0x0000065c       0x38 CMakeFiles/proj-pico2w.dir/home/user/.pico-sdk/sdk/2.1.1/src/rp2_common/pico_stdio_uart/stdio_uart.c.o
 .ARM.attributes
                0x00000694       0x38 CMakeFiles/proj-pico2w.dir/home/user/.pico-sdk/sdk/2.1.1/src/rp2_common/hardware_i2c/i2c.c.o
 .ARM.attributes
                0x000006cc       0x38 CMakeFiles/proj-pico2w.dir/home/user/.pico-sdk/sdk/2.1.1/src/rp2_common/pico_unique_id/unique_id.c.o
 .ARM.attributes
                0x00000704       0x36 /home/user/.pico-sdk/toolchain/14_2_Rel1/bin/../lib/gcc/arm-none-eabi/14.2.1/thumb/v8-m.main+fp/softfp/libgcc.a(unwind-arm.o)
 .ARM.attributes
                0x0000073a       0x26 /home/user/.pico-sdk/toolchain/14_2_Rel1/bin/../lib/gcc/arm-none-eabi/14.2.1/thumb/v8-m.main+fp/softfp/libgcc.a(libunwind.o)
 .ARM.attributes
                0x00000760       0x36 /home/user/.pico-sdk/toolchain/14_2_Rel1/bin/../lib/gcc/arm-none-eabi/14.2.1/thumb/v8-m.main+fp/softfp/libgcc.a(pr-support.o)
 .ARM.attributes
                0x00000796       0x36 /home/user/.pico-sdk/toolchain/14_2_Rel1/bin/../lib/gcc/arm-none-eabi/14.2.1/../../../../arm-none-eabi/lib/thumb/v8-m.main+fp/softfp/libg.a(libc_a-abort.o)
 .ARM.attributes
                0x000007cc       0x36 /home/user/.pico-sdk/toolchain/14_2_Rel1/bin/../lib/gcc/arm-none-eabi/14.2.1/../../../../arm-none-eabi/lib/thumb/v8-m.main+fp/softfp/libg.a(libc_a-signal.o)
 .ARM.attributes
                0x00000802       0x36 /home/user/.pico-sdk/toolchain/14_2_Rel1/bin/../lib/gcc/arm-none-eabi/14.2.1/../../../../arm-none-eabi/lib/thumb/v8-m.main+fp/softfp/libg.a(libc_a-impure.o)
 .ARM.attributes
                0x00000838       0x36 /home/user/.pico-sdk/toolchain/14_2_Rel1/bin/../lib/gcc/arm-none-eabi/14.2.1/../../../../arm-none-eabi/lib/thumb/v8-m.main+fp/softfp/libg.a(libc_a-signalr.o)
 .ARM.attributes
                0x0000086e       0x24 /home/user/.pico-sdk/toolchain/14_2_Rel1/bin/../lib/gcc/arm-none-eabi/14.2.1/../../../../arm-none-eabi/lib/thumb/v8-m.main+fp/softfp/libg.a(libc_a-memcpy.o)
 .ARM.attributes
                0x00000892       0x36 /home/user/.pico-sdk/toolchain/14_2_Rel1/bin/../lib/gcc/arm-none-eabi/14.2.1/../../../../arm-none-eabi/lib/thumb/v8-m.main+fp/softfp/libg.a(libc_a-strlen-stub.o)
 .ARM.attributes
                0x000008c8       0x36 /home/user/.pico-sdk/toolchain/14_2_Rel1/bin/../lib/gcc/arm-none-eabi/14.2.1/../../../../arm-none-eabi/lib/thumb/v8-m.main+fp/softfp/libg.a(libc_a-findfp.o)
 .ARM.attributes
                0x000008fe       0x36 /home/user/.pico-sdk/toolchain/14_2_Rel1/bin/../lib/gcc/arm-none-eabi/14.2.1/../../../../arm-none-eabi/lib/thumb/v8-m.main+fp/softfp/libg.a(libc_a-reent.o)
 .ARM.attributes
                0x00000934       0x36 /home/user/.pico-sdk/toolchain/14_2_Rel1/bin/../lib/gcc/arm-none-eabi/14.2.1/thumb/v8-m.main+fp/softfp/crtend.o

.comment        0x00000000       0x45
 .comment       0x00000000       0x45 CMakeFiles/proj-pico2w.dir/proj-pico2w.cpp.o
                                 0x46 (size before relaxing)
 .comment       0x00000045       0x46 CMakeFiles/proj-pico2w.dir/home/user/.pico-sdk/sdk/2.1.1/src/rp2_common/hardware_gpio/gpio.c.o
 .comment       0x00000045       0x46 CMakeFiles/proj-pico2w.dir/home/user/.pico-sdk/sdk/2.1.1/src/rp2_common/pico_platform_panic/panic.c.o
 .comment       0x00000045       0x46 CMakeFiles/proj-pico2w.dir/home/user/.pico-sdk/sdk/2.1.1/src/common/hardware_claim/claim.c.o
 .comment       0x00000045       0x46 CMakeFiles/proj-pico2w.dir/home/user/.pico-sdk/sdk/2.1.1/src/rp2_common/hardware_sync/sync.c.o
 .comment       0x00000045       0x46 CMakeFiles/proj-pico2w.dir/home/user/.pico-sdk/sdk/2.1.1/src/rp2_common/hardware_sync_spin_lock/sync_spin_lock.c.o
 .comment       0x00000045       0x46 CMakeFiles/proj-pico2w.dir/home/user/.pico-sdk/sdk/2.1.1/src/rp2_common/hardware_irq/irq.c.o
 .comment       0x00000045       0x46 CMakeFiles/proj-pico2w.dir/home/user/.pico-sdk/sdk/2.1.1/src/common/pico_sync/lock_core.c.o
 .comment       0x00000045       0x46 CMakeFiles/proj-pico2w.dir/home/user/.pico-sdk/sdk/2.1.1/src/common/pico_sync/mutex.c.o
 .comment       0x00000045       0x46 CMakeFiles/proj-pico2w.dir/home/user/.pico-sdk/sdk/2.1.1/src/common/pico_time/time.c.o
 .comment       0x00000045       0x46 CMakeFiles/proj-pico2w.dir/home/user/.pico-sdk/sdk/2.1.1/src/rp2_common/hardware_timer/timer.c.o
 .comment       0x00000045       0x46 CMakeFiles/proj-pico2w.dir/home/user/.pico-sdk/sdk/2.1.1/src/rp2_common/hardware_uart/uart.c.o
 .comment       0x00000045       0x46 CMakeFiles/proj-pico2w.dir/home/user/.pico-sdk/sdk/2.1.1/src/rp2_common/hardware_clocks/clocks.c.o
 .comment       0x00000045       0x46 CMakeFiles/proj-pico2w.dir/home/user/.pico-sdk/sdk/2.1.1/src/rp2_common/hardware_pll/pll.c.o
 .comment       0x00000045       0x46 CMakeFiles/proj-pico2w.dir/home/user/.pico-sdk/sdk/2.1.1/src/rp2_common/hardware_ticks/ticks.c.o
 .comment       0x00000045       0x46 CMakeFiles/proj-pico2w.dir/home/user/.pico-sdk/sdk/2.1.1/src/rp2_common/pico_bootrom/bootrom.c.o
 .comment       0x00000045       0x46 CMakeFiles/proj-pico2w.dir/home/user/.pico-sdk/sdk/2.1.1/src/rp2_common/pico_bootrom/bootrom_lock.c.o
 .comment       0x00000045       0x46 CMakeFiles/proj-pico2w.dir/home/user/.pico-sdk/sdk/2.1.1/src/rp2_common/hardware_boot_lock/boot_lock.c.o
 .comment       0x00000045       0x46 CMakeFiles/proj-pico2w.dir/home/user/.pico-sdk/sdk/2.1.1/src/rp2_common/hardware_xosc/xosc.c.o
 .comment       0x00000045       0x46 CMakeFiles/proj-pico2w.dir/home/user/.pico-sdk/sdk/2.1.1/src/rp2_common/pico_runtime/runtime.c.o
 .comment       0x00000045       0x46 CMakeFiles/proj-pico2w.dir/home/user/.pico-sdk/sdk/2.1.1/src/rp2_common/pico_runtime_init/runtime_init.c.o
 .comment       0x00000045       0x46 CMakeFiles/proj-pico2w.dir/home/user/.pico-sdk/sdk/2.1.1/src/rp2_common/pico_runtime_init/runtime_init_clocks.c.o
 .comment       0x00000045       0x46 CMakeFiles/proj-pico2w.dir/home/user/.pico-sdk/sdk/2.1.1/src/rp2_common/pico_standard_binary_info/standard_binary_info.c.o
 .comment       0x00000045       0x46 CMakeFiles/proj-pico2w.dir/home/user/.pico-sdk/sdk/2.1.1/src/rp2_common/pico_printf/printf.c.o
 .comment       0x00000045       0x46 CMakeFiles/proj-pico2w.dir/home/user/.pico-sdk/sdk/2.1.1/src/rp2_common/pico_clib_interface/newlib_interface.c.o
 .comment       0x00000045       0x46 CMakeFiles/proj-pico2w.dir/home/user/.pico-sdk/sdk/2.1.1/src/rp2_common/pico_stdio/stdio.c.o
 .comment       0x00000045       0x46 CMakeFiles/proj-pico2w.dir/home/user/.pico-sdk/sdk/2.1.1/src/rp2_common/pico_stdio_uart/stdio_uart.c.o
 .comment       0x00000045       0x46 CMakeFiles/proj-pico2w.dir/home/user/.pico-sdk/sdk/2.1.1/src/rp2_common/hardware_i2c/i2c.c.o
 .comment       0x00000045       0x46 CMakeFiles/proj-pico2w.dir/home/user/.pico-sdk/sdk/2.1.1/src/rp2_common/pico_unique_id/unique_id.c.o

.debug_info     0x00000000    0x23148
 .debug_info    0x00000000     0x140b CMakeFiles/proj-pico2w.dir/proj-pico2w.cpp.o
 .debug_info    0x0000140b     0x2446 CMakeFiles/proj-pico2w.dir/home/user/.pico-sdk/sdk/2.1.1/src/rp2_common/hardware_gpio/gpio.c.o
 .debug_info    0x00003851      0x1be CMakeFiles/proj-pico2w.dir/home/user/.pico-sdk/sdk/2.1.1/src/rp2_common/pico_platform_panic/panic.c.o
 .debug_info    0x00003a0f      0xb78 CMakeFiles/proj-pico2w.dir/home/user/.pico-sdk/sdk/2.1.1/src/common/hardware_claim/claim.c.o
 .debug_info    0x00004587      0x46f CMakeFiles/proj-pico2w.dir/home/user/.pico-sdk/sdk/2.1.1/src/rp2_common/hardware_sync/sync.c.o
 .debug_info    0x000049f6     0x145e CMakeFiles/proj-pico2w.dir/home/user/.pico-sdk/sdk/2.1.1/src/rp2_common/hardware_sync_spin_lock/sync_spin_lock.c.o
 .debug_info    0x00005e54     0x260d CMakeFiles/proj-pico2w.dir/home/user/.pico-sdk/sdk/2.1.1/src/rp2_common/hardware_irq/irq.c.o
 .debug_info    0x00008461      0x187 CMakeFiles/proj-pico2w.dir/home/user/.pico-sdk/sdk/2.1.1/src/common/pico_sync/lock_core.c.o
 .debug_info    0x000085e8     0x1e7c CMakeFiles/proj-pico2w.dir/home/user/.pico-sdk/sdk/2.1.1/src/common/pico_sync/mutex.c.o
 .debug_info    0x0000a464     0x5487 CMakeFiles/proj-pico2w.dir/home/user/.pico-sdk/sdk/2.1.1/src/common/pico_time/time.c.o
 .debug_info    0x0000f8eb     0x30c6 CMakeFiles/proj-pico2w.dir/home/user/.pico-sdk/sdk/2.1.1/src/rp2_common/hardware_timer/timer.c.o
 .debug_info    0x000129b1     0x19a6 CMakeFiles/proj-pico2w.dir/home/user/.pico-sdk/sdk/2.1.1/src/rp2_common/hardware_uart/uart.c.o
 .debug_info    0x00014357     0x28a2 CMakeFiles/proj-pico2w.dir/home/user/.pico-sdk/sdk/2.1.1/src/rp2_common/hardware_clocks/clocks.c.o
 .debug_info    0x00016bf9      0x507 CMakeFiles/proj-pico2w.dir/home/user/.pico-sdk/sdk/2.1.1/src/rp2_common/hardware_pll/pll.c.o
 .debug_info    0x00017100      0x26c CMakeFiles/proj-pico2w.dir/home/user/.pico-sdk/sdk/2.1.1/src/rp2_common/hardware_ticks/ticks.c.o
 .debug_info    0x0001736c      0x914 CMakeFiles/proj-pico2w.dir/home/user/.pico-sdk/sdk/2.1.1/src/rp2_common/pico_bootrom/bootrom.c.o
 .debug_info    0x00017c80      0x1c4 CMakeFiles/proj-pico2w.dir/home/user/.pico-sdk/sdk/2.1.1/src/rp2_common/pico_bootrom/bootrom_lock.c.o
 .debug_info    0x00017e44      0x316 CMakeFiles/proj-pico2w.dir/home/user/.pico-sdk/sdk/2.1.1/src/rp2_common/hardware_boot_lock/boot_lock.c.o
 .debug_info    0x0001815a      0x1b1 CMakeFiles/proj-pico2w.dir/home/user/.pico-sdk/sdk/2.1.1/src/rp2_common/hardware_xosc/xosc.c.o
 .debug_info    0x0001830b      0x21a CMakeFiles/proj-pico2w.dir/home/user/.pico-sdk/sdk/2.1.1/src/rp2_common/pico_runtime/runtime.c.o
 .debug_info    0x00018525     0x1bcd CMakeFiles/proj-pico2w.dir/home/user/.pico-sdk/sdk/2.1.1/src/rp2_common/pico_runtime_init/runtime_init.c.o
 .debug_info    0x0001a0f2      0x7c9 CMakeFiles/proj-pico2w.dir/home/user/.pico-sdk/sdk/2.1.1/src/rp2_common/pico_runtime_init/runtime_init_clocks.c.o
 .debug_info    0x0001a8bb      0x2e2 CMakeFiles/proj-pico2w.dir/home/user/.pico-sdk/sdk/2.1.1/src/rp2_common/pico_standard_binary_info/standard_binary_info.c.o
 .debug_info    0x0001ab9d     0x22ff CMakeFiles/proj-pico2w.dir/home/user/.pico-sdk/sdk/2.1.1/src/rp2_common/pico_printf/printf.c.o
 .debug_info    0x0001ce9c       0x23 CMakeFiles/proj-pico2w.dir/home/user/.pico-sdk/sdk/2.1.1/src/rp2_common/pico_crt0/crt0.S.o
 .debug_info    0x0001cebf      0xbdf CMakeFiles/proj-pico2w.dir/home/user/.pico-sdk/sdk/2.1.1/src/rp2_common/pico_clib_interface/newlib_interface.c.o
 .debug_info    0x0001da9e     0x1dd5 CMakeFiles/proj-pico2w.dir/home/user/.pico-sdk/sdk/2.1.1/src/rp2_common/pico_stdio/stdio.c.o
 .debug_info    0x0001f873     0x1902 CMakeFiles/proj-pico2w.dir/home/user/.pico-sdk/sdk/2.1.1/src/rp2_common/pico_stdio_uart/stdio_uart.c.o
 .debug_info    0x00021175     0x1d1c CMakeFiles/proj-pico2w.dir/home/user/.pico-sdk/sdk/2.1.1/src/rp2_common/hardware_i2c/i2c.c.o
 .debug_info    0x00022e91      0x2b7 CMakeFiles/proj-pico2w.dir/home/user/.pico-sdk/sdk/2.1.1/src/rp2_common/pico_unique_id/unique_id.c.o

.debug_abbrev   0x00000000     0x5cf1
 .debug_abbrev  0x00000000      0x34a CMakeFiles/proj-pico2w.dir/proj-pico2w.cpp.o
 .debug_abbrev  0x0000034a      0x56d CMakeFiles/proj-pico2w.dir/home/user/.pico-sdk/sdk/2.1.1/src/rp2_common/hardware_gpio/gpio.c.o
 .debug_abbrev  0x000008b7      0x12b CMakeFiles/proj-pico2w.dir/home/user/.pico-sdk/sdk/2.1.1/src/rp2_common/pico_platform_panic/panic.c.o
 .debug_abbrev  0x000009e2      0x35e CMakeFiles/proj-pico2w.dir/home/user/.pico-sdk/sdk/2.1.1/src/common/hardware_claim/claim.c.o
 .debug_abbrev  0x00000d40      0x22f CMakeFiles/proj-pico2w.dir/home/user/.pico-sdk/sdk/2.1.1/src/rp2_common/hardware_sync/sync.c.o
 .debug_abbrev  0x00000f6f      0x26e CMakeFiles/proj-pico2w.dir/home/user/.pico-sdk/sdk/2.1.1/src/rp2_common/hardware_sync_spin_lock/sync_spin_lock.c.o
 .debug_abbrev  0x000011dd      0x644 CMakeFiles/proj-pico2w.dir/home/user/.pico-sdk/sdk/2.1.1/src/rp2_common/hardware_irq/irq.c.o
 .debug_abbrev  0x00001821      0x11e CMakeFiles/proj-pico2w.dir/home/user/.pico-sdk/sdk/2.1.1/src/common/pico_sync/lock_core.c.o
 .debug_abbrev  0x0000193f      0x49b CMakeFiles/proj-pico2w.dir/home/user/.pico-sdk/sdk/2.1.1/src/common/pico_sync/mutex.c.o
 .debug_abbrev  0x00001dda      0x644 CMakeFiles/proj-pico2w.dir/home/user/.pico-sdk/sdk/2.1.1/src/common/pico_time/time.c.o
 .debug_abbrev  0x0000241e      0x4f9 CMakeFiles/proj-pico2w.dir/home/user/.pico-sdk/sdk/2.1.1/src/rp2_common/hardware_timer/timer.c.o
 .debug_abbrev  0x00002917      0x367 CMakeFiles/proj-pico2w.dir/home/user/.pico-sdk/sdk/2.1.1/src/rp2_common/hardware_uart/uart.c.o
 .debug_abbrev  0x00002c7e      0x4f0 CMakeFiles/proj-pico2w.dir/home/user/.pico-sdk/sdk/2.1.1/src/rp2_common/hardware_clocks/clocks.c.o
 .debug_abbrev  0x0000316e      0x1a8 CMakeFiles/proj-pico2w.dir/home/user/.pico-sdk/sdk/2.1.1/src/rp2_common/hardware_pll/pll.c.o
 .debug_abbrev  0x00003316      0x146 CMakeFiles/proj-pico2w.dir/home/user/.pico-sdk/sdk/2.1.1/src/rp2_common/hardware_ticks/ticks.c.o
 .debug_abbrev  0x0000345c      0x36d CMakeFiles/proj-pico2w.dir/home/user/.pico-sdk/sdk/2.1.1/src/rp2_common/pico_bootrom/bootrom.c.o
 .debug_abbrev  0x000037c9       0xfb CMakeFiles/proj-pico2w.dir/home/user/.pico-sdk/sdk/2.1.1/src/rp2_common/pico_bootrom/bootrom_lock.c.o
 .debug_abbrev  0x000038c4      0x1de CMakeFiles/proj-pico2w.dir/home/user/.pico-sdk/sdk/2.1.1/src/rp2_common/hardware_boot_lock/boot_lock.c.o
 .debug_abbrev  0x00003aa2      0x109 CMakeFiles/proj-pico2w.dir/home/user/.pico-sdk/sdk/2.1.1/src/rp2_common/hardware_xosc/xosc.c.o
 .debug_abbrev  0x00003bab      0x182 CMakeFiles/proj-pico2w.dir/home/user/.pico-sdk/sdk/2.1.1/src/rp2_common/pico_runtime/runtime.c.o
 .debug_abbrev  0x00003d2d      0x2dd CMakeFiles/proj-pico2w.dir/home/user/.pico-sdk/sdk/2.1.1/src/rp2_common/pico_runtime_init/runtime_init.c.o
 .debug_abbrev  0x0000400a      0x2b8 CMakeFiles/proj-pico2w.dir/home/user/.pico-sdk/sdk/2.1.1/src/rp2_common/pico_runtime_init/runtime_init_clocks.c.o
 .debug_abbrev  0x000042c2       0xb8 CMakeFiles/proj-pico2w.dir/home/user/.pico-sdk/sdk/2.1.1/src/rp2_common/pico_standard_binary_info/standard_binary_info.c.o
 .debug_abbrev  0x0000437a      0x505 CMakeFiles/proj-pico2w.dir/home/user/.pico-sdk/sdk/2.1.1/src/rp2_common/pico_printf/printf.c.o
 .debug_abbrev  0x0000487f       0x12 CMakeFiles/proj-pico2w.dir/home/user/.pico-sdk/sdk/2.1.1/src/rp2_common/pico_crt0/crt0.S.o
 .debug_abbrev  0x00004891      0x375 CMakeFiles/proj-pico2w.dir/home/user/.pico-sdk/sdk/2.1.1/src/rp2_common/pico_clib_interface/newlib_interface.c.o
 .debug_abbrev  0x00004c06      0x601 CMakeFiles/proj-pico2w.dir/home/user/.pico-sdk/sdk/2.1.1/src/rp2_common/pico_stdio/stdio.c.o
 .debug_abbrev  0x00005207      0x493 CMakeFiles/proj-pico2w.dir/home/user/.pico-sdk/sdk/2.1.1/src/rp2_common/pico_stdio_uart/stdio_uart.c.o
 .debug_abbrev  0x0000569a      0x4a5 CMakeFiles/proj-pico2w.dir/home/user/.pico-sdk/sdk/2.1.1/src/rp2_common/hardware_i2c/i2c.c.o
 .debug_abbrev  0x00005b3f      0x1b2 CMakeFiles/proj-pico2w.dir/home/user/.pico-sdk/sdk/2.1.1/src/rp2_common/pico_unique_id/unique_id.c.o

.debug_loclists
                0x00000000    0x10fbf
 .debug_loclists
                0x00000000      0x150 CMakeFiles/proj-pico2w.dir/proj-pico2w.cpp.o
 .debug_loclists
                0x00000150     0x180f CMakeFiles/proj-pico2w.dir/home/user/.pico-sdk/sdk/2.1.1/src/rp2_common/hardware_gpio/gpio.c.o
 .debug_loclists
                0x0000195f      0x42d CMakeFiles/proj-pico2w.dir/home/user/.pico-sdk/sdk/2.1.1/src/common/hardware_claim/claim.c.o
 .debug_loclists
                0x00001d8c      0x132 CMakeFiles/proj-pico2w.dir/home/user/.pico-sdk/sdk/2.1.1/src/rp2_common/hardware_sync/sync.c.o
 .debug_loclists
                0x00001ebe       0xa2 CMakeFiles/proj-pico2w.dir/home/user/.pico-sdk/sdk/2.1.1/src/rp2_common/hardware_sync_spin_lock/sync_spin_lock.c.o
 .debug_loclists
                0x00001f60     0x1034 CMakeFiles/proj-pico2w.dir/home/user/.pico-sdk/sdk/2.1.1/src/rp2_common/hardware_irq/irq.c.o
 .debug_loclists
                0x00002f94       0x17 CMakeFiles/proj-pico2w.dir/home/user/.pico-sdk/sdk/2.1.1/src/common/pico_sync/lock_core.c.o
 .debug_loclists
                0x00002fab      0xae7 CMakeFiles/proj-pico2w.dir/home/user/.pico-sdk/sdk/2.1.1/src/common/pico_sync/mutex.c.o
 .debug_loclists
                0x00003a92     0x2c57 CMakeFiles/proj-pico2w.dir/home/user/.pico-sdk/sdk/2.1.1/src/common/pico_time/time.c.o
 .debug_loclists
                0x000066e9     0x1a3f CMakeFiles/proj-pico2w.dir/home/user/.pico-sdk/sdk/2.1.1/src/rp2_common/hardware_timer/timer.c.o
 .debug_loclists
                0x00008128      0xc8f CMakeFiles/proj-pico2w.dir/home/user/.pico-sdk/sdk/2.1.1/src/rp2_common/hardware_uart/uart.c.o
 .debug_loclists
                0x00008db7     0x204d CMakeFiles/proj-pico2w.dir/home/user/.pico-sdk/sdk/2.1.1/src/rp2_common/hardware_clocks/clocks.c.o
 .debug_loclists
                0x0000ae04      0x1b7 CMakeFiles/proj-pico2w.dir/home/user/.pico-sdk/sdk/2.1.1/src/rp2_common/hardware_pll/pll.c.o
 .debug_loclists
                0x0000afbb       0x8b CMakeFiles/proj-pico2w.dir/home/user/.pico-sdk/sdk/2.1.1/src/rp2_common/hardware_ticks/ticks.c.o
 .debug_loclists
                0x0000b046      0x49b CMakeFiles/proj-pico2w.dir/home/user/.pico-sdk/sdk/2.1.1/src/rp2_common/pico_bootrom/bootrom.c.o
 .debug_loclists
                0x0000b4e1       0x28 CMakeFiles/proj-pico2w.dir/home/user/.pico-sdk/sdk/2.1.1/src/rp2_common/pico_bootrom/bootrom_lock.c.o
 .debug_loclists
                0x0000b509       0x78 CMakeFiles/proj-pico2w.dir/home/user/.pico-sdk/sdk/2.1.1/src/rp2_common/hardware_boot_lock/boot_lock.c.o
 .debug_loclists
                0x0000b581       0x48 CMakeFiles/proj-pico2w.dir/home/user/.pico-sdk/sdk/2.1.1/src/rp2_common/hardware_xosc/xosc.c.o
 .debug_loclists
                0x0000b5c9       0x7e CMakeFiles/proj-pico2w.dir/home/user/.pico-sdk/sdk/2.1.1/src/rp2_common/pico_runtime/runtime.c.o
 .debug_loclists
                0x0000b647      0x10a CMakeFiles/proj-pico2w.dir/home/user/.pico-sdk/sdk/2.1.1/src/rp2_common/pico_runtime_init/runtime_init.c.o
 .debug_loclists
                0x0000b751       0x74 CMakeFiles/proj-pico2w.dir/home/user/.pico-sdk/sdk/2.1.1/src/rp2_common/pico_runtime_init/runtime_init_clocks.c.o
 .debug_loclists
                0x0000b7c5     0x2e21 CMakeFiles/proj-pico2w.dir/home/user/.pico-sdk/sdk/2.1.1/src/rp2_common/pico_printf/printf.c.o
 .debug_loclists
                0x0000e5e6      0x408 CMakeFiles/proj-pico2w.dir/home/user/.pico-sdk/sdk/2.1.1/src/rp2_common/pico_clib_interface/newlib_interface.c.o
 .debug_loclists
                0x0000e9ee      0xb4c CMakeFiles/proj-pico2w.dir/home/user/.pico-sdk/sdk/2.1.1/src/rp2_common/pico_stdio/stdio.c.o
 .debug_loclists
                0x0000f53a      0x882 CMakeFiles/proj-pico2w.dir/home/user/.pico-sdk/sdk/2.1.1/src/rp2_common/pico_stdio_uart/stdio_uart.c.o
 .debug_loclists
                0x0000fdbc      0xe76 CMakeFiles/proj-pico2w.dir/home/user/.pico-sdk/sdk/2.1.1/src/rp2_common/hardware_i2c/i2c.c.o
 .debug_loclists