Archive member included to satisfy reference by file (symbol)

/home/user/.pico-sdk/toolchain/14_2_Rel1/bin/../lib/gcc/arm-none-eabi/14.2.1/../../../../arm-none-eabi/lib/thumb/v8-m.main+fp/softfp/libm.a(libm_a-wf_sqrt.o)
                              CMakeFiles/proj-pico2w.dir/home/user/.pico-sdk/sdk/2.1.1/src/rp2_common/pico_float/float_math.c.o (sqrtf)
/home/user/.pico-sdk/toolchain/14_2_Rel1/bin/../lib/gcc/arm-none-eabi/14.2.1/../../../../arm-none-eabi/lib/thumb/v8-m.main+fp/softfp/libm.a(libm_a-ef_sqrt.o)
                              /home/user/.pico-sdk/toolchain/14_2_Rel1/bin/../lib/gcc/arm-none-eabi/14.2.1/../../../../arm-none-eabi/lib/thumb/v8-m.main+fp/softfp/libm.a(libm_a-wf_sqrt.o) (__ieee754_sqrtf)
/home/user/.pico-sdk/toolchain/14_2_Rel1/bin/../lib/gcc/arm-none-eabi/14.2.1/thumb/v8-m.main+fp/softfp/libgcc.a(_arm_addsubdf3.o)
                              CMakeFiles/proj-pico2w.dir/home/user/.pico-sdk/sdk/2.1.1/src/rp2_common/pico_float/float_math.c.o (__aeabi_f2d)
/home/user/.pico-sdk/toolchain/14_2_Rel1/bin/../lib/gcc/arm-none-eabi/14.2.1/thumb/v8-m.main+fp/softfp/libgcc.a(_aeabi_ldivmod.o)
                              CMakeFiles/proj-pico2w.dir/home/user/.pico-sdk/sdk/2.1.1/src/common/pico_time/time.c.o (__aeabi_ldivmod)
/home/user/.pico-sdk/toolchain/14_2_Rel1/bin/../lib/gcc/arm-none-eabi/14.2.1/thumb/v8-m.main+fp/softfp/libgcc.a(_aeabi_uldivmod.o)
                              CMakeFiles/proj-pico2w.dir/home/user/.pico-sdk/sdk/2.1.1/src/rp2_common/hardware_clocks/clocks.c.o (__aeabi_uldivmod)
/home/user/.pico-sdk/toolchain/14_2_Rel1/bin/../lib/gcc/arm-none-eabi/14.2.1/thumb/v8-m.main+fp/softfp/libgcc.a(_udivmoddi4.o)
                              /home/user/.pico-sdk/toolchain/14_2_Rel1/bin/../lib/gcc/arm-none-eabi/14.2.1/thumb/v8-m.main+fp/softfp/libgcc.a(_aeabi_ldivmod.o) (__udivmoddi4)
/home/user/.pico-sdk/toolchain/14_2_Rel1/bin/../lib/gcc/arm-none-eabi/14.2.1/thumb/v8-m.main+fp/softfp/libgcc.a(unwind-arm.o)
                              CMakeFiles/proj-pico2w.dir/proj-pico2w.cpp.o (__aeabi_unwind_cpp_pr0)
/home/user/.pico-sdk/toolchain/14_2_Rel1/bin/../lib/gcc/arm-none-eabi/14.2.1/thumb/v8-m.main+fp/softfp/libgcc.a(libunwind.o)
                              /home/user/.pico-sdk/toolchain/14_2_Rel1/bin/../lib/gcc/arm-none-eabi/14.2.1/thumb/v8-m.main+fp/softfp/libgcc.a(unwind-arm.o) (restore_core_regs)
/home/user/.pico-sdk/toolchain/14_2_Rel1/bin/../lib/gcc/arm-none-eabi/14.2.1/thumb/v8-m.main+fp/softfp/libgcc.a(pr-support.o)
                              /home/user/.pico-sdk/toolchain/14_2_Rel1/bin/../lib/gcc/arm-none-eabi/14.2.1/thumb/v8-m.main+fp/softfp/libgcc.a(unwind-arm.o) (__gnu_unwind_execute)
/home/user/.pico-sdk/toolchain/14_2_Rel1/bin/../lib/gcc/arm-none-eabi/14.2.1/thumb/v8-m.main+fp/softfp/libgcc.a(_dvmd_tls.o)
                              /home/user/.pico-sdk/toolchain/14_2_Rel1/bin/../lib/gcc/arm-none-eabi/14.2.1/thumb/v8-m.main+fp/softfp/libgcc.a(_aeabi_ldivmod.o) (__aeabi_ldiv0)
/home/user/.pico-sdk/toolchain/14_2_Rel1/bin/../lib/gcc/arm-none-eabi/14.2.1/../../../../arm-none-eabi/lib/thumb/v8-m.main+fp/softfp/libg.a(libc_a-abort.o)
                              /home/user/.pico-sdk/toolchain/14_2_Rel1/bin/../lib/gcc/arm-none-eabi/14.2.1/thumb/v8-m.main+fp/softfp/libgcc.a(unwind-arm.o) (abort)
/home/user/.pico-sdk/toolchain/14_2_Rel1/bin/../lib/gcc/arm-none-eabi/14.2.1/../../../../arm-none-eabi/lib/thumb/v8-m.main+fp/softfp/libg.a(libc_a-calloc.o)
                              CMakeFiles/proj-pico2w.dir/home/user/.pico-sdk/sdk/2.1.1/src/rp2_common/pico_malloc/malloc.c.o (calloc)
/home/user/.pico-sdk/toolchain/14_2_Rel1/bin/../lib/gcc/arm-none-eabi/14.2.1/../../../../arm-none-eabi/lib/thumb/v8-m.main+fp/softfp/libg.a(libc_a-callocr.o)
                              /home/user/.pico-sdk/toolchain/14_2_Rel1/bin/../lib/gcc/arm-none-eabi/14.2.1/../../../../arm-none-eabi/lib/thumb/v8-m.main+fp/softfp/libg.a(libc_a-calloc.o) (_calloc_r)
/home/user/.pico-sdk/toolchain/14_2_Rel1/bin/../lib/gcc/arm-none-eabi/14.2.1/../../../../arm-none-eabi/lib/thumb/v8-m.main+fp/softfp/libg.a(libc_a-malloc.o)
                              CMakeFiles/proj-pico2w.dir/home/user/.pico-sdk/sdk/2.1.1/src/rp2_common/pico_malloc/malloc.c.o (malloc)
/home/user/.pico-sdk/toolchain/14_2_Rel1/bin/../lib/gcc/arm-none-eabi/14.2.1/../../../../arm-none-eabi/lib/thumb/v8-m.main+fp/softfp/libg.a(libc_a-mallocr.o)
                              /home/user/.pico-sdk/toolchain/14_2_Rel1/bin/../lib/gcc/arm-none-eabi/14.2.1/../../../../arm-none-eabi/lib/thumb/v8-m.main+fp/softfp/libg.a(libc_a-callocr.o) (_malloc_r)
/home/user/.pico-sdk/toolchain/14_2_Rel1/bin/../lib/gcc/arm-none-eabi/14.2.1/../../../../arm-none-eabi/lib/thumb/v8-m.main+fp/softfp/libg.a(libc_a-mlock.o)
                              /home/user/.pico-sdk/toolchain/14_2_Rel1/bin/../lib/gcc/arm-none-eabi/14.2.1/../../../../arm-none-eabi/lib/thumb/v8-m.main+fp/softfp/libg.a(libc_a-mallocr.o) (__malloc_lock)
[...]
Memory Configuration

Name             Origin             Length             Attributes
FLASH            0x10000000         0x00400000         xr
RAM              0x20000000         0x00080000         xrw
SCRATCH_X        0x20080000         0x00001000         xrw
SCRATCH_Y        0x20081000         0x00001000         xrw
*default*        0x00000000         0xffffffff

Linker script and memory map

LOAD /home/user/.pico-sdk/toolchain/14_2_Rel1/bin/../lib/gcc/arm-none-eabi/14.2.1/thumb/v8-m.main+fp/softfp/crti.o
LOAD /home/user/.pico-sdk/toolchain/14_2_Rel1/bin/../lib/gcc/arm-none-eabi/14.2.1/thumb/v8-m.main+fp/softfp/crtbegin.o
LOAD /home/user/.pico-sdk/toolchain/14_2_Rel1/bin/../lib/gcc/arm-none-eabi/14.2.1/../../../../arm-none-eabi/lib/thumb/v8-m.main+fp/softfp/crt0.o

.flash_begin    0x10000000        0x0
                0x10000000                        __flash_binary_start = .

.text           0x10000000     0x4760
                0x10000000                        __logical_binary_start = .
 *(.vectors)
 .vectors       0x10000000      0x124 CMakeFiles/proj-pico2w.dir/home/user/.pico-sdk/sdk/2.1.1/src/rp2_common/pico_crt0/crt0.S.o
                0x10000000                __vectors
                0x10000000                __VECTOR_TABLE
                0x10000110                isr_invalid
                0x10000110                __default_isrs_start
                0x10000112                isr_nmi
                0x10000114                isr_hardfault
                0x10000116                isr_svcall
                0x10000118                isr_pendsv
                0x1000011a                isr_systick
                0x1000011c                isr_irq30
                0x1000011c                __unhandled_user_irq
                0x1000011c                isr_irq49
                0x1000011c                isr_irq13
                0x1000011c                isr_irq43
                0x1000011c                isr_irq45
                0x1000011c                isr_irq27
                0x1000011c                isr_irq32
                0x1000011c                isr_irq31
                0x1000011c                isr_irq5
                0x1000011c                isr_irq11
                0x1000011c                isr_irq23
                0x1000011c                isr_irq48
                0x1000011c                isr_irq35
                0x1000011c                isr_irq18
                0x1000011c                isr_irq50
                0x1000011c                isr_irq40
                0x1000011c                isr_irq28
                0x1000011c                isr_irq19
                0x1000011c                isr_irq36
                0x1000011c                isr_irq41
                0x1000011c                isr_irq0
                0x1000011c                isr_irq6
                0x1000011c                isr_irq37
                0x1000011c                isr_irq42
                0x1000011c                isr_irq22
                0x1000011c                isr_irq17
                0x1000011c                isr_irq38
                0x1000011c                isr_irq14
                0x1000011c                isr_irq2
                0x1000011c                isr_irq10
                0x1000011c                isr_irq8
                0x1000011c                isr_irq24
                0x1000011c                isr_irq46
                0x1000011c                isr_irq1
                0x1000011c                isr_irq47
                0x1000011c                isr_irq51
                0x1000011c                isr_irq7
                0x1000011c                isr_irq21
                0x1000011c                isr_irq39
                0x1000011c                isr_irq20
                0x1000011c                isr_irq15
                0x1000011c                isr_irq25
                0x1000011c                isr_irq34
                0x1000011c                isr_irq4
                0x1000011c                isr_irq16
                0x1000011c                isr_irq44
                0x1000011c                isr_irq29
                0x1000011c                isr_irq26
                0x1000011c                __default_isrs_end
                0x1000011c                isr_irq33
                0x1000011c                isr_irq3
                0x1000011c                isr_irq12
                0x1000011c                isr_irq9
                0x10000122                unhandled_user_irq_num_in_r0
 *(.binary_info_header)
 .binary_info_header
                0x10000124       0x14 CMakeFiles/proj-pico2w.dir/home/user/.pico-sdk/sdk/2.1.1/src/rp2_common/pico_crt0/crt0.S.o
                0x10000138                        __binary_info_header_end = .
 *(.embedded_block)
 .embedded_block
                0x10000138       0x14 CMakeFiles/proj-pico2w.dir/home/user/.pico-sdk/sdk/2.1.1/src/rp2_common/pico_crt0/crt0.S.o
                0x1000014c                        __embedded_block_end = .
 *(.reset)
 .reset         0x1000014c       0xa0 CMakeFiles/proj-pico2w.dir/home/user/.pico-sdk/sdk/2.1.1/src/rp2_common/pico_crt0/crt0.S.o
                0x1000014c                _entry_point
 *(.init)
 .init          0x100001ec        0x4 /home/user/.pico-sdk/toolchain/14_2_Rel1/bin/../lib/gcc/arm-none-eabi/14.2.1/thumb/v8-m.main+fp/softfp/crti.o
                0x100001ec                _init
 *libgcc.a:cmse_nonsecure_call.o()
 *(EXCLUDE_FILE(*libm.a: *libc.a:*lib_a-mem*.o *libgcc.a:) .text*)
 .text.register_tm_clones
                0x100001f0       0x28 /home/user/.pico-sdk/toolchain/14_2_Rel1/bin/../lib/gcc/arm-none-eabi/14.2.1/thumb/v8-m.main+fp/softfp/crtbegin.o
 .text.frame_dummy
                0x10000218       0x24 /home/user/.pico-sdk/toolchain/14_2_Rel1/bin/../lib/gcc/arm-none-eabi/14.2.1/thumb/v8-m.main+fp/softfp/crtbegin.o
 .text._Z8drawTestP9ssd1306_t
                0x1000023c       0x2c CMakeFiles/proj-pico2w.dir/proj-pico2w.cpp.o
                0x1000023c                drawTest(ssd1306_t*)
 .text.startup.main
                0x10000268      0x128 CMakeFiles/proj-pico2w.dir/proj-pico2w.cpp.o
                0x10000268                main
 .text.gpio_set_function
                0x10000390       0x3c CMakeFiles/proj-pico2w.dir/home/user/.pico-sdk/sdk/2.1.1/src/rp2_common/hardware_gpio/gpio.c.o
                0x10000390                gpio_set_function
 .text.gpio_set_pulls
                0x100003cc       0x28 CMakeFiles/proj-pico2w.dir/home/user/.pico-sdk/sdk/2.1.1/src/rp2_common/hardware_gpio/gpio.c.o
                0x100003cc                gpio_set_pulls
 .text.gpio_init
                0x100003f4       0x48 CMakeFiles/proj-pico2w.dir/home/user/.pico-sdk/sdk/2.1.1/src/rp2_common/hardware_gpio/gpio.c.o
                0x100003f4                gpio_init
 .text.panic    0x1000043c       0x30 CMakeFiles/proj-pico2w.dir/home/user/.pico-sdk/sdk/2.1.1/src/rp2_common/pico_platform_panic/panic.c.o
                0x1000043c                panic
 .text.hw_claim_or_assert
                0x1000046c       0x58 CMakeFiles/proj-pico2w.dir/home/user/.pico-sdk/sdk/2.1.1/src/common/hardware_claim/claim.c.o
                0x1000046c                hw_claim_or_assert
 .text.next_striped_spin_lock_num
                0x100004c4       0x18 CMakeFiles/proj-pico2w.dir/home/user/.pico-sdk/sdk/2.1.1/src/rp2_common/hardware_sync/sync.c.o
                0x100004c4                next_striped_spin_lock_num
 .text.spinlock_set_extexclall
                0x100004dc       0x10 CMakeFiles/proj-pico2w.dir/home/user/.pico-sdk/sdk/2.1.1/src/rp2_common/hardware_sync_spin_lock/sync_spin_lock.c.o
 .text.spin_locks_reset
                0x100004ec       0x18 CMakeFiles/proj-pico2w.dir/home/user/.pico-sdk/sdk/2.1.1/src/rp2_common/hardware_sync_spin_lock/sync_spin_lock.c.o
                0x100004ec                spin_locks_reset
 .text.runtime_init_per_core_irq_priorities
                0x10000504       0x40 CMakeFiles/proj-pico2w.dir/home/user/.pico-sdk/sdk/2.1.1/src/rp2_common/hardware_irq/irq.c.o
                0x10000504                runtime_init_per_core_irq_priorities
 .text.irq_set_enabled
                0x10000544       0x2c CMakeFiles/proj-pico2w.dir/home/user/.pico-sdk/sdk/2.1.1/src/rp2_common/hardware_irq/irq.c.o
                0x10000544                irq_set_enabled
 .text.irq_set_exclusive_handler
                0x10000570       0x60 CMakeFiles/proj-pico2w.dir/home/user/.pico-sdk/sdk/2.1.1/src/rp2_common/hardware_irq/irq.c.o
                0x10000570                irq_set_exclusive_handler
 .text.irq_remove_handler
                0x100005d0      0x1f4 CMakeFiles/proj-pico2w.dir/home/user/.pico-sdk/sdk/2.1.1/src/rp2_common/hardware_irq/irq.c.o
                0x100005d0                irq_remove_handler
 .text.irq_add_tail_to_free_list
                0x100007c4       0xbc CMakeFiles/proj-pico2w.dir/home/user/.pico-sdk/sdk/2.1.1/src/rp2_common/hardware_irq/irq.c.o
                0x100007c4                irq_add_tail_to_free_list
 .text.lock_init
                0x10000880        0xc CMakeFiles/proj-pico2w.dir/home/user/.pico-sdk/sdk/2.1.1/src/common/pico_sync/lock_core.c.o
                0x10000880                lock_init
 .text.runtime_init_mutex
                0x1000088c       0x4c CMakeFiles/proj-pico2w.dir/home/user/.pico-sdk/sdk/2.1.1/src/common/pico_sync/mutex.c.o
                0x1000088c                runtime_init_mutex
 .text.sleep_until_callback
                0x100008d8       0x3c CMakeFiles/proj-pico2w.dir/home/user/.pico-sdk/sdk/2.1.1/src/common/pico_time/time.c.o
 *fill*         0x10000914        0x4 
 .text.alarm_pool_irq_handler
                0x10000918      0x2f0 CMakeFiles/proj-pico2w.dir/home/user/.pico-sdk/sdk/2.1.1/src/common/pico_time/time.c.o
 .text.runtime_init_default_alarm_pool
                0x10000c08      0x100 CMakeFiles/proj-pico2w.dir/home/user/.pico-sdk/sdk/2.1.1/src/common/pico_time/time.c.o
                0x10000c08                runtime_init_default_alarm_pool
 .text.alarm_pool_add_alarm_at_force_in_context
                0x10000d08       0xc8 CMakeFiles/proj-pico2w.dir/home/user/.pico-sdk/sdk/2.1.1/src/common/pico_time/time.c.o
                0x10000d08                alarm_pool_add_alarm_at_force_in_context
 .text.alarm_pool_cancel_alarm
                0x10000dd0       0x80 CMakeFiles/proj-pico2w.dir/home/user/.pico-sdk/sdk/2.1.1/src/common/pico_time/time.c.o
                0x10000dd0                alarm_pool_cancel_alarm
 .text.sleep_ms
                0x10000e50       0xdc CMakeFiles/proj-pico2w.dir/home/user/.pico-sdk/sdk/2.1.1/src/common/pico_time/time.c.o
                0x10000e50                sleep_ms
 .text.best_effort_wfe_or_timeout
                0x10000f2c       0xd4 CMakeFiles/proj-pico2w.dir/home/user/.pico-sdk/sdk/2.1.1/src/common/pico_time/time.c.o
                0x10000f2c                best_effort_wfe_or_timeout
 .text.timer_hardware_alarm_claim
                0x10001000       0x24 CMakeFiles/proj-pico2w.dir/home/user/.pico-sdk/sdk/2.1.1/src/rp2_common/hardware_timer/timer.c.o
                0x10001000                timer_hardware_alarm_claim
 .text.timer_time_us_64
                0x10001024       0x10 CMakeFiles/proj-pico2w.dir/home/user/.pico-sdk/sdk/2.1.1/src/rp2_common/hardware_timer/timer.c.o
                0x10001024                timer_time_us_64
 .text.time_us_64
                0x10001034       0x14 CMakeFiles/proj-pico2w.dir/home/user/.pico-sdk/sdk/2.1.1/src/rp2_common/hardware_timer/timer.c.o
                0x10001034                time_us_64
 .text.busy_wait_us
                0x10001048       0x5c CMakeFiles/proj-pico2w.dir/home/user/.pico-sdk/sdk/2.1.1/src/rp2_common/hardware_timer/timer.c.o
                0x10001048                busy_wait_us
 .text.busy_wait_until
                0x100010a4       0x24 CMakeFiles/proj-pico2w.dir/home/user/.pico-sdk/sdk/2.1.1/src/rp2_common/hardware_timer/timer.c.o
                0x100010a4                busy_wait_until
 .text.uart_init
                0x100010c8      0x104 CMakeFiles/proj-pico2w.dir/home/user/.pico-sdk/sdk/2.1.1/src/rp2_common/hardware_uart/uart.c.o
                0x100010c8                uart_init
 .text.clock_configure_undivided
                0x100011cc       0xd0 CMakeFiles/proj-pico2w.dir/home/user/.pico-sdk/sdk/2.1.1/src/rp2_common/hardware_clocks/clocks.c.o
                0x100011cc                clock_configure_undivided
 .text.clock_get_hz
                0x1000129c        0xc CMakeFiles/proj-pico2w.dir/home/user/.pico-sdk/sdk/2.1.1/src/rp2_common/hardware_clocks/clocks.c.o
                0x1000129c                clock_get_hz
 .text.pll_init
                0x100012a8       0x8c CMakeFiles/proj-pico2w.dir/home/user/.pico-sdk/sdk/2.1.1/src/rp2_common/hardware_pll/pll.c.o
                0x100012a8                pll_init
 .text.tick_start
                0x10001334       0x18 CMakeFiles/proj-pico2w.dir/home/user/.pico-sdk/sdk/2.1.1/src/rp2_common/hardware_ticks/ticks.c.o
                0x10001334                tick_start
 .text.rom_func_lookup
                0x1000134c       0x18 CMakeFiles/proj-pico2w.dir/home/user/.pico-sdk/sdk/2.1.1/src/rp2_common/pico_bootrom/bootrom.c.o
                0x1000134c                rom_func_lookup
 .text.runtime_init_bootrom_locking_enable
                0x10001364       0x14 CMakeFiles/proj-pico2w.dir/home/user/.pico-sdk/sdk/2.1.1/src/rp2_common/pico_bootrom/bootrom_lock.c.o
                0x10001364                runtime_init_bootrom_locking_enable
 .text.runtime_init_boot_locks_reset
                0x10001378       0x1c CMakeFiles/proj-pico2w.dir/home/user/.pico-sdk/sdk/2.1.1/src/rp2_common/hardware_boot_lock/boot_lock.c.o
                0x10001378                runtime_init_boot_locks_reset
 .text.xosc_init
                0x10001394       0x30 CMakeFiles/proj-pico2w.dir/home/user/.pico-sdk/sdk/2.1.1/src/rp2_common/hardware_xosc/xosc.c.o
                0x10001394                xosc_init
 .text.first_per_core_initializer
                0x100013c4        0x4 CMakeFiles/proj-pico2w.dir/home/user/.pico-sdk/sdk/2.1.1/src/rp2_common/pico_runtime/runtime.c.o
 .text.hard_assertion_failure
                0x100013c8        0xc CMakeFiles/proj-pico2w.dir/home/user/.pico-sdk/sdk/2.1.1/src/rp2_common/pico_runtime/runtime.c.o
                0x100013c8                hard_assertion_failure
 .text.runtime_run_initializers
                0x100013d4       0x20 CMakeFiles/proj-pico2w.dir/home/user/.pico-sdk/sdk/2.1.1/src/rp2_common/pico_runtime/runtime.c.o
                0x100013d4                runtime_run_initializers
 .text.runtime_init_early_resets
                0x100013f4       0x34 CMakeFiles/proj-pico2w.dir/home/user/.pico-sdk/sdk/2.1.1/src/rp2_common/pico_runtime_init/runtime_init.c.o
                0x100013f4                runtime_init_early_resets
 .text.runtime_init_usb_power_down
                0x10001428       0x1c CMakeFiles/proj-pico2w.dir/home/user/.pico-sdk/sdk/2.1.1/src/rp2_common/pico_runtime_init/runtime_init.c.o
                0x10001428                runtime_init_usb_power_down
 .text.runtime_init_per_core_enable_coprocessors
                0x10001444       0x1c CMakeFiles/proj-pico2w.dir/home/user/.pico-sdk/sdk/2.1.1/src/rp2_common/pico_runtime_init/runtime_init.c.o
                0x10001444                runtime_init_per_core_enable_coprocessors
 .text.runtime_init_post_clock_resets
                0x10001460       0x20 CMakeFiles/proj-pico2w.dir/home/user/.pico-sdk/sdk/2.1.1/src/rp2_common/pico_runtime_init/runtime_init.c.o
                0x10001460                runtime_init_post_clock_resets
 .text.runtime_init_bootrom_reset
                0x10001480       0x14 CMakeFiles/proj-pico2w.dir/home/user/.pico-sdk/sdk/2.1.1/src/rp2_common/pico_runtime_init/runtime_init.c.o
                0x10001480                runtime_init_bootrom_reset
 .text.runtime_init_per_core_bootrom_reset
                0x10001494       0x14 CMakeFiles/proj-pico2w.dir/home/user/.pico-sdk/sdk/2.1.1/src/rp2_common/pico_runtime_init/runtime_init.c.o
                0x10001494                runtime_init_per_core_bootrom_reset
 .text.runtime_init_spin_locks_reset
                0x100014a8        0x4 CMakeFiles/proj-pico2w.dir/home/user/.pico-sdk/sdk/2.1.1/src/rp2_common/pico_runtime_init/runtime_init.c.o
                0x100014a8                runtime_init_spin_locks_reset
 .text.runtime_init_install_ram_vector_table
                0x100014ac       0x20 CMakeFiles/proj-pico2w.dir/home/user/.pico-sdk/sdk/2.1.1/src/rp2_common/pico_runtime_init/runtime_init.c.o
                0x100014ac                runtime_init_install_ram_vector_table
 .text.runtime_init_clocks
                0x100014cc       0xdc CMakeFiles/proj-pico2w.dir/home/user/.pico-sdk/sdk/2.1.1/src/rp2_common/pico_runtime_init/runtime_init_clocks.c.o
                0x100014cc                runtime_init_clocks
 .text.__rp2350_dcp_engaged_state_save_restore
                0x100015a8       0x3a CMakeFiles/proj-pico2w.dir/home/user/.pico-sdk/sdk/2.1.1/src/rp2_common/pico_double/double_aeabi_dcp.S.o
 *fill*         0x100015e2        0x2 
 .text.__wrap___aeabi_dadd
                0x100015e4       0x28 CMakeFiles/proj-pico2w.dir/home/user/.pico-sdk/sdk/2.1.1/src/rp2_common/pico_double/double_aeabi_dcp.S.o
                0x100015ec                __wrap___aeabi_dadd
 .text.__wrap___aeabi_dsub
                0x1000160c       0x28 CMakeFiles/proj-pico2w.dir/home/user/.pico-sdk/sdk/2.1.1/src/rp2_common/pico_double/double_aeabi_dcp.S.o
                0x10001614                __wrap___aeabi_dsub
 .text.__wrap___aeabi_dmul
                0x10001634       0x4c CMakeFiles/proj-pico2w.dir/home/user/.pico-sdk/sdk/2.1.1/src/rp2_common/pico_double/double_aeabi_dcp.S.o
                0x1000163c                __wrap___aeabi_dmul
 .text.__wrap___aeabi_ddiv
                0x10001680       0x9c CMakeFiles/proj-pico2w.dir/home/user/.pico-sdk/sdk/2.1.1/src/rp2_common/pico_double/double_aeabi_dcp.S.o
                0x10001688                __wrap___aeabi_ddiv
 .text.__wrap___aeabi_i2d
                0x1000171c       0x24 CMakeFiles/proj-pico2w.dir/home/user/.pico-sdk/sdk/2.1.1/src/rp2_common/pico_double/double_aeabi_dcp.S.o
                0x10001724                __wrap___aeabi_i2d
                0x10001724                int2double
 .text.__wrap___aeabi_ui2d
                0x10001740       0x24 CMakeFiles/proj-pico2w.dir/home/user/.pico-sdk/sdk/2.1.1/src/rp2_common/pico_double/double_aeabi_dcp.S.o
                0x10001748                __wrap___aeabi_ui2d
                0x10001748                uint2double
 .text.__wrap___aeabi_d2iz
                0x10001764       0x24 CMakeFiles/proj-pico2w.dir/home/user/.pico-sdk/sdk/2.1.1/src/rp2_common/pico_double/double_aeabi_dcp.S.o
                0x1000176c                __wrap___aeabi_d2iz
                0x1000176c                double2int_z
 .text.__wrap___aeabi_d2uiz
                0x10001788       0x24 CMakeFiles/proj-pico2w.dir/home/user/.pico-sdk/sdk/2.1.1/src/rp2_common/pico_double/double_aeabi_dcp.S.o
                0x10001790                double2uint_z
                0x10001790                double2uint
                0x10001790                __wrap___aeabi_d2uiz
 .text.__wrap___aeabi_dcmpun
                0x100017ac       0x24 CMakeFiles/proj-pico2w.dir/home/user/.pico-sdk/sdk/2.1.1/src/rp2_common/pico_double/double_aeabi_dcp.S.o
                0x100017b4                __wrap___aeabi_dcmpun
 .text.__wrap___aeabi_dcmplt
                0x100017d0       0x28 CMakeFiles/proj-pico2w.dir/home/user/.pico-sdk/sdk/2.1.1/src/rp2_common/pico_double/double_aeabi_dcp.S.o
                0x100017d8                __wrap___aeabi_dcmplt
 .text.__wrap___aeabi_dcmple
                0x100017f8       0x28 CMakeFiles/proj-pico2w.dir/home/user/.pico-sdk/sdk/2.1.1/src/rp2_common/pico_double/double_aeabi_dcp.S.o
                0x10001800                __wrap___aeabi_dcmple
 .text.__wrap___aeabi_dcmpge
                0x10001820       0x28 CMakeFiles/proj-pico2w.dir/home/user/.pico-sdk/sdk/2.1.1/src/rp2_common/pico_double/double_aeabi_dcp.S.o
                0x10001828                __wrap___aeabi_dcmpge
 .text.__wrap___aeabi_dcmpgt
                0x10001848       0x28 CMakeFiles/proj-pico2w.dir/home/user/.pico-sdk/sdk/2.1.1/src/rp2_common/pico_double/double_aeabi_dcp.S.o
                0x10001850                __wrap___aeabi_dcmpgt
 .text.__wrap_malloc
                0x10001870       0x24 CMakeFiles/proj-pico2w.dir/home/user/.pico-sdk/sdk/2.1.1/src/rp2_common/pico_malloc/malloc.c.o
                0x10001870                __wrap_malloc
 .text._out_null
                0x10001894        0x4 CMakeFiles/proj-pico2w.dir/home/user/.pico-sdk/sdk/2.1.1/src/rp2_common/pico_printf/printf.c.o
 .text._out_rev
                0x10001898       0x9c CMakeFiles/proj-pico2w.dir/home/user/.pico-sdk/sdk/2.1.1/src/rp2_common/pico_printf/printf.c.o
 .text._ntoa_format
                0x10001934      0x1d4 CMakeFiles/proj-pico2w.dir/home/user/.pico-sdk/sdk/2.1.1/src/rp2_common/pico_printf/printf.c.o
 .text._out_char
                0x10001b08        0x8 CMakeFiles/proj-pico2w.dir/home/user/.pico-sdk/sdk/2.1.1/src/rp2_common/pico_printf/printf.c.o
 .text._out_fct
                0x10001b10        0xc CMakeFiles/proj-pico2w.dir/home/user/.pico-sdk/sdk/2.1.1/src/rp2_common/pico_printf/printf.c.o
 *fill*         0x10001b1c        0x4 
 .text._ftoa    0x10001b20      0x4bc CMakeFiles/proj-pico2w.dir/home/user/.pico-sdk/sdk/2.1.1/src/rp2_common/pico_printf/printf.c.o
 *fill*         0x10001fdc        0x4 
 .text._etoa    0x10001fe0      0x574 CMakeFiles/proj-pico2w.dir/home/user/.pico-sdk/sdk/2.1.1/src/rp2_common/pico_printf/printf.c.o
 .text._vsnprintf
                0x10002554      0x9e4 CMakeFiles/proj-pico2w.dir/home/user/.pico-sdk/sdk/2.1.1/src/rp2_common/pico_printf/printf.c.o
 .text.vfctprintf
                0x10002f38       0x28 CMakeFiles/proj-pico2w.dir/home/user/.pico-sdk/sdk/2.1.1/src/rp2_common/pico_printf/printf.c.o
                0x10002f38                vfctprintf
 .text.weak_raw_vprintf
                0x10002f60       0x30 CMakeFiles/proj-pico2w.dir/home/user/.pico-sdk/sdk/2.1.1/src/rp2_common/pico_printf/printf.c.o
                0x10002f60                weak_raw_vprintf
 .text._exit    0x10002f90        0x4 CMakeFiles/proj-pico2w.dir/home/user/.pico-sdk/sdk/2.1.1/src/rp2_common/pico_clib_interface/newlib_interface.c.o
                0x10002f90                _exit
 .text._sbrk    0x10002f94       0x2c CMakeFiles/proj-pico2w.dir/home/user/.pico-sdk/sdk/2.1.1/src/rp2_common/pico_clib_interface/newlib_interface.c.o
                0x10002f94                _sbrk
 .text._getpid  0x10002fc0        0x4 CMakeFiles/proj-pico2w.dir/home/user/.pico-sdk/sdk/2.1.1/src/rp2_common/pico_clib_interface/newlib_interface.c.o
                0x10002fc0                _getpid
 .text._kill    0x10002fc4        0x8 CMakeFiles/proj-pico2w.dir/home/user/.pico-sdk/sdk/2.1.1/src/rp2_common/pico_clib_interface/newlib_interface.c.o
                0x10002fc4                _kill
 .text.exit     0x10002fcc        0x8 CMakeFiles/proj-pico2w.dir/home/user/.pico-sdk/sdk/2.1.1/src/rp2_common/pico_clib_interface/newlib_interface.c.o
                0x10002fcc                exit
 .text.runtime_init
                0x10002fd4       0x24 CMakeFiles/proj-pico2w.dir/home/user/.pico-sdk/sdk/2.1.1/src/rp2_common/pico_clib_interface/newlib_interface.c.o
                0x10002fd4                runtime_init
 .text.stdio_out_chars_no_crlf
                0x10002ff8        0x8 CMakeFiles/proj-pico2w.dir/home/user/.pico-sdk/sdk/2.1.1/src/rp2_common/pico_stdio/stdio.c.o
 .text.stdio_out_chars_crlf
                0x10003000       0xb0 CMakeFiles/proj-pico2w.dir/home/user/.pico-sdk/sdk/2.1.1/src/rp2_common/pico_stdio/stdio.c.o
 .text.stdio_buffered_printer
                0x100030b0       0x60 CMakeFiles/proj-pico2w.dir/home/user/.pico-sdk/sdk/2.1.1/src/rp2_common/pico_stdio/stdio.c.o
 .text.stdio_put_string
                0x10003110       0xec CMakeFiles/proj-pico2w.dir/home/user/.pico-sdk/sdk/2.1.1/src/rp2_common/pico_stdio/stdio.c.o
                0x10003110                stdio_put_string
 .text.stdio_set_driver_enabled
                0x100031fc       0x28 CMakeFiles/proj-pico2w.dir/home/user/.pico-sdk/sdk/2.1.1/src/rp2_common/pico_stdio/stdio.c.o
                0x100031fc                stdio_set_driver_enabled
 .text.stdio_init_all
                0x10003224        0xc CMakeFiles/proj-pico2w.dir/home/user/.pico-sdk/sdk/2.1.1/src/rp2_common/pico_stdio/stdio.c.o
                0x10003224                stdio_init_all
 .text.__wrap_putchar
                0x10003230       0x84 CMakeFiles/proj-pico2w.dir/home/user/.pico-sdk/sdk/2.1.1/src/rp2_common/pico_stdio/stdio.c.o
                0x10003230                stdio_putchar
                0x10003230                __wrap_putchar
 .text.__wrap_puts
                0x100032b4       0x3c CMakeFiles/proj-pico2w.dir/home/user/.pico-sdk/sdk/2.1.1/src/rp2_common/pico_stdio/stdio.c.o
                0x100032b4                __wrap_puts
                0x100032b4                stdio_puts
 .text.__wrap_vprintf
                0x100032f0       0xc4 CMakeFiles/proj-pico2w.dir/home/user/.pico-sdk/sdk/2.1.1/src/rp2_common/pico_stdio/stdio.c.o
                0x100032f0                __wrap_vprintf
                0x100032f0                stdio_vprintf
 .text.__wrap_printf
                0x100033b4       0x1c CMakeFiles/proj-pico2w.dir/home/user/.pico-sdk/sdk/2.1.1/src/rp2_common/pico_stdio/stdio.c.o
                0x100033b4                stdio_printf
                0x100033b4                __wrap_printf
 .text.stdio_uart_out_chars
                0x100033d0       0x50 CMakeFiles/proj-pico2w.dir/home/user/.pico-sdk/sdk/2.1.1/src/rp2_common/pico_stdio_uart/stdio_uart.c.o
 .text.stdio_uart_in_chars
                0x10003420       0x94 CMakeFiles/proj-pico2w.dir/home/user/.pico-sdk/sdk/2.1.1/src/rp2_common/pico_stdio_uart/stdio_uart.c.o
                0x10003420                stdio_uart_in_chars
 .text.on_uart_rx
                0x100034b4       0x24 CMakeFiles/proj-pico2w.dir/home/user/.pico-sdk/sdk/2.1.1/src/rp2_common/pico_stdio_uart/stdio_uart.c.o
 .text.stdio_uart_out_flush
                0x100034d8       0x10 CMakeFiles/proj-pico2w.dir/home/user/.pico-sdk/sdk/2.1.1/src/rp2_common/pico_stdio_uart/stdio_uart.c.o
 .text.stdio_uart_set_chars_available_callback
                0x100034e8       0x88 CMakeFiles/proj-pico2w.dir/home/user/.pico-sdk/sdk/2.1.1/src/rp2_common/pico_stdio_uart/stdio_uart.c.o
 .text.stdio_uart_init
                0x10003570       0x54 CMakeFiles/proj-pico2w.dir/home/user/.pico-sdk/sdk/2.1.1/src/rp2_common/pico_stdio_uart/stdio_uart.c.o
                0x10003570                stdio_uart_init
 .text.i2c_write_blocking_internal.constprop.0
                0x100035c4       0x9c CMakeFiles/proj-pico2w.dir/home/user/.pico-sdk/sdk/2.1.1/src/rp2_common/hardware_i2c/i2c.c.o
 .text.i2c_set_baudrate
                0x10003660       0xa4 CMakeFiles/proj-pico2w.dir/home/user/.pico-sdk/sdk/2.1.1/src/rp2_common/hardware_i2c/i2c.c.o
                0x10003660                i2c_set_baudrate
 .text.i2c_init
                0x10003704       0x4c CMakeFiles/proj-pico2w.dir/home/user/.pico-sdk/sdk/2.1.1/src/rp2_common/hardware_i2c/i2c.c.o
                0x10003704                i2c_init
 .text.i2c_write_blocking
                0x10003750       0x10 CMakeFiles/proj-pico2w.dir/home/user/.pico-sdk/sdk/2.1.1/src/rp2_common/hardware_i2c/i2c.c.o
                0x10003750                i2c_write_blocking
 .text.startup._retrieve_unique_id_on_boot
                0x10003760       0x30 CMakeFiles/proj-pico2w.dir/home/user/.pico-sdk/sdk/2.1.1/src/rp2_common/pico_unique_id/unique_id.c.o
 .text.ssd1306_draw_char_with_font.part.0
                0x10003790      0x12c CMakeFiles/proj-pico2w.dir/lib/pico-ssd1306/ssd1306.c.o
 .text.ssd1306_init
                0x100038bc      0x140 CMakeFiles/proj-pico2w.dir/lib/pico-ssd1306/ssd1306.c.o
                0x100038bc                ssd1306_init
 .text.ssd1306_clear
                0x100039fc        0xc CMakeFiles/proj-pico2w.dir/lib/pico-ssd1306/ssd1306.c.o
                0x100039fc                ssd1306_clear
 .text.ssd1306_draw_line
                0x10003a08       0xbc CMakeFiles/proj-pico2w.dir/lib/pico-ssd1306/ssd1306.c.o
                0x10003a08                ssd1306_draw_line
 .text.ssd1306_draw_string
                0x10003ac4       0x58 CMakeFiles/proj-pico2w.dir/lib/pico-ssd1306/ssd1306.c.o
                0x10003ac4                ssd1306_draw_string
 .text.ssd1306_show
                0x10003b1c       0xd0 CMakeFiles/proj-pico2w.dir/lib/pico-ssd1306/ssd1306.c.o
                0x10003b1c                ssd1306_show
 .text.abort    0x10003bec       0x10 /home/user/.pico-sdk/toolchain/14_2_Rel1/bin/../lib/gcc/arm-none-eabi/14.2.1/../../../../arm-none-eabi/lib/thumb/v8-m.main+fp/softfp/libg.a(libc_a-abort.o)
                0x10003bec                abort
 .text.malloc   0x10003bfc       0x10 /home/user/.pico-sdk/toolchain/14_2_Rel1/bin/../lib/gcc/arm-none-eabi/14.2.1/../../../../arm-none-eabi/lib/thumb/v8-m.main+fp/softfp/libg.a(libc_a-malloc.o)
                0x10003bfc                malloc
 .text._malloc_r
                0x10003c0c      0x578 /home/user/.pico-sdk/toolchain/14_2_Rel1/bin/../lib/gcc/arm-none-eabi/14.2.1/../../../../arm-none-eabi/lib/thumb/v8-m.main+fp/softfp/libg.a(libc_a-mallocr.o)
                0x10003c0c                _malloc_r
 .text.__malloc_lock
                0x10004184        0xc /home/user/.pico-sdk/toolchain/14_2_Rel1/bin/../lib/gcc/arm-none-eabi/14.2.1/../../../../arm-none-eabi/lib/thumb/v8-m.main+fp/softfp/libg.a(libc_a-mlock.o)
                0x10004184                __malloc_lock
 .text.__malloc_unlock
                0x10004190        0xc /home/user/.pico-sdk/toolchain/14_2_Rel1/bin/../lib/gcc/arm-none-eabi/14.2.1/../../../../arm-none-eabi/lib/thumb/v8-m.main+fp/softfp/libg.a(libc_a-mlock.o)
                0x10004190                __malloc_unlock
 .text.memset   0x1000419c       0x9c /home/user/.pico-sdk/toolchain/14_2_Rel1/bin/../lib/gcc/arm-none-eabi/14.2.1/../../../../arm-none-eabi/lib/thumb/v8-m.main+fp/softfp/libg.a(libc_a-memset.o)
                0x1000419c                memset
 .text.raise    0x10004238       0x58 /home/user/.pico-sdk/toolchain/14_2_Rel1/bin/../lib/gcc/arm-none-eabi/14.2.1/../../../../arm-none-eabi/lib/thumb/v8-m.main+fp/softfp/libg.a(libc_a-signal.o)
                0x10004238                raise
 .text._kill_r  0x10004290       0x2c /home/user/.pico-sdk/toolchain/14_2_Rel1/bin/../lib/gcc/arm-none-eabi/14.2.1/../../../../arm-none-eabi/lib/thumb/v8-m.main+fp/softfp/libg.a(libc_a-signalr.o)
                0x10004290                _kill_r
 .text._getpid_r
                0x100042bc        0x4 /home/user/.pico-sdk/toolchain/14_2_Rel1/bin/../lib/gcc/arm-none-eabi/14.2.1/../../../../arm-none-eabi/lib/thumb/v8-m.main+fp/softfp/libg.a(libc_a-signalr.o)
                0x100042bc                _getpid_r
 .text._sbrk_r  0x100042c0       0x24 /home/user/.pico-sdk/toolchain/14_2_Rel1/bin/../lib/gcc/arm-none-eabi/14.2.1/../../../../arm-none-eabi/lib/thumb/v8-m.main+fp/softfp/libg.a(libc_a-sbrkr.o)
                0x100042c0                _sbrk_r
 .text.__errno  0x100042e4        0xc /home/user/.pico-sdk/toolchain/14_2_Rel1/bin/../lib/gcc/arm-none-eabi/14.2.1/../../../../arm-none-eabi/lib/thumb/v8-m.main+fp/softfp/libg.a(libc_a-errno.o)
                0x100042e4                __errno
 .text.__retarget_lock_acquire_recursive
                0x100042f0        0x4 /home/user/.pico-sdk/toolchain/14_2_Rel1/bin/../lib/gcc/arm-none-eabi/14.2.1/../../../../arm-none-eabi/lib/thumb/v8-m.main+fp/softfp/libg.a(libc_a-lock.o)
                0x100042f0                __retarget_lock_acquire_recursive
 .text.__retarget_lock_release_recursive
                0x100042f4        0x4 /home/user/.pico-sdk/toolchain/14_2_Rel1/bin/../lib/gcc/arm-none-eabi/14.2.1/../../../../arm-none-eabi/lib/thumb/v8-m.main+fp/softfp/libg.a(libc_a-lock.o)
                0x100042f4                __retarget_lock_release_recursive
 .text.sysconf  0x100042f8       0x1c /home/user/.pico-sdk/toolchain/14_2_Rel1/bin/../lib/gcc/arm-none-eabi/14.2.1/../../../../arm-none-eabi/lib/thumb/v8-m.main+fp/softfp/libg.a(libc_a-sysconf.o)
                0x100042f8                sysconf
 .text          0x10004314       0xec /home/user/.pico-sdk/toolchain/14_2_Rel1/bin/../lib/gcc/arm-none-eabi/14.2.1/../../../../arm-none-eabi/lib/thumb/v8-m.main+fp/softfp/libg.a(libc_a-memcpy.o)
                0x10004314                memcpy
 .text.strlen   0x10004400       0x5c /home/user/.pico-sdk/toolchain/14_2_Rel1/bin/../lib/gcc/arm-none-eabi/14.2.1/../../../../arm-none-eabi/lib/thumb/v8-m.main+fp/softfp/libg.a(libc_a-strlen-stub.o)
                0x10004400                strlen
 .text._malloc_trim_r
                0x1000445c       0xb8 /home/user/.pico-sdk/toolchain/14_2_Rel1/bin/../lib/gcc/arm-none-eabi/14.2.1/../../../../arm-none-eabi/lib/thumb/v8-m.main+fp/softfp/libg.a(libc_a-freer.o)
                0x1000445c                _malloc_trim_r
 .text._free_r  0x10004514      0x1e8 /home/user/.pico-sdk/toolchain/14_2_Rel1/bin/../lib/gcc/arm-none-eabi/14.2.1/../../../../arm-none-eabi/lib/thumb/v8-m.main+fp/softfp/libg.a(libc_a-freer.o)
                0x10004514                _free_r
 *(.fini)
 .fini          0x100046fc        0x4 /home/user/.pico-sdk/toolchain/14_2_Rel1/bin/../lib/gcc/arm-none-eabi/14.2.1/thumb/v8-m.main+fp/softfp/crti.o
                0x100046fc                _fini
 .fini.__stub   0x10004700       0x18 linker stubs
 *crtbegin.o(.ctors)
 *crtbegin?.o(.ctors)
 *(EXCLUDE_FILE(*crtend.o *crtend?.o) .ctors)
 *(SORT_BY_NAME(.ctors.*))
 *(.ctors)
 *crtbegin.o(.dtors)
 *crtbegin?.o(.dtors)
 *(EXCLUDE_FILE(*crtend.o *crtend?.o) .dtors)
 *(SORT_BY_NAME(.dtors.*))
 *(.dtors)
                0x10004718                        . = ALIGN (0x4)
                0x10004718                        PROVIDE (__preinit_array_start = .)
 *(SORT_BY_NAME(.preinit_array.*))
 .preinit_array.00050
                0x10004718        0x4 CMakeFiles/proj-pico2w.dir/home/user/.pico-sdk/sdk/2.1.1/src/rp2_common/pico_runtime_init/runtime_init.c.o
                0x10004718                __pre_init_runtime_init_bootrom_reset
 .preinit_array.00100
                0x1000471c        0x4 CMakeFiles/proj-pico2w.dir/home/user/.pico-sdk/sdk/2.1.1/src/rp2_common/pico_runtime_init/runtime_init.c.o
                0x1000471c                __pre_init_runtime_init_early_resets
 .preinit_array.00101
                0x10004720        0x4 CMakeFiles/proj-pico2w.dir/home/user/.pico-sdk/sdk/2.1.1/src/rp2_common/pico_runtime_init/runtime_init.c.o
                0x10004720                __pre_init_runtime_init_usb_power_down
 .preinit_array.00500
                0x10004724        0x4 CMakeFiles/proj-pico2w.dir/home/user/.pico-sdk/sdk/2.1.1/src/rp2_common/pico_runtime_init/runtime_init.c.o
                0x10004724                __pre_init_runtime_init_clocks
 .preinit_array.00600
                0x10004728        0x4 CMakeFiles/proj-pico2w.dir/home/user/.pico-sdk/sdk/2.1.1/src/rp2_common/pico_runtime_init/runtime_init.c.o
                0x10004728                __pre_init_runtime_init_post_clock_resets
 .preinit_array.01000
                0x1000472c        0x4 CMakeFiles/proj-pico2w.dir/home/user/.pico-sdk/sdk/2.1.1/src/rp2_common/hardware_boot_lock/boot_lock.c.o
                0x1000472c                __pre_init_runtime_init_boot_locks_reset
 .preinit_array.01000
                0x10004730        0x4 CMakeFiles/proj-pico2w.dir/home/user/.pico-sdk/sdk/2.1.1/src/rp2_common/pico_runtime_init/runtime_init.c.o
                0x10004730                __pre_init_runtime_init_spin_locks_reset
 .preinit_array.01010
                0x10004734        0x4 CMakeFiles/proj-pico2w.dir/home/user/.pico-sdk/sdk/2.1.1/src/rp2_common/pico_bootrom/bootrom_lock.c.o
                0x10004734                __pre_init_runtime_init_bootrom_locking_enable
 .preinit_array.01100
                0x10004738        0x4 CMakeFiles/proj-pico2w.dir/home/user/.pico-sdk/sdk/2.1.1/src/common/pico_sync/mutex.c.o
                0x10004738                __pre_init_runtime_init_mutex
 .preinit_array.10080
                0x1000473c        0x4 CMakeFiles/proj-pico2w.dir/home/user/.pico-sdk/sdk/2.1.1/src/rp2_common/pico_runtime_init/runtime_init.c.o
                0x1000473c                __pre_init_runtime_init_install_ram_vector_table
 .preinit_array.11000
                0x10004740        0x4 CMakeFiles/proj-pico2w.dir/home/user/.pico-sdk/sdk/2.1.1/src/common/pico_time/time.c.o
                0x10004740                __pre_init_runtime_init_default_alarm_pool
 .preinit_array.YYYYY
                0x10004744        0x4 CMakeFiles/proj-pico2w.dir/home/user/.pico-sdk/sdk/2.1.1/src/rp2_common/pico_runtime/runtime.c.o
                0x10004744                __pre_init_first_per_core_initializer
 .preinit_array.ZZZZZ.00051
                0x10004748        0x4 CMakeFiles/proj-pico2w.dir/home/user/.pico-sdk/sdk/2.1.1/src/rp2_common/pico_runtime_init/runtime_init.c.o
                0x10004748                __pre_init_runtime_init_per_core_bootrom_reset
 .preinit_array.ZZZZZ.00200
                0x1000474c        0x4 CMakeFiles/proj-pico2w.dir/home/user/.pico-sdk/sdk/2.1.1/src/rp2_common/pico_runtime_init/runtime_init.c.o
                0x1000474c                __pre_init_runtime_init_per_core_enable_coprocessors
 .preinit_array.ZZZZZ.01000
                0x10004750        0x4 CMakeFiles/proj-pico2w.dir/home/user/.pico-sdk/sdk/2.1.1/src/rp2_common/hardware_sync_spin_lock/sync_spin_lock.c.o
                0x10004750                __pre_init_spinlock_set_extexclall
 .preinit_array.ZZZZZ.01200
                0x10004754        0x4 CMakeFiles/proj-pico2w.dir/home/user/.pico-sdk/sdk/2.1.1/src/rp2_common/hardware_irq/irq.c.o
                0x10004754                __pre_init_runtime_init_per_core_irq_priorities
 *(.preinit_array)
                0x10004758                        PROVIDE (__preinit_array_end = .)
                0x10004758                        . = ALIGN (0x4)
                0x10004758                        PROVIDE (__init_array_start = .)
 *(SORT_BY_NAME(.init_array.*))
 *(.init_array)
 .init_array    0x10004758        0x4 /home/user/.pico-sdk/toolchain/14_2_Rel1/bin/../lib/gcc/arm-none-eabi/14.2.1/thumb/v8-m.main+fp/softfp/crtbegin.o
 .init_array    0x1000475c        0x4 CMakeFiles/proj-pico2w.dir/home/user/.pico-sdk/sdk/2.1.1/src/rp2_common/pico_unique_id/unique_id.c.o
                0x10004760                        PROVIDE (__init_array_end = .)
                0x10004760                        . = ALIGN (0x4)
                [!provide]                        PROVIDE (__fini_array_start = .)
 *(SORT_BY_NAME(.fini_array.*))
 *(.fini_array)
                [!provide]                        PROVIDE (__fini_array_end = .)
 *(.eh_frame*)
 .eh_frame      0x10004760        0x0 /home/user/.pico-sdk/toolchain/14_2_Rel1/bin/../lib/gcc/arm-none-eabi/14.2.1/thumb/v8-m.main+fp/softfp/crtbegin.o
                0x10004760                        . = ALIGN (0x4)

.glue_7         0x10004760        0x0
 .glue_7        0x10004760        0x0 linker stubs

.glue_7t        0x10004760        0x0
 .glue_7t       0x10004760        0x0 linker stubs

.vfp11_veneer   0x10004760        0x0
 .vfp11_veneer  0x10004760        0x0 linker stubs

.v4_bx          0x10004760        0x0
 .v4_bx         0x10004760        0x0 linker stubs

.iplt           0x10004760        0x0
 .iplt          0x10004760        0x0 /home/user/.pico-sdk/toolchain/14_2_Rel1/bin/../lib/gcc/arm-none-eabi/14.2.1/thumb/v8-m.main+fp/softfp/crtbegin.o

.boot2          0x10004760        0x0
                0x10004760                        __boot2_start__ = .
 *(.boot2)
                0x10004760                        __boot2_end__ = .
                0x00000001                        ASSERT (((__boot2_end__ - __boot2_start__) <= 0x100), ERROR: Pico second stage bootloader must be no more than 256 bytes in size)

.rodata         0x10004760      0x408
 *(EXCLUDE_FILE(*libm.a: *libc.a:*lib_a-mem*.o *libgcc.a:) .rodata*)
 .rodata._Z8drawTestP9ssd1306_t.str1.4
                0x10004760      0x155 CMakeFiles/proj-pico2w.dir/proj-pico2w.cpp.o
                                  0x8 (size before relaxing)
 .rodata._Z9drawBlinkP9ssd1306_t.str1.4
                0x100048b5        0x6 CMakeFiles/proj-pico2w.dir/proj-pico2w.cpp.o
 .rodata.main.str1.4
                0x100048b5       0x15 CMakeFiles/proj-pico2w.dir/proj-pico2w.cpp.o
 .rodata.panic.str1.4
                0x100048b5       0x12 CMakeFiles/proj-pico2w.dir/home/user/.pico-sdk/sdk/2.1.1/src/rp2_common/pico_platform_panic/panic.c.o
 .rodata.timer_hardware_alarm_claim.str1.4
                0x100048b5       0x22 CMakeFiles/proj-pico2w.dir/home/user/.pico-sdk/sdk/2.1.1/src/rp2_common/hardware_timer/timer.c.o
 .rodata.hard_assertion_failure.str1.4
                0x100048b5        0xc CMakeFiles/proj-pico2w.dir/home/user/.pico-sdk/sdk/2.1.1/src/rp2_common/pico_runtime/runtime.c.o
 .rodata.__wrap_malloc.str1.4
                0x100048b5        0xe CMakeFiles/proj-pico2w.dir/home/user/.pico-sdk/sdk/2.1.1/src/rp2_common/pico_malloc/malloc.c.o
 .rodata.str1.4
                0x100048b5       0x44 CMakeFiles/proj-pico2w.dir/home/user/.pico-sdk/sdk/2.1.1/src/rp2_common/pico_standard_binary_info/standard_binary_info.c.o
 *fill*         0x100048b5        0x3 
 .rodata.__bi_84
                0x100048b8        0xc CMakeFiles/proj-pico2w.dir/home/user/.pico-sdk/sdk/2.1.1/src/rp2_common/pico_standard_binary_info/standard_binary_info.c.o
 .rodata.__bi_78
                0x100048c4        0xc CMakeFiles/proj-pico2w.dir/home/user/.pico-sdk/sdk/2.1.1/src/rp2_common/pico_standard_binary_info/standard_binary_info.c.o
 .rodata.__bi_60
                0x100048d0        0xc CMakeFiles/proj-pico2w.dir/home/user/.pico-sdk/sdk/2.1.1/src/rp2_common/pico_standard_binary_info/standard_binary_info.c.o
 .rodata.__bi_54
                0x100048dc        0xc CMakeFiles/proj-pico2w.dir/home/user/.pico-sdk/sdk/2.1.1/src/rp2_common/pico_standard_binary_info/standard_binary_info.c.o
 .rodata.__bi_48
                0x100048e8        0xc CMakeFiles/proj-pico2w.dir/home/user/.pico-sdk/sdk/2.1.1/src/rp2_common/pico_standard_binary_info/standard_binary_info.c.o
 .rodata.__bi_42
                0x100048f4        0xc CMakeFiles/proj-pico2w.dir/home/user/.pico-sdk/sdk/2.1.1/src/rp2_common/pico_standard_binary_info/standard_binary_info.c.o
 .rodata.__bi_34
                0x10004900        0xc CMakeFiles/proj-pico2w.dir/home/user/.pico-sdk/sdk/2.1.1/src/rp2_common/pico_standard_binary_info/standard_binary_info.c.o
 .rodata.__bi_26
                0x1000490c        0xc CMakeFiles/proj-pico2w.dir/home/user/.pico-sdk/sdk/2.1.1/src/rp2_common/pico_standard_binary_info/standard_binary_info.c.o
 .rodata._ftoa.str1.4
                0x10004918       0x15 CMakeFiles/proj-pico2w.dir/home/user/.pico-sdk/sdk/2.1.1/src/rp2_common/pico_printf/printf.c.o
 .rodata.pow10.0
                0x10004918       0x50 CMakeFiles/proj-pico2w.dir/home/user/.pico-sdk/sdk/2.1.1/src/rp2_common/pico_printf/printf.c.o
 .rodata.crlf_str.0
                0x10004968        0x2 CMakeFiles/proj-pico2w.dir/home/user/.pico-sdk/sdk/2.1.1/src/rp2_common/pico_stdio/stdio.c.o
 .rodata.str1.4
                0x1000496a       0x2c CMakeFiles/proj-pico2w.dir/home/user/.pico-sdk/sdk/2.1.1/src/rp2_common/pico_stdio_uart/stdio_uart.c.o
 *fill*         0x1000496a        0x2 
 .rodata.__bi_45.4
                0x1000496c        0xc CMakeFiles/proj-pico2w.dir/home/user/.pico-sdk/sdk/2.1.1/src/rp2_common/pico_stdio_uart/stdio_uart.c.o
 .rodata.__bi_49.5
                0x10004978        0x8 CMakeFiles/proj-pico2w.dir/home/user/.pico-sdk/sdk/2.1.1/src/rp2_common/pico_stdio_uart/stdio_uart.c.o
 .rodata.__bi_50.6
                0x10004980        0x8 CMakeFiles/proj-pico2w.dir/home/user/.pico-sdk/sdk/2.1.1/src/rp2_common/pico_stdio_uart/stdio_uart.c.o
 .rodata.ssd1306_init.str1.4
                0x10004988       0x3f CMakeFiles/proj-pico2w.dir/lib/pico-ssd1306/ssd1306.c.o
 .rodata.ssd1306_show.str1.4
                0x10004988        0xd CMakeFiles/proj-pico2w.dir/lib/pico-ssd1306/ssd1306.c.o
 .rodata.font_8x5
                0x10004988      0x1e0 CMakeFiles/proj-pico2w.dir/lib/pico-ssd1306/ssd1306.c.o
                0x10004988                font_8x5
 *(.srodata*)
                0x10004b68                        . = ALIGN (0x4)
 *(SORT_BY_ALIGNMENT(SORT_BY_NAME(.flashdata*)))
                0x10004b68                        . = ALIGN (0x4)

.ARM.extab      0x10004b68        0xc
 *(.ARM.extab* .gnu.linkonce.armextab.*)
 .ARM.extab.text.__gnu_Unwind_Resume_or_Rethrow
                0x10004b68        0xc /home/user/.pico-sdk/toolchain/14_2_Rel1/bin/../lib/gcc/arm-none-eabi/14.2.1/thumb/v8-m.main+fp/softfp/libgcc.a(unwind-arm.o)
                0x10004b74                        __exidx_start = .

.ARM.exidx      0x10004b74       0xa0
 *(.ARM.exidx* .gnu.linkonce.armexidx.*)
 .ARM.exidx.text._Z8drawTestP9ssd1306_t
                0x10004b74        0x8 CMakeFiles/proj-pico2w.dir/proj-pico2w.cpp.o
 .ARM.exidx.text.startup.main
                0x10004b7c       0x10 CMakeFiles/proj-pico2w.dir/proj-pico2w.cpp.o
                                  0x8 (size before relaxing)
 .ARM.exidx     0x10004b8c        0x0 /home/user/.pico-sdk/toolchain/14_2_Rel1/bin/../lib/gcc/arm-none-eabi/14.2.1/../../../../arm-none-eabi/lib/thumb/v8-m.main+fp/softfp/libg.a(libc_a-memcpy.o)
                                  0x8 (size before relaxing)
 .ARM.exidx.text.__udivmoddi4
                0x10004b8c        0x0 /home/user/.pico-sdk/toolchain/14_2_Rel1/bin/../lib/gcc/arm-none-eabi/14.2.1/thumb/v8-m.main+fp/softfp/libgcc.a(_udivmoddi4.o)
                                  0x8 (size before relaxing)
 .ARM.exidx.text.selfrel_offset31
                0x10004b8c        0x0 /home/user/.pico-sdk/toolchain/14_2_Rel1/bin/../lib/gcc/arm-none-eabi/14.2.1/thumb/v8-m.main+fp/softfp/libgcc.a(unwind-arm.o)
                                  0x8 (size before relaxing)
 .ARM.exidx.text.search_EIT_table
                0x10004b8c        0x0 /home/user/.pico-sdk/toolchain/14_2_Rel1/bin/../lib/gcc/arm-none-eabi/14.2.1/thumb/v8-m.main+fp/softfp/libgcc.a(unwind-arm.o)
                                  0x8 (size before relaxing)
 .ARM.exidx.text.__gnu_unwind_get_pr_addr
                0x10004b8c        0x0 /home/user/.pico-sdk/toolchain/14_2_Rel1/bin/../lib/gcc/arm-none-eabi/14.2.1/thumb/v8-m.main+fp/softfp/libgcc.a(unwind-arm.o)
                                  0x8 (size before relaxing)
 .ARM.exidx.text.get_eit_entry
                0x10004b8c        0x8 /home/user/.pico-sdk/toolchain/14_2_Rel1/bin/../lib/gcc/arm-none-eabi/14.2.1/thumb/v8-m.main+fp/softfp/libgcc.a(unwind-arm.o)
 .ARM.exidx.text.restore_non_core_regs
                0x10004b94        0x8 /home/user/.pico-sdk/toolchain/14_2_Rel1/bin/../lib/gcc/arm-none-eabi/14.2.1/thumb/v8-m.main+fp/softfp/libgcc.a(unwind-arm.o)
 .ARM.exidx.text._Unwind_decode_typeinfo_ptr.constprop.0
                0x10004b9c        0x8 /home/user/.pico-sdk/toolchain/14_2_Rel1/bin/../lib/gcc/arm-none-eabi/14.2.1/thumb/v8-m.main+fp/softfp/libgcc.a(unwind-arm.o)
 .ARM.exidx.text._Unwind_DebugHook
                0x10004ba4        0x0 /home/user/.pico-sdk/toolchain/14_2_Rel1/bin/../lib/gcc/arm-none-eabi/14.2.1/thumb/v8-m.main+fp/softfp/libgcc.a(unwind-arm.o)
                                  0x8 (size before relaxing)
 .ARM.exidx.text.unwind_phase2
                0x10004ba4        0x8 /home/user/.pico-sdk/toolchain/14_2_Rel1/bin/../lib/gcc/arm-none-eabi/14.2.1/thumb/v8-m.main+fp/softfp/libgcc.a(unwind-arm.o)
 .ARM.exidx.text.unwind_phase2_forced
                0x10004bac        0x8 /home/user/.pico-sdk/toolchain/14_2_Rel1/bin/../lib/gcc/arm-none-eabi/14.2.1/thumb/v8-m.main+fp/softfp/libgcc.a(unwind-arm.o)
 .ARM.exidx.text.__gnu_Unwind_RaiseException
                0x10004bb4        0x8 /home/user/.pico-sdk/toolchain/14_2_Rel1/bin/../lib/gcc/arm-none-eabi/14.2.1/thumb/v8-m.main+fp/softfp/libgcc.a(unwind-arm.o)
 .ARM.exidx.text.__gnu_Unwind_ForcedUnwind
                0x10004bbc        0x8 /home/user/.pico-sdk/toolchain/14_2_Rel1/bin/../lib/gcc/arm-none-eabi/14.2.1/thumb/v8-m.main+fp/softfp/libgcc.a(unwind-arm.o)
 .ARM.exidx.text.__gnu_Unwind_Resume
                0x10004bc4        0x8 /home/user/.pico-sdk/toolchain/14_2_Rel1/bin/../lib/gcc/arm-none-eabi/14.2.1/thumb/v8-m.main+fp/softfp/libgcc.a(unwind-arm.o)
 .ARM.exidx.text.__gnu_Unwind_Resume_or_Rethrow
                0x10004bcc        0x8 /home/user/.pico-sdk/toolchain/14_2_Rel1/bin/../lib/gcc/arm-none-eabi/14.2.1/thumb/v8-m.main+fp/softfp/libgcc.a(unwind-arm.o)
 .ARM.exidx.text._Unwind_VRS_Get
                0x10004bd4        0x8 /home/user/.pico-sdk/toolchain/14_2_Rel1/bin/../lib/gcc/arm-none-eabi/14.2.1/thumb/v8-m.main+fp/softfp/libgcc.a(unwind-arm.o)
 .ARM.exidx.text._Unwind_GetGR
                0x10004bdc        0x0 /home/user/.pico-sdk/toolchain/14_2_Rel1/bin/../lib/gcc/arm-none-eabi/14.2.1/thumb/v8-m.main+fp/softfp/libgcc.a(unwind-arm.o)
                                  0x8 (size before relaxing)
 .ARM.exidx.text._Unwind_VRS_Set
                0x10004bdc        0x0 /home/user/.pico-sdk/toolchain/14_2_Rel1/bin/../lib/gcc/arm-none-eabi/14.2.1/thumb/v8-m.main+fp/softfp/libgcc.a(unwind-arm.o)
                                  0x8 (size before relaxing)
 .ARM.exidx.text._Unwind_SetGR
                0x10004bdc        0x0 /home/user/.pico-sdk/toolchain/14_2_Rel1/bin/../lib/gcc/arm-none-eabi/14.2.1/thumb/v8-m.main+fp/softfp/libgcc.a(unwind-arm.o)
                                  0x8 (size before relaxing)
 .ARM.exidx.text.__gnu_Unwind_Backtrace
                0x10004bdc        0x8 /home/user/.pico-sdk/toolchain/14_2_Rel1/bin/../lib/gcc/arm-none-eabi/14.2.1/thumb/v8-m.main+fp/softfp/libgcc.a(unwind-arm.o)
 .ARM.exidx.text.__gnu_unwind_pr_common
                0x10004be4        0x8 /home/user/.pico-sdk/toolchain/14_2_Rel1/bin/../lib/gcc/arm-none-eabi/14.2.1/thumb/v8-m.main+fp/softfp/libgcc.a(unwind-arm.o)
 .ARM.exidx.text.__aeabi_unwind_cpp_pr0
                0x10004bec        0x8 /home/user/.pico-sdk/toolchain/14_2_Rel1/bin/../lib/gcc/arm-none-eabi/14.2.1/thumb/v8-m.main+fp/softfp/libgcc.a(unwind-arm.o)
 .ARM.exidx.text.__aeabi_unwind_cpp_pr1
                0x10004bf4        0x0 /home/user/.pico-sdk/toolchain/14_2_Rel1/bin/../lib/gcc/arm-none-eabi/14.2.1/thumb/v8-m.main+fp/softfp/libgcc.a(unwind-arm.o)
                                  0x8 (size before relaxing)
 .ARM.exidx.text.__aeabi_unwind_cpp_pr2
                0x10004bf4        0x0 /home/user/.pico-sdk/toolchain/14_2_Rel1/bin/../lib/gcc/arm-none-eabi/14.2.1/thumb/v8-m.main+fp/softfp/libgcc.a(unwind-arm.o)
                                  0x8 (size before relaxing)
 .ARM.exidx.text._Unwind_VRS_Pop
                0x10004bf4       0x10 /home/user/.pico-sdk/toolchain/14_2_Rel1/bin/../lib/gcc/arm-none-eabi/14.2.1/thumb/v8-m.main+fp/softfp/libgcc.a(unwind-arm.o)
                                  0x8 (size before relaxing)
 .ARM.exidx.text.next_unwind_byte
                0x10004c04        0x0 /home/user/.pico-sdk/toolchain/14_2_Rel1/bin/../lib/gcc/arm-none-eabi/14.2.1/thumb/v8-m.main+fp/softfp/libgcc.a(pr-support.o)
                                  0x8 (size before relaxing)
 .ARM.exidx.text.__gnu_unwind_execute
                0x10004c04       0x10 /home/user/.pico-sdk/toolchain/14_2_Rel1/bin/../lib/gcc/arm-none-eabi/14.2.1/thumb/v8-m.main+fp/softfp/libgcc.a(pr-support.o)
                                  0x8 (size before relaxing)
                0x10004c14                        __exidx_end = .
                0x10004c14                        . = ALIGN (0x4)
                0x10004c14                        __binary_info_start = .

.binary_info    0x10004c14       0x2c
 *(.binary_info.keep.*)
 .binary_info.keep.__bi_ptr84
                0x10004c14        0x4 CMakeFiles/proj-pico2w.dir/home/user/.pico-sdk/sdk/2.1.1/src/rp2_common/pico_standard_binary_info/standard_binary_info.c.o
 .binary_info.keep.__bi_ptr78
                0x10004c18        0x4 CMakeFiles/proj-pico2w.dir/home/user/.pico-sdk/sdk/2.1.1/src/rp2_common/pico_standard_binary_info/standard_binary_info.c.o
 .binary_info.keep.__bi_ptr60
                0x10004c1c        0x4 CMakeFiles/proj-pico2w.dir/home/user/.pico-sdk/sdk/2.1.1/src/rp2_common/pico_standard_binary_info/standard_binary_info.c.o
 .binary_info.keep.__bi_ptr54
                0x10004c20        0x4 CMakeFiles/proj-pico2w.dir/home/user/.pico-sdk/sdk/2.1.1/src/rp2_common/pico_standard_binary_info/standard_binary_info.c.o
 .binary_info.keep.__bi_ptr48
                0x10004c24        0x4 CMakeFiles/proj-pico2w.dir/home/user/.pico-sdk/sdk/2.1.1/src/rp2_common/pico_standard_binary_info/standard_binary_info.c.o
 .binary_info.keep.__bi_ptr42
                0x10004c28        0x4 CMakeFiles/proj-pico2w.dir/home/user/.pico-sdk/sdk/2.1.1/src/rp2_common/pico_standard_binary_info/standard_binary_info.c.o
 .binary_info.keep.__bi_ptr34
                0x10004c2c        0x4 CMakeFiles/proj-pico2w.dir/home/user/.pico-sdk/sdk/2.1.1/src/rp2_common/pico_standard_binary_info/standard_binary_info.c.o
 .binary_info.keep.__bi_ptr26
                0x10004c30        0x4 CMakeFiles/proj-pico2w.dir/home/user/.pico-sdk/sdk/2.1.1/src/rp2_common/pico_standard_binary_info/standard_binary_info.c.o
 *(.binary_info.*)
 .binary_info.__bi_ptr50
                0x10004c34        0x4 CMakeFiles/proj-pico2w.dir/home/user/.pico-sdk/sdk/2.1.1/src/rp2_common/pico_stdio_uart/stdio_uart.c.o
 .binary_info.__bi_ptr49
                0x10004c38        0x4 CMakeFiles/proj-pico2w.dir/home/user/.pico-sdk/sdk/2.1.1/src/rp2_common/pico_stdio_uart/stdio_uart.c.o
 .binary_info.__bi_ptr45
                0x10004c3c        0x4 CMakeFiles/proj-pico2w.dir/home/user/.pico-sdk/sdk/2.1.1/src/rp2_common/pico_stdio_uart/stdio_uart.c.o
                0x10004c40                        __binary_info_end = .
                0x10004c40                        . = ALIGN (0x4)

.ram_vector_table
                0x20000000      0x110
 *(.ram_vector_table)
 .ram_vector_table
                0x20000000      0x110 CMakeFiles/proj-pico2w.dir/home/user/.pico-sdk/sdk/2.1.1/src/rp2_common/pico_runtime_init/runtime_init.c.o
                0x20000000                ram_vector_table

.uninitialized_data
                0x20000110        0x0
                0x20000110                        . = ALIGN (0x4)
 *(.uninitialized_data*)

.data           0x20000110     0x1a08 load address 0x10004c40
                0x20000110                        __data_start__ = .
 *(vtable)
 *(.time_critical*)
 .time_critical.mutex_enter_block_until
                0x20000110       0x6c CMakeFiles/proj-pico2w.dir/home/user/.pico-sdk/sdk/2.1.1/src/common/pico_sync/mutex.c.o
                0x20000110                mutex_enter_block_until
 .time_critical.mutex_try_enter_block_until
                0x2000017c       0x68 CMakeFiles/proj-pico2w.dir/home/user/.pico-sdk/sdk/2.1.1/src/common/pico_sync/mutex.c.o
                0x2000017c                mutex_try_enter_block_until
 .time_critical.mutex_exit
                0x200001e4       0x3c CMakeFiles/proj-pico2w.dir/home/user/.pico-sdk/sdk/2.1.1/src/common/pico_sync/mutex.c.o
                0x200001e4                mutex_exit
 *(.text*)
 .text          0x20000220       0x30 /home/user/.pico-sdk/toolchain/14_2_Rel1/bin/../lib/gcc/arm-none-eabi/14.2.1/thumb/v8-m.main+fp/softfp/libgcc.a(_aeabi_uldivmod.o)
                0x20000220                __aeabi_uldivmod
 .text.__udivmoddi4
                0x20000250      0x34c /home/user/.pico-sdk/toolchain/14_2_Rel1/bin/../lib/gcc/arm-none-eabi/14.2.1/thumb/v8-m.main+fp/softfp/libgcc.a(_udivmoddi4.o)
                0x20000250                __udivmoddi4
 .text.selfrel_offset31
                0x2000059c       0x14 /home/user/.pico-sdk/toolchain/14_2_Rel1/bin/../lib/gcc/arm-none-eabi/14.2.1/thumb/v8-m.main+fp/softfp/libgcc.a(unwind-arm.o)
 .text.search_EIT_table
                0x200005b0       0x5c /home/user/.pico-sdk/toolchain/14_2_Rel1/bin/../lib/gcc/arm-none-eabi/14.2.1/thumb/v8-m.main+fp/softfp/libgcc.a(unwind-arm.o)
 .text.__gnu_unwind_get_pr_addr
                0x2000060c       0x28 /home/user/.pico-sdk/toolchain/14_2_Rel1/bin/../lib/gcc/arm-none-eabi/14.2.1/thumb/v8-m.main+fp/softfp/libgcc.a(unwind-arm.o)
 .text.get_eit_entry
                0x20000634       0x98 /home/user/.pico-sdk/toolchain/14_2_Rel1/bin/../lib/gcc/arm-none-eabi/14.2.1/thumb/v8-m.main+fp/softfp/libgcc.a(unwind-arm.o)
 .text.restore_non_core_regs
                0x200006cc       0x58 /home/user/.pico-sdk/toolchain/14_2_Rel1/bin/../lib/gcc/arm-none-eabi/14.2.1/thumb/v8-m.main+fp/softfp/libgcc.a(unwind-arm.o)
 .text._Unwind_decode_typeinfo_ptr.constprop.0
                0x20000724        0xc /home/user/.pico-sdk/toolchain/14_2_Rel1/bin/../lib/gcc/arm-none-eabi/14.2.1/thumb/v8-m.main+fp/softfp/libgcc.a(unwind-arm.o)
 .text._Unwind_DebugHook
                0x20000730        0x4 /home/user/.pico-sdk/toolchain/14_2_Rel1/bin/../lib/gcc/arm-none-eabi/14.2.1/thumb/v8-m.main+fp/softfp/libgcc.a(unwind-arm.o)
 .text.unwind_phase2
                0x20000734       0x40 /home/user/.pico-sdk/toolchain/14_2_Rel1/bin/../lib/gcc/arm-none-eabi/14.2.1/thumb/v8-m.main+fp/softfp/libgcc.a(unwind-arm.o)
 .text.unwind_phase2_forced
                0x20000774       0xdc /home/user/.pico-sdk/toolchain/14_2_Rel1/bin/../lib/gcc/arm-none-eabi/14.2.1/thumb/v8-m.main+fp/softfp/libgcc.a(unwind-arm.o)
 .text.__gnu_Unwind_RaiseException
                0x20000850       0x6c /home/user/.pico-sdk/toolchain/14_2_Rel1/bin/../lib/gcc/arm-none-eabi/14.2.1/thumb/v8-m.main+fp/softfp/libgcc.a(unwind-arm.o)
                0x20000850                __gnu_Unwind_RaiseException
 .text.__gnu_Unwind_ForcedUnwind
                0x200008bc       0x14 /home/user/.pico-sdk/toolchain/14_2_Rel1/bin/../lib/gcc/arm-none-eabi/14.2.1/thumb/v8-m.main+fp/softfp/libgcc.a(unwind-arm.o)
                0x200008bc                __gnu_Unwind_ForcedUnwind
 .text.__gnu_Unwind_Resume
                0x200008d0       0x44 /home/user/.pico-sdk/toolchain/14_2_Rel1/bin/../lib/gcc/arm-none-eabi/14.2.1/thumb/v8-m.main+fp/softfp/libgcc.a(unwind-arm.o)
                0x200008d0                __gnu_Unwind_Resume
 .text.__gnu_Unwind_Resume_or_Rethrow
                0x20000914       0x20 /home/user/.pico-sdk/toolchain/14_2_Rel1/bin/../lib/gcc/arm-none-eabi/14.2.1/thumb/v8-m.main+fp/softfp/libgcc.a(unwind-arm.o)
                0x20000914                __gnu_Unwind_Resume_or_Rethrow
 .text._Unwind_VRS_Get
                0x20000934       0x34 /home/user/.pico-sdk/toolchain/14_2_Rel1/bin/../lib/gcc/arm-none-eabi/14.2.1/thumb/v8-m.main+fp/softfp/libgcc.a(unwind-arm.o)
                0x20000934                _Unwind_VRS_Get
 .text._Unwind_GetGR
                0x20000968       0x18 /home/user/.pico-sdk/toolchain/14_2_Rel1/bin/../lib/gcc/arm-none-eabi/14.2.1/thumb/v8-m.main+fp/softfp/libgcc.a(unwind-arm.o)
 .text._Unwind_VRS_Set
                0x20000980       0x34 /home/user/.pico-sdk/toolchain/14_2_Rel1/bin/../lib/gcc/arm-none-eabi/14.2.1/thumb/v8-m.main+fp/softfp/libgcc.a(unwind-arm.o)
                0x20000980                _Unwind_VRS_Set
 .text._Unwind_SetGR
                0x200009b4       0x18 /home/user/.pico-sdk/toolchain/14_2_Rel1/bin/../lib/gcc/arm-none-eabi/14.2.1/thumb/v8-m.main+fp/softfp/libgcc.a(unwind-arm.o)
 .text.__gnu_Unwind_Backtrace
                0x200009cc       0x88 /home/user/.pico-sdk/toolchain/14_2_Rel1/bin/../lib/gcc/arm-none-eabi/14.2.1/thumb/v8-m.main+fp/softfp/libgcc.a(unwind-arm.o)
                0x200009cc                __gnu_Unwind_Backtrace
 .text.__gnu_unwind_pr_common
                0x20000a54      0x2ac /home/user/.pico-sdk/toolchain/14_2_Rel1/bin/../lib/gcc/arm-none-eabi/14.2.1/thumb/v8-m.main+fp/softfp/libgcc.a(unwind-arm.o)
 .text.__aeabi_unwind_cpp_pr0
                0x20000d00        0x8 /home/user/.pico-sdk/toolchain/14_2_Rel1/bin/../lib/gcc/arm-none-eabi/14.2.1/thumb/v8-m.main+fp/softfp/libgcc.a(unwind-arm.o)
                0x20000d00                __aeabi_unwind_cpp_pr0
 .text.__aeabi_unwind_cpp_pr1
                0x20000d08        0x8 /home/user/.pico-sdk/toolchain/14_2_Rel1/bin/../lib/gcc/arm-none-eabi/14.2.1/thumb/v8-m.main+fp/softfp/libgcc.a(unwind-arm.o)
                0x20000d08                __aeabi_unwind_cpp_pr1
 .text.__aeabi_unwind_cpp_pr2
                0x20000d10        0x8 /home/user/.pico-sdk/toolchain/14_2_Rel1/bin/../lib/gcc/arm-none-eabi/14.2.1/thumb/v8-m.main+fp/softfp/libgcc.a(unwind-arm.o)
                0x20000d10                __aeabi_unwind_cpp_pr2
 .text._Unwind_VRS_Pop
                0x20000d18      0x308 /home/user/.pico-sdk/toolchain/14_2_Rel1/bin/../lib/gcc/arm-none-eabi/14.2.1/thumb/v8-m.main+fp/softfp/libgcc.a(unwind-arm.o)
                0x20000d18                _Unwind_VRS_Pop
 .text          0x20001020      0x1ac /home/user/.pico-sdk/toolchain/14_2_Rel1/bin/../lib/gcc/arm-none-eabi/14.2.1/thumb/v8-m.main+fp/softfp/libgcc.a(libunwind.o)
                0x20001020                __restore_core_regs
                0x20001020                restore_core_regs
                0x20001038                __gnu_Unwind_Restore_VFP
                0x20001040                __gnu_Unwind_Save_VFP
                0x20001048                __gnu_Unwind_Restore_VFP_D
                0x20001050                __gnu_Unwind_Save_VFP_D
                0x20001058                __gnu_Unwind_Restore_VFP_D_16_to_31
                0x20001060                __gnu_Unwind_Save_VFP_D_16_to_31
                0x20001068                __gnu_Unwind_Restore_WMMXD
                0x200010ac                __gnu_Unwind_Save_WMMXD
                0x200010f0                __gnu_Unwind_Restore_WMMXC
                0x20001104                __gnu_Unwind_Save_WMMXC
                0x20001118                ___Unwind_RaiseException
                0x20001118                _Unwind_RaiseException
                0x2000113c                ___Unwind_Resume
                0x2000113c                _Unwind_Resume
                0x20001160                _Unwind_Resume_or_Rethrow
                0x20001160                ___Unwind_Resume_or_Rethrow
                0x20001184                ___Unwind_ForcedUnwind
                0x20001184                _Unwind_ForcedUnwind
                0x200011a8                _Unwind_Backtrace
                0x200011a8                ___Unwind_Backtrace
 .text.next_unwind_byte
                0x200011cc       0x3c /home/user/.pico-sdk/toolchain/14_2_Rel1/bin/../lib/gcc/arm-none-eabi/14.2.1/thumb/v8-m.main+fp/softfp/libgcc.a(pr-support.o)
 .text.__gnu_unwind_execute
                0x20001208      0x308 /home/user/.pico-sdk/toolchain/14_2_Rel1/bin/../lib/gcc/arm-none-eabi/14.2.1/thumb/v8-m.main+fp/softfp/libgcc.a(pr-support.o)
                0x20001208                __gnu_unwind_execute
 .text          0x20001510        0x4 /home/user/.pico-sdk/toolchain/14_2_Rel1/bin/../lib/gcc/arm-none-eabi/14.2.1/thumb/v8-m.main+fp/softfp/libgcc.a(_dvmd_tls.o)
                0x20001510                __aeabi_ldiv0
                0x20001510                __aeabi_idiv0
 *fill*         0x20001514        0x4 
 .text.__stub   0x20001518       0x18 linker stubs
                0x20001530                        . = ALIGN (0x4)
 *(.rodata*)
                0x20001530                        . = ALIGN (0x4)
 *(.data*)
 .data.striped_spin_lock_num
                0x20001530        0x1 CMakeFiles/proj-pico2w.dir/home/user/.pico-sdk/sdk/2.1.1/src/rp2_common/hardware_sync/sync.c.o
 *fill*         0x20001531        0x3 
 .data          0x20001534       0x48 CMakeFiles/proj-pico2w.dir/home/user/.pico-sdk/sdk/2.1.1/src/rp2_common/hardware_irq/irq_handler_chain.S.o
                0x20001534                irq_handler_chain_slots
                0x20001564                irq_handler_chain_first_slot
                0x2000156e                irq_handler_chain_remove_tail
 .data.default_alarm_pool
                0x2000157c       0x18 CMakeFiles/proj-pico2w.dir/home/user/.pico-sdk/sdk/2.1.1/src/common/pico_time/time.c.o
 .data.stdio_uart
                0x20001594       0x18 CMakeFiles/proj-pico2w.dir/home/user/.pico-sdk/sdk/2.1.1/src/rp2_common/pico_stdio_uart/stdio_uart.c.o
                0x20001594                stdio_uart
 .data.i2c0_inst
                0x200015ac        0x8 CMakeFiles/proj-pico2w.dir/home/user/.pico-sdk/sdk/2.1.1/src/rp2_common/hardware_i2c/i2c.c.o
                0x200015ac                i2c0_inst
 .data.__malloc_sbrk_base
                0x200015b4        0x4 /home/user/.pico-sdk/toolchain/14_2_Rel1/bin/../lib/gcc/arm-none-eabi/14.2.1/../../../../arm-none-eabi/lib/thumb/v8-m.main+fp/softfp/libg.a(libc_a-mallocr.o)
                0x200015b4                __malloc_sbrk_base
 .data.__malloc_trim_threshold
                0x200015b8        0x4 /home/user/.pico-sdk/toolchain/14_2_Rel1/bin/../lib/gcc/arm-none-eabi/14.2.1/../../../../arm-none-eabi/lib/thumb/v8-m.main+fp/softfp/libg.a(libc_a-mallocr.o)
                0x200015b8                __malloc_trim_threshold
 *fill*         0x200015bc        0x4 
 .data.__malloc_av_
                0x200015c0      0x408 /home/user/.pico-sdk/toolchain/14_2_Rel1/bin/../lib/gcc/arm-none-eabi/14.2.1/../../../../arm-none-eabi/lib/thumb/v8-m.main+fp/softfp/libg.a(libc_a-mallocr.o)
                0x200015c0                __malloc_av_
 .data._impure_ptr
                0x200019c8        0x4 /home/user/.pico-sdk/toolchain/14_2_Rel1/bin/../lib/gcc/arm-none-eabi/14.2.1/../../../../arm-none-eabi/lib/thumb/v8-m.main+fp/softfp/libg.a(libc_a-impure.o)
                0x200019c8                _impure_ptr
 *fill*         0x200019cc        0x4 
 .data._impure_data
                0x200019d0      0x140 /home/user/.pico-sdk/toolchain/14_2_Rel1/bin/../lib/gcc/arm-none-eabi/14.2.1/../../../../arm-none-eabi/lib/thumb/v8-m.main+fp/softfp/libg.a(libc_a-impure.o)
                0x200019d0                _impure_data
 *(.sdata*)
                0x20001b10                        . = ALIGN (0x4)
 *(.after_data.*)
                0x20001b10                        . = ALIGN (0x4)
                0x20001b10                        PROVIDE (__mutex_array_start = .)
 *(SORT_BY_NAME(.mutex_array.*))
 *(.mutex_array)
 .mutex_array   0x20001b10        0x8 CMakeFiles/proj-pico2w.dir/home/user/.pico-sdk/sdk/2.1.1/src/rp2_common/pico_stdio/stdio.c.o
                0x20001b18                        PROVIDE (__mutex_array_end = .)
 *(.jcr)
                0x20001b18                        . = ALIGN (0x4)

.tm_clone_table
                0x20001b18        0x0 load address 0x10006648
 .tm_clone_table
                0x20001b18        0x0 /home/user/.pico-sdk/toolchain/14_2_Rel1/bin/../lib/gcc/arm-none-eabi/14.2.1/thumb/v8-m.main+fp/softfp/crtbegin.o
 .tm_clone_table
                0x20001b18        0x0 /home/user/.pico-sdk/toolchain/14_2_Rel1/bin/../lib/gcc/arm-none-eabi/14.2.1/thumb/v8-m.main+fp/softfp/crtend.o

.igot.plt       0x20001b18        0x0 load address 0x10006648
 .igot.plt      0x20001b18        0x0 /home/user/.pico-sdk/toolchain/14_2_Rel1/bin/../lib/gcc/arm-none-eabi/14.2.1/thumb/v8-m.main+fp/softfp/crtbegin.o

.tdata          0x20001b18        0x0 load address 0x10006648
                0x20001b18                        . = ALIGN (0x4)
 *(.tdata .tdata.* .gnu.linkonce.td.*)
                0x20001b18                        __tdata_end = .
                0x20001b18                        PROVIDE (__data_end__ = .)
                0x10004c40                        __etext = LOADADDR (.data)

.tbss           0x20001b18        0x0 load address 0x10006648
                0x20001b18                        . = ALIGN (0x4)
                0x20001b18                        __bss_start__ = .
                0x20001b18                        __tls_base = .
 *(.tbss .tbss.* .gnu.linkonce.tb.*)
 *(.tcommon)
                0x20001b18                        __tls_end = .

.bss            0x20001b18      0x3a8 load address 0x10006648
                0x20001b18                        . = ALIGN (0x4)
                0x20001b18                        __tbss_end = .
 *(SORT_BY_ALIGNMENT(SORT_BY_NAME(.bss*)))
 .bss.default_alarm_pool_entries
                0x20001b18      0x180 CMakeFiles/proj-pico2w.dir/home/user/.pico-sdk/sdk/2.1.1/src/common/pico_time/time.c.o
 .bss.__lock___malloc_recursive_mutex
                0x20001c98        0x1 /home/user/.pico-sdk/toolchain/14_2_Rel1/bin/../lib/gcc/arm-none-eabi/14.2.1/../../../../arm-none-eabi/lib/thumb/v8-m.main+fp/softfp/libg.a(libc_a-lock.o)
                0x20001c98                __lock___malloc_recursive_mutex
 *fill*         0x20001c99        0x3 
 .bss.__malloc_current_mallinfo
                0x20001c9c       0x28 /home/user/.pico-sdk/toolchain/14_2_Rel1/bin/../lib/gcc/arm-none-eabi/14.2.1/../../../../arm-none-eabi/lib/thumb/v8-m.main+fp/softfp/libg.a(libc_a-mallocr.o)
                0x20001c9c                __malloc_current_mallinfo
 .bss.__malloc_max_sbrked_mem
                0x20001cc4        0x4 /home/user/.pico-sdk/toolchain/14_2_Rel1/bin/../lib/gcc/arm-none-eabi/14.2.1/../../../../arm-none-eabi/lib/thumb/v8-m.main+fp/softfp/libg.a(libc_a-mallocr.o)
                0x20001cc4                __malloc_max_sbrked_mem
 .bss.__malloc_max_total_mem
                0x20001cc8        0x4 /home/user/.pico-sdk/toolchain/14_2_Rel1/bin/../lib/gcc/arm-none-eabi/14.2.1/../../../../arm-none-eabi/lib/thumb/v8-m.main+fp/softfp/libg.a(libc_a-mallocr.o)
                0x20001cc8                __malloc_max_total_mem
 .bss.__malloc_top_pad
                0x20001ccc        0x4 /home/user/.pico-sdk/toolchain/14_2_Rel1/bin/../lib/gcc/arm-none-eabi/14.2.1/../../../../arm-none-eabi/lib/thumb/v8-m.main+fp/softfp/libg.a(libc_a-mallocr.o)
                0x20001ccc                __malloc_top_pad
 .bss.__sf      0x20001cd0      0x138 /home/user/.pico-sdk/toolchain/14_2_Rel1/bin/../lib/gcc/arm-none-eabi/14.2.1/../../../../arm-none-eabi/lib/thumb/v8-m.main+fp/softfp/libg.a(libc_a-findfp.o)
                0x20001cd0                __sf
 .bss._sw_spin_locks
                0x20001e08       0x20 CMakeFiles/proj-pico2w.dir/home/user/.pico-sdk/sdk/2.1.1/src/rp2_common/hardware_sync_spin_lock/sync_spin_lock.c.o
                0x20001e08                _sw_spin_locks
 .bss.chars_available_callback
                0x20001e28        0x4 CMakeFiles/proj-pico2w.dir/home/user/.pico-sdk/sdk/2.1.1/src/rp2_common/pico_stdio_uart/stdio_uart.c.o
 .bss.chars_available_param
                0x20001e2c        0x4 CMakeFiles/proj-pico2w.dir/home/user/.pico-sdk/sdk/2.1.1/src/rp2_common/pico_stdio_uart/stdio_uart.c.o
 .bss.claimed   0x20001e30        0x2 CMakeFiles/proj-pico2w.dir/home/user/.pico-sdk/sdk/2.1.1/src/rp2_common/hardware_timer/timer.c.o
 *fill*         0x20001e32        0x2 
 .bss.configured_freq
                0x20001e34       0x28 CMakeFiles/proj-pico2w.dir/home/user/.pico-sdk/sdk/2.1.1/src/rp2_common/hardware_clocks/clocks.c.o
 .bss.drivers   0x20001e5c        0x4 CMakeFiles/proj-pico2w.dir/home/user/.pico-sdk/sdk/2.1.1/src/rp2_common/pico_stdio/stdio.c.o
 .bss.errno     0x20001e60        0x4 /home/user/.pico-sdk/toolchain/14_2_Rel1/bin/../lib/gcc/arm-none-eabi/14.2.1/../../../../arm-none-eabi/lib/thumb/v8-m.main+fp/softfp/libg.a(libc_a-reent.o)
                0x20001e60                errno
 .bss.filter    0x20001e64        0x4 CMakeFiles/proj-pico2w.dir/home/user/.pico-sdk/sdk/2.1.1/src/rp2_common/pico_stdio/stdio.c.o
 .bss.heap_end.0
                0x20001e68        0x4 CMakeFiles/proj-pico2w.dir/home/user/.pico-sdk/sdk/2.1.1/src/rp2_common/pico_clib_interface/newlib_interface.c.o
 .bss.lazy_vsnprintf
                0x20001e6c        0x4 CMakeFiles/proj-pico2w.dir/home/user/.pico-sdk/sdk/2.1.1/src/rp2_common/pico_printf/printf.c.o
 .bss.object.0  0x20001e70       0x18 /home/user/.pico-sdk/toolchain/14_2_Rel1/bin/../lib/gcc/arm-none-eabi/14.2.1/thumb/v8-m.main+fp/softfp/crtbegin.o
 .bss.pools     0x20001e88       0x20 CMakeFiles/proj-pico2w.dir/home/user/.pico-sdk/sdk/2.1.1/src/common/pico_time/time.c.o
 .bss.retrieved_id
                0x20001ea8        0x8 CMakeFiles/proj-pico2w.dir/home/user/.pico-sdk/sdk/2.1.1/src/rp2_common/pico_unique_id/unique_id.c.o
 .bss.sleep_notifier
                0x20001eb0        0x4 CMakeFiles/proj-pico2w.dir/home/user/.pico-sdk/sdk/2.1.1/src/common/pico_time/time.c.o
 .bss.uart_char_to_line_feed
                0x20001eb4        0x4 CMakeFiles/proj-pico2w.dir/home/user/.pico-sdk/sdk/2.1.1/src/rp2_common/hardware_uart/uart.c.o
                0x20001eb4                uart_char_to_line_feed
 .bss.uart_instance
                0x20001eb8        0x4 CMakeFiles/proj-pico2w.dir/home/user/.pico-sdk/sdk/2.1.1/src/rp2_common/pico_stdio_uart/stdio_uart.c.o
 .bss.irq_handler_chain_free_slot_head
                0x20001ebc        0x1 CMakeFiles/proj-pico2w.dir/home/user/.pico-sdk/sdk/2.1.1/src/rp2_common/hardware_irq/irq.c.o
 *(COMMON)
                [!provide]                        PROVIDE (__global_pointer$ = (. + 0x800))
 *(.sbss*)
                0x20001ec0                        . = ALIGN (0x4)
 *fill*         0x20001ebd        0x3 
                0x20001ec0                        __bss_end__ = .

.heap           0x20001ec0      0x800 load address 0x10006648
                0x20001ec0                        __end__ = .
                0x20001ec0                        end = __end__
 *(.heap*)
 .heap          0x20001ec0      0x800 CMakeFiles/proj-pico2w.dir/home/user/.pico-sdk/sdk/2.1.1/src/rp2_common/pico_crt0/crt0.S.o
                0x20080000                        __HeapLimit = (ORIGIN (RAM) + LENGTH (RAM))

.scratch_x      0x20080000        0x0 load address 0x10006648
                0x20080000                        __scratch_x_start__ = .
 *(.scratch_x.*)
                0x20080000                        . = ALIGN (0x4)
                0x20080000                        __scratch_x_end__ = .
                0x10006648                        __scratch_x_source__ = LOADADDR (.scratch_x)

.scratch_y      0x20081000        0x0 load address 0x10006648
                0x20081000                        __scratch_y_start__ = .
 *(.scratch_y.*)
                0x20081000                        . = ALIGN (0x4)
                0x20081000                        __scratch_y_end__ = .
                0x10006648                        __scratch_y_source__ = LOADADDR (.scratch_y)

.stack1_dummy
 *(.stack1*)

.stack_dummy    0x20081000      0x800
 *(.stack*)
 .stack         0x20081000      0x800 CMakeFiles/proj-pico2w.dir/home/user/.pico-sdk/sdk/2.1.1/src/rp2_common/pico_crt0/crt0.S.o

.flash_end      0x10006648       0x14
 *(.embedded_end_block*)
 .embedded_end_block
                0x10006648       0x14 CMakeFiles/proj-pico2w.dir/home/user/.pico-sdk/sdk/2.1.1/src/rp2_common/pico_crt0/crt0.S.o
                0x1000665c                        PROVIDE (__flash_binary_end = .)
                0x20080000                        __StackLimit = (ORIGIN (RAM) + LENGTH (RAM))
                0x20081000                        __StackOneTop = (ORIGIN (SCRATCH_X) + LENGTH (SCRATCH_X))
                0x20082000                        __StackTop = (ORIGIN (SCRATCH_Y) + LENGTH (SCRATCH_Y))
                0x20081000                        __StackOneBottom = (__StackOneTop - SIZEOF (.stack1_dummy))
                0x20081800                        __StackBottom = (__StackTop - SIZEOF (.stack_dummy))
                0x20082000                        PROVIDE (__stack = __StackTop)
                [!provide]                        PROVIDE (__heap_start = __end__)
                [!provide]                        PROVIDE (__heap_end = __HeapLimit)
                [!provide]                        PROVIDE (__tls_align = MAX (ALIGNOF (.tdata), ALIGNOF (.tbss)))
                [!provide]                        PROVIDE (__tls_size_align = (((__tls_size + __tls_align) - 0x1) & ~ ((__tls_align - 0x1))))
                [!provide]                        PROVIDE (__arm32_tls_tcb_offset = MAX (0x8, __tls_align))
                [!provide]                        PROVIDE (_end = __end__)
                [!provide]                        PROVIDE (__llvm_libc_heap_limit = __HeapLimit)
                0x00000001                        ASSERT ((__StackLimit >= __HeapLimit), region RAM overflowed)
                0x00000001                        ASSERT (((__binary_info_header_end - __logical_binary_start) <= 0x400), Binary info must be in first 1024 bytes of the binary)
                0x00000001                        ASSERT (((__embedded_block_end - __logical_binary_start) <= 0x1000), Embedded block must be in first 4096 bytes of the binary)
LOAD CMakeFiles/proj-pico2w.dir/proj-pico2w.cpp.o
LOAD CMakeFiles/proj-pico2w.dir/home/user/.pico-sdk/sdk/2.1.1/src/rp2_common/pico_stdlib/stdlib.c.o
LOAD CMakeFiles/proj-pico2w.dir/home/user/.pico-sdk/sdk/2.1.1/src/rp2_common/hardware_gpio/gpio.c.o
LOAD CMakeFiles/proj-pico2w.dir/home/user/.pico-sdk/sdk/2.1.1/src/rp2350/pico_platform/platform.c.o
LOAD CMakeFiles/proj-pico2w.dir/home/user/.pico-sdk/sdk/2.1.1/src/rp2_common/pico_platform_panic/panic.c.o
LOAD CMakeFiles/proj-pico2w.dir/home/user/.pico-sdk/sdk/2.1.1/src/common/hardware_claim/claim.c.o
LOAD CMakeFiles/proj-pico2w.dir/home/user/.pico-sdk/sdk/2.1.1/src/rp2_common/hardware_sync/sync.c.o
LOAD CMakeFiles/proj-pico2w.dir/home/user/.pico-sdk/sdk/2.1.1/src/rp2_common/hardware_sync_spin_lock/sync_spin_lock.c.o
LOAD CMakeFiles/proj-pico2w.dir/home/user/.pico-sdk/sdk/2.1.1/src/rp2_common/hardware_irq/irq.c.o
LOAD CMakeFiles/proj-pico2w.dir/home/user/.pico-sdk/sdk/2.1.1/src/rp2_common/hardware_irq/irq_handler_chain.S.o
LOAD CMakeFiles/proj-pico2w.dir/home/user/.pico-sdk/sdk/2.1.1/src/common/pico_sync/sem.c.o
LOAD CMakeFiles/proj-pico2w.dir/home/user/.pico-sdk/sdk/2.1.1/src/common/pico_sync/lock_core.c.o
LOAD CMakeFiles/proj-pico2w.dir/home/user/.pico-sdk/sdk/2.1.1/src/common/pico_sync/mutex.c.o
LOAD CMakeFiles/proj-pico2w.dir/home/user/.pico-sdk/sdk/2.1.1/src/common/pico_sync/critical_section.c.o
LOAD CMakeFiles/proj-pico2w.dir/home/user/.pico-sdk/sdk/2.1.1/src/common/pico_time/time.c.o
LOAD CMakeFiles/proj-pico2w.dir/home/user/.pico-sdk/sdk/2.1.1/src/common/pico_time/timeout_helper.c.o
LOAD CMakeFiles/proj-pico2w.dir/home/user/.pico-sdk/sdk/2.1.1/src/rp2_common/hardware_timer/timer.c.o
LOAD CMakeFiles/proj-pico2w.dir/home/user/.pico-sdk/sdk/2.1.1/src/common/pico_util/datetime.c.o
LOAD CMakeFiles/proj-pico2w.dir/home/user/.pico-sdk/sdk/2.1.1/src/common/pico_util/pheap.c.o
LOAD CMakeFiles/proj-pico2w.dir/home/user/.pico-sdk/sdk/2.1.1/src/common/pico_util/queue.c.o
LOAD CMakeFiles/proj-pico2w.dir/home/user/.pico-sdk/sdk/2.1.1/src/rp2_common/hardware_uart/uart.c.o
LOAD CMakeFiles/proj-pico2w.dir/home/user/.pico-sdk/sdk/2.1.1/src/rp2_common/hardware_clocks/clocks.c.o
LOAD CMakeFiles/proj-pico2w.dir/home/user/.pico-sdk/sdk/2.1.1/src/rp2_common/hardware_pll/pll.c.o
LOAD CMakeFiles/proj-pico2w.dir/home/user/.pico-sdk/sdk/2.1.1/src/rp2_common/hardware_vreg/vreg.c.o
LOAD CMakeFiles/proj-pico2w.dir/home/user/.pico-sdk/sdk/2.1.1/src/rp2_common/hardware_watchdog/watchdog.c.o
LOAD CMakeFiles/proj-pico2w.dir/home/user/.pico-sdk/sdk/2.1.1/src/rp2_common/hardware_ticks/ticks.c.o
LOAD CMakeFiles/proj-pico2w.dir/home/user/.pico-sdk/sdk/2.1.1/src/rp2_common/pico_bootrom/bootrom.c.o
LOAD CMakeFiles/proj-pico2w.dir/home/user/.pico-sdk/sdk/2.1.1/src/rp2_common/pico_bootrom/bootrom_lock.c.o
LOAD CMakeFiles/proj-pico2w.dir/home/user/.pico-sdk/sdk/2.1.1/src/rp2_common/hardware_boot_lock/boot_lock.c.o
LOAD CMakeFiles/proj-pico2w.dir/home/user/.pico-sdk/sdk/2.1.1/src/rp2_common/pico_flash/flash.c.o
LOAD CMakeFiles/proj-pico2w.dir/home/user/.pico-sdk/sdk/2.1.1/src/rp2_common/hardware_xosc/xosc.c.o
LOAD CMakeFiles/proj-pico2w.dir/home/user/.pico-sdk/sdk/2.1.1/src/rp2_common/hardware_divider/divider.c.o
LOAD CMakeFiles/proj-pico2w.dir/home/user/.pico-sdk/sdk/2.1.1/src/rp2_common/pico_runtime/runtime.c.o
LOAD CMakeFiles/proj-pico2w.dir/home/user/.pico-sdk/sdk/2.1.1/src/rp2_common/pico_runtime_init/runtime_init.c.o
LOAD CMakeFiles/proj-pico2w.dir/home/user/.pico-sdk/sdk/2.1.1/src/rp2_common/pico_runtime_init/runtime_init_clocks.c.o
LOAD CMakeFiles/proj-pico2w.dir/home/user/.pico-sdk/sdk/2.1.1/src/rp2_common/pico_runtime_init/runtime_init_stack_guard.c.o
LOAD CMakeFiles/proj-pico2w.dir/home/user/.pico-sdk/sdk/2.1.1/src/rp2_common/pico_bit_ops/bit_ops_aeabi.S.o
LOAD CMakeFiles/proj-pico2w.dir/home/user/.pico-sdk/sdk/2.1.1/src/rp2_common/pico_divider/divider_compiler.c.o
LOAD CMakeFiles/proj-pico2w.dir/home/user/.pico-sdk/sdk/2.1.1/src/rp2_common/pico_double/double_math.c.o
LOAD CMakeFiles/proj-pico2w.dir/home/user/.pico-sdk/sdk/2.1.1/src/rp2_common/pico_double/double_aeabi_dcp.S.o
LOAD CMakeFiles/proj-pico2w.dir/home/user/.pico-sdk/sdk/2.1.1/src/rp2_common/pico_double/double_fma_dcp.S.o
LOAD CMakeFiles/proj-pico2w.dir/home/user/.pico-sdk/sdk/2.1.1/src/rp2_common/pico_double/double_sci_m33.S.o
LOAD CMakeFiles/proj-pico2w.dir/home/user/.pico-sdk/sdk/2.1.1/src/rp2_common/pico_double/double_conv_m33.S.o
LOAD CMakeFiles/proj-pico2w.dir/home/user/.pico-sdk/sdk/2.1.1/src/rp2_common/pico_float/float_math.c.o
LOAD CMakeFiles/proj-pico2w.dir/home/user/.pico-sdk/sdk/2.1.1/src/rp2_common/pico_float/float_conv32_vfp.S.o
LOAD CMakeFiles/proj-pico2w.dir/home/user/.pico-sdk/sdk/2.1.1/src/rp2_common/pico_float/float_common_m33.S.o
LOAD CMakeFiles/proj-pico2w.dir/home/user/.pico-sdk/sdk/2.1.1/src/rp2_common/pico_float/float_sci_m33_vfp.S.o
LOAD CMakeFiles/proj-pico2w.dir/home/user/.pico-sdk/sdk/2.1.1/src/rp2_common/pico_malloc/malloc.c.o
LOAD CMakeFiles/proj-pico2w.dir/home/user/.pico-sdk/sdk/2.1.1/src/rp2_common/pico_atomic/atomic.c.o
LOAD CMakeFiles/proj-pico2w.dir/home/user/.pico-sdk/sdk/2.1.1/src/rp2_common/pico_cxx_options/new_delete.cpp.o
LOAD CMakeFiles/proj-pico2w.dir/home/user/.pico-sdk/sdk/2.1.1/src/rp2_common/pico_standard_binary_info/standard_binary_info.c.o
LOAD CMakeFiles/proj-pico2w.dir/home/user/.pico-sdk/sdk/2.1.1/src/rp2_common/pico_printf/printf.c.o
LOAD CMakeFiles/proj-pico2w.dir/home/user/.pico-sdk/sdk/2.1.1/src/rp2_common/pico_crt0/crt0.S.o
LOAD CMakeFiles/proj-pico2w.dir/home/user/.pico-sdk/sdk/2.1.1/src/rp2_common/pico_clib_interface/newlib_interface.c.o
LOAD CMakeFiles/proj-pico2w.dir/home/user/.pico-sdk/sdk/2.1.1/src/rp2_common/pico_stdio/stdio.c.o
LOAD CMakeFiles/proj-pico2w.dir/home/user/.pico-sdk/sdk/2.1.1/src/rp2_common/pico_stdio_uart/stdio_uart.c.o
LOAD CMakeFiles/proj-pico2w.dir/home/user/.pico-sdk/sdk/2.1.1/src/rp2_common/hardware_i2c/i2c.c.o
LOAD CMakeFiles/proj-pico2w.dir/home/user/.pico-sdk/sdk/2.1.1/src/rp2_common/pico_cyw43_arch/cyw43_arch.c.o
LOAD CMakeFiles/proj-pico2w.dir/home/user/.pico-sdk/sdk/2.1.1/src/rp2_common/pico_cyw43_arch/cyw43_arch_poll.c.o
LOAD CMakeFiles/proj-pico2w.dir/home/user/.pico-sdk/sdk/2.1.1/src/rp2_common/pico_cyw43_arch/cyw43_arch_threadsafe_background.c.o
LOAD CMakeFiles/proj-pico2w.dir/home/user/.pico-sdk/sdk/2.1.1/src/rp2_common/pico_cyw43_arch/cyw43_arch_freertos.c.o
LOAD CMakeFiles/proj-pico2w.dir/home/user/.pico-sdk/sdk/2.1.1/src/rp2_common/pico_unique_id/unique_id.c.o
LOAD CMakeFiles/proj-pico2w.dir/home/user/.pico-sdk/sdk/2.1.1/src/rp2_common/hardware_flash/flash.c.o
LOAD CMakeFiles/proj-pico2w.dir/home/user/.pico-sdk/sdk/2.1.1/src/rp2_common/hardware_xip_cache/xip_cache.c.o
LOAD CMakeFiles/proj-pico2w.dir/home/user/.pico-sdk/sdk/2.1.1/src/rp2_common/pico_cyw43_driver/cyw43_bus_pio_spi.c.o
LOAD CMakeFiles/proj-pico2w.dir/home/user/.pico-sdk/sdk/2.1.1/lib/cyw43-driver/src/cyw43_ll.c.o
LOAD CMakeFiles/proj-pico2w.dir/home/user/.pico-sdk/sdk/2.1.1/lib/cyw43-driver/src/cyw43_stats.c.o
LOAD CMakeFiles/proj-pico2w.dir/home/user/.pico-sdk/sdk/2.1.1/lib/cyw43-driver/src/cyw43_lwip.c.o
LOAD CMakeFiles/proj-pico2w.dir/home/user/.pico-sdk/sdk/2.1.1/lib/cyw43-driver/src/cyw43_ctrl.c.o
LOAD CMakeFiles/proj-pico2w.dir/home/user/.pico-sdk/sdk/2.1.1/src/rp2_common/pico_cyw43_driver/cybt_shared_bus/cybt_shared_bus.c.o
LOAD CMakeFiles/proj-pico2w.dir/home/user/.pico-sdk/sdk/2.1.1/src/rp2_common/pico_cyw43_driver/cybt_shared_bus/cybt_shared_bus_driver.c.o
LOAD CMakeFiles/proj-pico2w.dir/home/user/.pico-sdk/sdk/2.1.1/src/rp2_common/hardware_pio/pio.c.o
LOAD CMakeFiles/proj-pico2w.dir/home/user/.pico-sdk/sdk/2.1.1/src/rp2_common/hardware_dma/dma.c.o
LOAD CMakeFiles/proj-pico2w.dir/home/user/.pico-sdk/sdk/2.1.1/src/rp2_common/hardware_exception/exception.c.o
LOAD CMakeFiles/proj-pico2w.dir/home/user/.pico-sdk/sdk/2.1.1/src/rp2_common/pico_cyw43_driver/cyw43_driver.c.o
LOAD CMakeFiles/proj-pico2w.dir/home/user/.pico-sdk/sdk/2.1.1/src/rp2_common/pico_async_context/async_context_threadsafe_background.c.o
LOAD CMakeFiles/proj-pico2w.dir/home/user/.pico-sdk/sdk/2.1.1/src/rp2_common/pico_async_context/async_context_base.c.o
LOAD CMakeFiles/proj-pico2w.dir/lib/pico-ssd1306/ssd1306.c.o
LOAD pico-sdk/src/rp2350/boot_stage2/CMakeFiles/bs2_default_library.dir/./bs2_default_padded_checksummed.S.o
LOAD libpico_ssd1306.a
LOAD /home/user/.pico-sdk/toolchain/14_2_Rel1/bin/../lib/gcc/arm-none-eabi/14.2.1/../../../../arm-none-eabi/lib/thumb/v8-m.main+fp/softfp/libstdc++.a
LOAD /home/user/.pico-sdk/toolchain/14_2_Rel1/bin/../lib/gcc/arm-none-eabi/14.2.1/../../../../arm-none-eabi/lib/thumb/v8-m.main+fp/softfp/libm.a
START GROUP
LOAD /home/user/.pico-sdk/toolchain/14_2_Rel1/bin/../lib/gcc/arm-none-eabi/14.2.1/thumb/v8-m.main+fp/softfp/libgcc.a
LOAD /home/user/.pico-sdk/toolchain/14_2_Rel1/bin/../lib/gcc/arm-none-eabi/14.2.1/../../../../arm-none-eabi/lib/thumb/v8-m.main+fp/softfp/libg.a
LOAD /home/user/.pico-sdk/toolchain/14_2_Rel1/bin/../lib/gcc/arm-none-eabi/14.2.1/../../../../arm-none-eabi/lib/thumb/v8-m.main+fp/softfp/libc.a
END GROUP
START GROUP
LOAD /home/user/.pico-sdk/toolchain/14_2_Rel1/bin/../lib/gcc/arm-none-eabi/14.2.1/thumb/v8-m.main+fp/softfp/libgcc.a
LOAD /home/user/.pico-sdk/toolchain/14_2_Rel1/bin/../lib/gcc/arm-none-eabi/14.2.1/../../../../arm-none-eabi/lib/thumb/v8-m.main+fp/softfp/libc.a
LOAD /home/user/.pico-sdk/toolchain/14_2_Rel1/bin/../lib/gcc/arm-none-eabi/14.2.1/../../../../arm-none-eabi/lib/thumb/v8-m.main+fp/softfp/libnosys.a
END GROUP
LOAD /home/user/.pico-sdk/toolchain/14_2_Rel1/bin/../lib/gcc/arm-none-eabi/14.2.1/thumb/v8-m.main+fp/softfp/crtend.o
LOAD /home/user/.pico-sdk/toolchain/14_2_Rel1/bin/../lib/gcc/arm-none-eabi/14.2.1/thumb/v8-m.main+fp/softfp/crtn.o
OUTPUT(proj-pico2w.elf elf32-littlearm)
LOAD linker stubs

.rel.dyn        0x1000665c        0x0
 .rel.iplt      0x1000665c        0x0 /home/user/.pico-sdk/toolchain/14_2_Rel1/bin/../lib/gcc/arm-none-eabi/14.2.1/thumb/v8-m.main+fp/softfp/crtbegin.o

.ARM.attributes
                0x00000000       0x34
 .ARM.attributes
                0x00000000       0x26 /home/user/.pico-sdk/toolchain/14_2_Rel1/bin/../lib/gcc/arm-none-eabi/14.2.1/thumb/v8-m.main+fp/softfp/crti.o
 .ARM.attributes
                0x00000026       0x36 /home/user/.pico-sdk/toolchain/14_2_Rel1/bin/../lib/gcc/arm-none-eabi/14.2.1/thumb/v8-m.main+fp/softfp/crtbegin.o
 .ARM.attributes
                0x0000005c       0x38 CMakeFiles/proj-pico2w.dir/proj-pico2w.cpp.o
 .ARM.attributes
                0x00000094       0x38 CMakeFiles/proj-pico2w.dir/home/user/.pico-sdk/sdk/2.1.1/src/rp2_common/hardware_gpio/gpio.c.o
 .ARM.attributes
                0x000000cc       0x38 CMakeFiles/proj-pico2w.dir/home/user/.pico-sdk/sdk/2.1.1/src/rp2_common/pico_platform_panic/panic.c.o
 .ARM.attributes
                0x00000104       0x38 CMakeFiles/proj-pico2w.dir/home/user/.pico-sdk/sdk/2.1.1/src/common/hardware_claim/claim.c.o
 .ARM.attributes
                0x0000013c       0x38 CMakeFiles/proj-pico2w.dir/home/user/.pico-sdk/sdk/2.1.1/src/rp2_common/hardware_sync/sync.c.o
 .ARM.attributes
                0x00000174       0x38 CMakeFiles/proj-pico2w.dir/home/user/.pico-sdk/sdk/2.1.1/src/rp2_common/hardware_sync_spin_lock/sync_spin_lock.c.o
 .ARM.attributes
                0x000001ac       0x38 CMakeFiles/proj-pico2w.dir/home/user/.pico-sdk/sdk/2.1.1/src/rp2_common/hardware_irq/irq.c.o
 .ARM.attributes
                0x000001e4       0x28 CMakeFiles/proj-pico2w.dir/home/user/.pico-sdk/sdk/2.1.1/src/rp2_common/hardware_irq/irq_handler_chain.S.o
 .ARM.attributes
                0x0000020c       0x38 CMakeFiles/proj-pico2w.dir/home/user/.pico-sdk/sdk/2.1.1/src/common/pico_sync/lock_core.c.o
 .ARM.attributes
                0x00000244       0x38 CMakeFiles/proj-pico2w.dir/home/user/.pico-sdk/sdk/2.1.1/src/common/pico_sync/mutex.c.o
 .ARM.attributes
                0x0000027c       0x38 CMakeFiles/proj-pico2w.dir/home/user/.pico-sdk/sdk/2.1.1/src/common/pico_time/time.c.o
 .ARM.attributes
                0x000002b4       0x38 CMakeFiles/proj-pico2w.dir/home/user/.pico-sdk/sdk/2.1.1/src/rp2_common/hardware_timer/timer.c.o
 .ARM.attributes
                0x000002ec       0x38 CMakeFiles/proj-pico2w.dir/home/user/.pico-sdk/sdk/2.1.1/src/rp2_common/hardware_uart/uart.c.o
 .ARM.attributes
                0x00000324       0x38 CMakeFiles/proj-pico2w.dir/home/user/.pico-sdk/sdk/2.1.1/src/rp2_common/hardware_clocks/clocks.c.o
 .ARM.attributes
                0x0000035c       0x38 CMakeFiles/proj-pico2w.dir/home/user/.pico-sdk/sdk/2.1.1/src/rp2_common/hardware_pll/pll.c.o
 .ARM.attributes
                0x00000394       0x38 CMakeFiles/proj-pico2w.dir/home/user/.pico-sdk/sdk/2.1.1/src/rp2_common/hardware_ticks/ticks.c.o
 .ARM.attributes
                0x000003cc       0x38 CMakeFiles/proj-pico2w.dir/home/user/.pico-sdk/sdk/2.1.1/src/rp2_common/pico_bootrom/bootrom.c.o
 .ARM.attributes
                0x00000404       0x38 CMakeFiles/proj-pico2w.dir/home/user/.pico-sdk/sdk/2.1.1/src/rp2_common/pico_bootrom/bootrom_lock.c.o
 .ARM.attributes
                0x0000043c       0x38 CMakeFiles/proj-pico2w.dir/home/user/.pico-sdk/sdk/2.1.1/src/rp2_common/hardware_boot_lock/boot_lock.c.o
 .ARM.attributes
                0x00000474       0x38 CMakeFiles/proj-pico2w.dir/home/user/.pico-sdk/sdk/2.1.1/src/rp2_common/hardware_xosc/xosc.c.o
 .ARM.attributes
                0x000004ac       0x38 CMakeFiles/proj-pico2w.dir/home/user/.pico-sdk/sdk/2.1.1/src/rp2_common/pico_runtime/runtime.c.o
 .ARM.attributes
                0x000004e4       0x38 CMakeFiles/proj-pico2w.dir/home/user/.pico-sdk/sdk/2.1.1/src/rp2_common/pico_runtime_init/runtime_init.c.o
 .ARM.attributes
                0x0000051c       0x38 CMakeFiles/proj-pico2w.dir/home/user/.pico-sdk/sdk/2.1.1/src/rp2_common/pico_runtime_init/runtime_init_clocks.c.o
 .ARM.attributes
                0x00000554       0x28 CMakeFiles/proj-pico2w.dir/home/user/.pico-sdk/sdk/2.1.1/src/rp2_common/pico_double/double_aeabi_dcp.S.o
 .ARM.attributes
                0x0000057c       0x38 CMakeFiles/proj-pico2w.dir/home/user/.pico-sdk/sdk/2.1.1/src/rp2_common/pico_malloc/malloc.c.o
 .ARM.attributes
                0x000005b4       0x38 CMakeFiles/proj-pico2w.dir/home/user/.pico-sdk/sdk/2.1.1/src/rp2_common/pico_standard_binary_info/standard_binary_info.c.o
 .ARM.attributes
                0x000005ec       0x38 CMakeFiles/proj-pico2w.dir/home/user/.pico-sdk/sdk/2.1.1/src/rp2_common/pico_printf/printf.c.o
 .ARM.attributes
                0x00000624       0x28 CMakeFiles/proj-pico2w.dir/home/user/.pico-sdk/sdk/2.1.1/src/rp2_common/pico_crt0/crt0.S.o
 .ARM.attributes
                0x0000064c       0x38 CMakeFiles/proj-pico2w.dir/home/user/.pico-sdk/sdk/2.1.1/src/rp2_common/pico_clib_interface/newlib_interface.c.o
 .ARM.attributes
                0x00000684       0x38 CMakeFiles/proj-pico2w.dir/home/user/.pico-sdk/sdk/2.1.1/src/rp2_common/pico_stdio/stdio.c.o
 .ARM.attributes
                0x000006bc       0x38 CMakeFiles/proj-pico2w.dir/home/user/.pico-sdk/sdk/2.1.1/src/rp2_common/pico_stdio_uart/stdio_uart.c.o
 .ARM.attributes
                0x000006f4       0x38 CMakeFiles/proj-pico2w.dir/home/user/.pico-sdk/sdk/2.1.1/src/rp2_common/hardware_i2c/i2c.c.o
 .ARM.attributes
                0x0000072c       0x38 CMakeFiles/proj-pico2w.dir/home/user/.pico-sdk/sdk/2.1.1/src/rp2_common/pico_unique_id/unique_id.c.o
 .ARM.attributes
                0x00000764       0x38 CMakeFiles/proj-pico2w.dir/lib/pico-ssd1306/ssd1306.c.o
 .ARM.attributes
                0x0000079c       0x26 /home/user/.pico-sdk/toolchain/14_2_Rel1/bin/../lib/gcc/arm-none-eabi/14.2.1/thumb/v8-m.main+fp/softfp/libgcc.a(_aeabi_uldivmod.o)
 .ARM.attributes
                0x000007c2       0x36 /home/user/.pico-sdk/toolchain/14_2_Rel1/bin/../lib/gcc/arm-none-eabi/14.2.1/thumb/v8-m.main+fp/softfp/libgcc.a(_udivmoddi4.o)
 .ARM.attributes
                0x000007f8       0x36 /home/user/.pico-sdk/toolchain/14_2_Rel1/bin/../lib/gcc/arm-none-eabi/14.2.1/thumb/v8-m.main+fp/softfp/libgcc.a(unwind-arm.o)
 .ARM.attributes
                0x0000082e       0x26 /home/user/.pico-sdk/toolchain/14_2_Rel1/bin/../lib/gcc/arm-none-eabi/14.2.1/thumb/v8-m.main+fp/softfp/libgcc.a(libunwind.o)
 .ARM.attributes
                0x00000854       0x36 /home/user/.pico-sdk/toolchain/14_2_Rel1/bin/../lib/gcc/arm-none-eabi/14.2.1/thumb/v8-m.main+fp/softfp/libgcc.a(pr-support.o)
 .ARM.attributes
                0x0000088a       0x26 /home/user/.pico-sdk/toolchain/14_2_Rel1/bin/../lib/gcc/arm-none-eabi/14.2.1/thumb/v8-m.main+fp/softfp/libgcc.a(_dvmd_tls.o)
 .ARM.attributes
                0x000008b0       0x36 /home/user/.pico-sdk/toolchain/14_2_Rel1/bin/../lib/gcc/arm-none-eabi/14.2.1/../../../../arm-none-eabi/lib/thumb/v8-m.main+fp/softfp/libg.a(libc_a-abort.o)
 .ARM.attributes
                0x000008e6       0x36 /home/user/.pico-sdk/toolchain/14_2_Rel1/bin/../lib/gcc/arm-none-eabi/14.2.1/../../../../arm-none-eabi/lib/thumb/v8-m.main+fp/softfp/libg.a(libc_a-malloc.o)
 .ARM.attributes
                0x0000091c       0x36 /home/user/.pico-sdk/toolchain/14_2_Rel1/bin/../lib/gcc/arm-none-eabi/14.2.1/../../../../arm-none-eabi/lib/thumb/v8-m.main+fp/softfp/libg.a(libc_a-mallocr.o)
 .ARM.attributes
                0x00000952       0x36 /home/user/.pico-sdk/toolchain/14_2_Rel1/bin/../lib/gcc/arm-none-eabi/14.2.1/../../../../arm-none-eabi/lib/thumb/v8-m.main+fp/softfp/libg.a(libc_a-mlock.o)
 .ARM.attributes
                0x00000988       0x36 /home/user/.pico-sdk/toolchain/14_2_Rel1/bin/../lib/gcc/arm-none-eabi/14.2.1/../../../../arm-none-eabi/lib/thumb/v8-m.main+fp/softfp/libg.a(libc_a-memset.o)
 .ARM.attributes